11-05 11:08:18.138  1120  1120 D TaplEvents: TIS / TouchInteractionService.onInputEvent: MotionEvent { action=ACTION_UP, actionButton=0, id[0]=0, x[0]=719.95605, y[0]=1372.9504, toolType[0]=TOOL_TYPE_FINGER, buttonState=0, classification=NONE, metaState=0, flags=0x0, edgeFlags=0x0, pointerCount=1, historySize=0, eventTime=2619809, downTime=2619780, deviceId=7, source=0x5002, displayId=0, eventId=707913396 }
11-05 11:08:18.139  1120  1120 D TaplEvents: TIS / TouchInteractionService.onInputEvent: MotionEvent { action=ACTION_DOWN, actionButton=0, id[0]=0, x[0]=719.95605, y[0]=1160.9308, toolType[0]=TOOL_TYPE_FINGER, buttonState=0, classification=NONE, metaState=0, flags=0x0, edgeFlags=0x0, pointerCount=1, historySize=0, eventTime=2619809, downTime=2619809, deviceId=7, source=0x5002, displayId=0, eventId=643812225 }
11-05 11:08:18.190  1120  1120 D TaplEvents: TIS / TouchInteractionService.onInputEvent: MotionEvent { action=ACTION_UP, actionButton=0, id[0]=0, x[0]=718.9673, y[0]=2338.8574, toolType[0]=TOOL_TYPE_FINGER, buttonState=0, classification=NONE, metaState=0, flags=0x0, edgeFlags=0x0, pointerCount=1, historySize=0, eventTime=2619862, downTime=2619809, deviceId=7, source=0x5002, displayId=0, eventId=650207558 }
11-05 11:08:18.195  1120  1120 D TaplEvents: TIS / TouchInteractionService.onInputEvent: MotionEvent { action=ACTION_DOWN, actionButton=0, id[0]=0, x[0]=719.95605, y[0]=1160.9308, toolType[0]=TOOL_TYPE_FINGER, buttonState=0, classification=NONE, metaState=0, flags=0x0, edgeFlags=0x0, pointerCount=1, historySize=0, eventTime=2619863, downTime=2619863, deviceId=7, source=0x5002, displayId=0, eventId=1365470 }
11-05 11:08:18.232  1120  1120 D TaplEvents: TIS / TouchInteractionService.onInputEvent: MotionEvent { action=ACTION_UP, actionButton=0, id[0]=0, x[0]=718.9673, y[0]=2338.8574, toolType[0]=TOOL_TYPE_FINGER, buttonState=0, classification=NONE, metaState=0, flags=0x0, edgeFlags=0x0, pointerCount=1, historySize=0, eventTime=2619905, downTime=2619863, deviceId=7, source=0x5002, displayId=0, eventId=661756865 }
11-05 11:08:18.234  1120  1120 D TaplEvents: TIS / TouchInteractionService.onInputEvent: MotionEvent { action=ACTION_DOWN, actionButton=0, id[0]=0, x[0]=719.95605, y[0]=1160.9308, toolType[0]=TOOL_TYPE_FINGER, buttonState=0, classification=NONE, metaState=0, flags=0x0, edgeFlags=0x0, pointerCount=1, historySize=0, eventTime=2619905, downTime=2619905, deviceId=7, source=0x5002, displayId=0, eventId=736695747 }
11-05 11:08:18.290   768  1010 D EGL_emulation: app_time_stats: avg=106.97ms min=8.00ms max=1693.38ms count=21
11-05 11:08:18.324  1120  1120 D TaplEvents: TIS / TouchInteractionService.onInputEvent: MotionEvent { action=ACTION_UP, actionButton=0, id[0]=0, x[0]=718.9673, y[0]=2338.8574, toolType[0]=TOOL_TYPE_FINGER, buttonState=0, classification=NONE, metaState=0, flags=0x0, edgeFlags=0x0, pointerCount=1, historySize=0, eventTime=2619996, downTime=2619905, deviceId=7, source=0x5002, displayId=0, eventId=450219299 }
11-05 11:08:18.334  1120  1120 D TaplEvents: TIS / TouchInteractionService.onInputEvent: MotionEvent { action=ACTION_DOWN, actionButton=0, id[0]=0, x[0]=719.95605, y[0]=1160.9308, toolType[0]=TOOL_TYPE_FINGER, buttonState=0, classification=NONE, metaState=0, flags=0x0, edgeFlags=0x0, pointerCount=1, historySize=0, eventTime=2619996, downTime=2619996, deviceId=7, source=0x5002, displayId=0, eventId=658601786 }
11-05 11:08:18.630  1120  1120 D TaplEvents: TIS / TouchInteractionService.onInputEvent: MotionEvent { action=ACTION_UP, actionButton=0, id[0]=0, x[0]=718.9673, y[0]=2338.8574, toolType[0]=TOOL_TYPE_FINGER, buttonState=0, classification=NONE, metaState=0, flags=0x0, edgeFlags=0x0, pointerCount=1, historySize=0, eventTime=2620291, downTime=2619996, deviceId=7, source=0x5002, displayId=0, eventId=312955774 }
11-05 11:08:19.312   768  1010 D EGL_emulation: app_time_stats: avg=16.48ms min=6.47ms max=35.46ms count=44
11-05 11:08:20.116  1120  1120 D TaplEvents: TIS / TouchInteractionService.onInputEvent: MotionEvent { action=ACTION_DOWN, actionButton=0, id[0]=0, x[0]=719.95605, y[0]=1160.9308, toolType[0]=TOOL_TYPE_FINGER, buttonState=0, classification=NONE, metaState=0, flags=0x0, edgeFlags=0x0, pointerCount=1, historySize=0, eventTime=2621787, downTime=2621787, deviceId=7, source=0x5002, displayId=0, eventId=1063007259 }
11-05 11:08:20.166  1120  1120 D TaplEvents: TIS / TouchInteractionService.onInputEvent: MotionEvent { action=ACTION_UP, actionButton=0, id[0]=0, x[0]=719.95605, y[0]=549.93713, toolType[0]=TOOL_TYPE_FINGER, buttonState=0, classification=NONE, metaState=0, flags=0x0, edgeFlags=0x0, pointerCount=1, historySize=0, eventTime=2621835, downTime=2621787, deviceId=7, source=0x5002, displayId=0, eventId=432692086 }
11-05 11:08:20.167  1120  1120 D TaplEvents: TIS / TouchInteractionService.onInputEvent: MotionEvent { action=ACTION_DOWN, actionButton=0, id[0]=0, x[0]=719.95605, y[0]=1160.9308, toolType[0]=TOOL_TYPE_FINGER, buttonState=0, classification=NONE, metaState=0, flags=0x0, edgeFlags=0x0, pointerCount=1, historySize=0, eventTime=2621835, downTime=2621835, deviceId=7, source=0x5002, displayId=0, eventId=466323014 }
11-05 11:08:20.207  1120  1120 D TaplEvents: TIS / TouchInteractionService.onInputEvent: MotionEvent { action=ACTION_UP, actionButton=0, id[0]=0, x[0]=719.95605, y[0]=109.973145, toolType[0]=TOOL_TYPE_FINGER, buttonState=0, classification=NONE, metaState=0, flags=0x0, edgeFlags=0x0, pointerCount=1, historySize=0, eventTime=2621878, downTime=2621835, deviceId=7, source=0x5002, displayId=0, eventId=125623426 }
11-05 11:08:20.215  1120  1120 D TaplEvents: TIS / TouchInteractionService.onInputEvent: MotionEvent { action=ACTION_DOWN, actionButton=0, id[0]=0, x[0]=719.95605, y[0]=1160.9308, toolType[0]=TOOL_TYPE_FINGER, buttonState=0, classification=NONE, metaState=0, flags=0x0, edgeFlags=0x0, pointerCount=1, historySize=0, eventTime=2621878, downTime=2621878, deviceId=7, source=0x5002, displayId=0, eventId=738973232 }
11-05 11:08:20.352   768  1010 D EGL_emulation: app_time_stats: avg=25.10ms min=6.04ms max=82.11ms count=35
11-05 11:08:20.374   768  1034 D ControlsListingControllerImpl: Unsubscribing callback
11-05 11:08:20.384   768  1034 D ControlsListingControllerImpl: Subscribing callback, service count: 0
11-05 11:08:20.439   768  1010 D EGL_emulation: app_time_stats: avg=102.44ms min=2.80ms max=2541.56ms count=32
11-05 11:08:20.510  1120  1120 D TaplEvents: TIS / TouchInteractionService.onInputEvent: MotionEvent { action=ACTION_UP, actionButton=0, id[0]=0, x[0]=718.9673, y[0]=0.0, toolType[0]=TOOL_TYPE_FINGER, buttonState=0, classification=NONE, metaState=0, flags=0x0, edgeFlags=0x0, pointerCount=1, historySize=0, eventTime=2622180, downTime=2621878, deviceId=7, source=0x5002, displayId=0, eventId=961813463 }
11-05 11:08:20.644   768  1034 D ControlsListingControllerImpl: Unsubscribing callback
11-05 11:08:20.701   768  1034 D ControlsListingControllerImpl: Subscribing callback, service count: 0
11-05 11:08:20.728   768  1034 D ControlsListingControllerImpl: Unsubscribing callback
11-05 11:08:21.147  1120  1120 D TaplEvents: TIS / TouchInteractionService.onInputEvent: MotionEvent { action=ACTION_DOWN, actionButton=0, id[0]=0, x[0]=719.95605, y[0]=1160.9308, toolType[0]=TOOL_TYPE_FINGER, buttonState=0, classification=NONE, metaState=0, flags=0x0, edgeFlags=0x0, pointerCount=1, historySize=0, eventTime=2622817, downTime=2622817, deviceId=7, source=0x5002, displayId=0, eventId=931211591 }
11-05 11:08:21.150   369  6215 I resolv  : res_nsend: used send_dg 0 terrno: 110
11-05 11:08:21.157   369  6217 I resolv  : res_nsend: used send_dg 0 terrno: 110
11-05 11:08:21.157   369  6232 I resolv  : res_stats_usable_server: too many resolution errors, ignoring server
11-05 11:08:21.158   369  6232 I resolv  : res_stats_usable_server: too many resolution errors, ignoring server
11-05 11:08:21.163   369  6235 I resolv  : res_stats_usable_server: too many resolution errors, ignoring server
11-05 11:08:21.163   369  6224 I resolv  : res_stats_usable_server: too many resolution errors, ignoring server
11-05 11:08:21.163   369  6235 I resolv  : res_stats_usable_server: too many resolution errors, ignoring server
11-05 11:08:21.163   369  6224 I resolv  : res_stats_usable_server: too many resolution errors, ignoring server
11-05 11:08:21.168   369  6216 I resolv  : res_nsend: used send_dg 0 terrno: 110
11-05 11:08:21.174   369  6218 I resolv  : res_nsend: used send_dg 0 terrno: 110
11-05 11:08:21.173   841   841 W DnsResolver: resNetworkResult:android.system.ErrnoException: resNetworkResult failed: ETIMEDOUT (Connection timed out)
11-05 11:08:21.198   369  6236 I resolv  : res_stats_usable_server: too many resolution errors, ignoring server
11-05 11:08:21.198   369  6236 I resolv  : res_stats_usable_server: too many resolution errors, ignoring server
11-05 11:08:21.205   841   841 W DnsResolver: resNetworkResult:android.system.ErrnoException: resNetworkResult failed: ETIMEDOUT (Connection timed out)
11-05 11:08:21.207   369  6225 I resolv  : res_stats_usable_server: too many resolution errors, ignoring server
11-05 11:08:21.208   369  6233 I resolv  : res_stats_usable_server: too many resolution errors, ignoring server
11-05 11:08:21.208   369  6233 I resolv  : res_stats_usable_server: too many resolution errors, ignoring server
11-05 11:08:21.209   369  6225 I resolv  : res_stats_usable_server: too many resolution errors, ignoring server
11-05 11:08:21.219   841   841 W DnsResolver: resNetworkResult:android.system.ErrnoException: resNetworkResult failed: ETIMEDOUT (Connection timed out)
11-05 11:08:21.221   841   841 W DnsResolver: resNetworkResult:android.system.ErrnoException: resNetworkResult failed: ETIMEDOUT (Connection timed out)
11-05 11:08:21.250  1120  1120 D TaplEvents: TIS / TouchInteractionService.onInputEvent: MotionEvent { action=ACTION_UP, actionButton=0, id[0]=0, x[0]=719.95605, y[0]=1768.9252, toolType[0]=TOOL_TYPE_FINGER, buttonState=0, classification=NONE, metaState=0, flags=0x0, edgeFlags=0x0, pointerCount=1, historySize=0, eventTime=2622868, downTime=2622817, deviceId=7, source=0x5002, displayId=0, eventId=124568638 }
11-05 11:08:21.251  1120  1120 D TaplEvents: TIS / TouchInteractionService.onInputEvent: MotionEvent { action=ACTION_DOWN, actionButton=0, id[0]=0, x[0]=719.95605, y[0]=1160.9308, toolType[0]=TOOL_TYPE_FINGER, buttonState=0, classification=NONE, metaState=0, flags=0x0, edgeFlags=0x0, pointerCount=1, historySize=0, eventTime=2622868, downTime=2622868, deviceId=7, source=0x5002, displayId=0, eventId=730816840 }
11-05 11:08:21.268  1120  1120 D TaplEvents: TIS / TouchInteractionService.onInputEvent: MotionEvent { action=ACTION_UP, actionButton=0, id[0]=0, x[0]=718.9673, y[0]=2338.8574, toolType[0]=TOOL_TYPE_FINGER, buttonState=0, classification=NONE, metaState=0, flags=0x0, edgeFlags=0x0, pointerCount=1, historySize=0, eventTime=2622930, downTime=2622868, deviceId=7, source=0x5002, displayId=0, eventId=1067871304 }
11-05 11:08:21.292  1120  1120 D TaplEvents: TIS / TouchInteractionService.onInputEvent: MotionEvent { action=ACTION_DOWN, actionButton=0, id[0]=0, x[0]=719.95605, y[0]=1160.9308, toolType[0]=TOOL_TYPE_FINGER, buttonState=0, classification=NONE, metaState=0, flags=0x0, edgeFlags=0x0, pointerCount=1, historySize=0, eventTime=2622931, downTime=2622931, deviceId=7, source=0x5002, displayId=0, eventId=660348341 }
11-05 11:08:21.448   768  1010 D EGL_emulation: app_time_stats: avg=55.89ms min=22.54ms max=408.88ms count=19
11-05 11:08:21.467   768  1034 D ControlsListingControllerImpl: Subscribing callback, service count: 0
11-05 11:08:21.499   768  1010 D EGL_emulation: app_time_stats: avg=40.15ms min=5.05ms max=217.00ms count=23
11-05 11:08:21.550  1120  1120 D TaplEvents: TIS / TouchInteractionService.onInputEvent: MotionEvent { action=ACTION_UP, actionButton=0, id[0]=0, x[0]=718.9673, y[0]=2338.8574, toolType[0]=TOOL_TYPE_FINGER, buttonState=0, classification=NONE, metaState=0, flags=0x0, edgeFlags=0x0, pointerCount=1, historySize=0, eventTime=2623222, downTime=2622931, deviceId=7, source=0x5002, displayId=0, eventId=203996881 }
11-05 11:08:21.995   369  6220 I resolv  : res_nsend: used send_dg 0 terrno: 110
11-05 11:08:21.995   369  6220 I resolv  : doQuery: rcode=255, ancount=0, return value=-110
11-05 11:08:22.023   369  6221 I resolv  : res_nsend: used send_dg 0 terrno: 110
11-05 11:08:22.023   369  6221 I resolv  : doQuery: rcode=255, ancount=0, return value=-110
11-05 11:08:22.029  4377  4474 E WakeLock: GCM_HB_ALARM release without a matched acquire!
11-05 11:08:22.030  4377  4474 W WakeLock: GCM_HB_ALARM counter does not exist
11-05 11:08:22.031  1120  1120 D TaplEvents: TIS / TouchInteractionService.onInputEvent: MotionEvent { action=ACTION_DOWN, actionButton=0, id[0]=0, x[0]=719.95605, y[0]=1160.9308, toolType[0]=TOOL_TYPE_FINGER, buttonState=0, classification=NONE, metaState=0, flags=0x0, edgeFlags=0x0, pointerCount=1, historySize=0, eventTime=2623699, downTime=2623699, deviceId=7, source=0x5002, displayId=0, eventId=529075368 }
11-05 11:08:22.067  4377  4474 W WakeLock: GCM_CONN_ALARM counter does not exist
11-05 11:08:22.078  1120  1120 D TaplEvents: TIS / TouchInteractionService.onInputEvent: MotionEvent { action=ACTION_UP, actionButton=0, id[0]=0, x[0]=719.95605, y[0]=1768.9252, toolType[0]=TOOL_TYPE_FINGER, buttonState=0, classification=NONE, metaState=0, flags=0x0, edgeFlags=0x0, pointerCount=1, historySize=0, eventTime=2623746, downTime=2623699, deviceId=7, source=0x5002, displayId=0, eventId=875313529 }
11-05 11:08:22.082  1120  1120 D TaplEvents: TIS / TouchInteractionService.onInputEvent: MotionEvent { action=ACTION_DOWN, actionButton=0, id[0]=0, x[0]=719.95605, y[0]=1160.9308, toolType[0]=TOOL_TYPE_FINGER, buttonState=0, classification=NONE, metaState=0, flags=0x0, edgeFlags=0x0, pointerCount=1, historySize=0, eventTime=2623746, downTime=2623746, deviceId=7, source=0x5002, displayId=0, eventId=1017298514 }
11-05 11:08:22.110  1120  1120 D TaplEvents: TIS / TouchInteractionService.onInputEvent: MotionEvent { action=ACTION_UP, actionButton=0, id[0]=0, x[0]=719.95605, y[0]=1878.8983, toolType[0]=TOOL_TYPE_FINGER, buttonState=0, classification=NONE, metaState=0, flags=0x0, edgeFlags=0x0, pointerCount=1, historySize=0, eventTime=2623775, downTime=2623746, deviceId=7, source=0x5002, displayId=0, eventId=858107080 }
11-05 11:08:22.113  1120  1120 D TaplEvents: TIS / TouchInteractionService.onInputEvent: MotionEvent { action=ACTION_DOWN, actionButton=0, id[0]=0, x[0]=719.95605, y[0]=1160.9308, toolType[0]=TOOL_TYPE_FINGER, buttonState=0, classification=NONE, metaState=0, flags=0x0, edgeFlags=0x0, pointerCount=1, historySize=0, eventTime=2623775, downTime=2623775, deviceId=7, source=0x5002, displayId=0, eventId=511185930 }
11-05 11:08:22.158  1120  1120 D TaplEvents: TIS / TouchInteractionService.onInputEvent: MotionEvent { action=ACTION_UP, actionButton=0, id[0]=0, x[0]=718.9673, y[0]=2338.8574, toolType[0]=TOOL_TYPE_FINGER, buttonState=0, classification=NONE, metaState=0, flags=0x0, edgeFlags=0x0, pointerCount=1, historySize=0, eventTime=2623821, downTime=2623775, deviceId=7, source=0x5002, displayId=0, eventId=830678447 }
11-05 11:08:22.161  1120  1120 D TaplEvents: TIS / TouchInteractionService.onInputEvent: MotionEvent { action=ACTION_DOWN, actionButton=0, id[0]=0, x[0]=719.95605, y[0]=1160.9308, toolType[0]=TOOL_TYPE_FINGER, buttonState=0, classification=NONE, metaState=0, flags=0x0, edgeFlags=0x0, pointerCount=1, historySize=0, eventTime=2623821, downTime=2623821, deviceId=7, source=0x5002, displayId=0, eventId=383489865 }
11-05 11:08:22.449  1120  1120 D TaplEvents: TIS / TouchInteractionService.onInputEvent: MotionEvent { action=ACTION_UP, actionButton=0, id[0]=0, x[0]=718.9673, y[0]=2338.8574, toolType[0]=TOOL_TYPE_FINGER, buttonState=0, classification=NONE, metaState=0, flags=0x0, edgeFlags=0x0, pointerCount=1, historySize=0, eventTime=2624121, downTime=2623821, deviceId=7, source=0x5002, displayId=0, eventId=464370386 }
11-05 11:08:22.511   768  1010 D EGL_emulation: app_time_stats: avg=22.32ms min=2.43ms max=128.24ms count=34
11-05 11:08:23.411   768  1010 D EGL_emulation: app_time_stats: avg=139.01ms min=13.04ms max=1270.29ms count=14
11-05 11:08:23.568   768  1010 D EGL_emulation: app_time_stats: avg=14.33ms min=2.24ms max=111.17ms count=43
11-05 11:08:24.410   768  1010 D EGL_emulation: app_time_stats: avg=27.54ms min=9.43ms max=115.64ms count=31
11-05 11:08:25.416   768  1010 D EGL_emulation: app_time_stats: avg=20.43ms min=7.28ms max=46.87ms count=38
11-05 11:08:25.621   841  6238 D TrafficStats: tagSocket(102) with statsTag=0xffffff81, statsUid=-1
11-05 11:08:25.632   841  6239 D TrafficStats: tagSocket(104) with statsTag=0xffffff81, statsUid=-1
11-05 11:08:25.668   841  6239 D TrafficStats: tagSocket(104) with statsTag=0xffffff81, statsUid=-1
11-05 11:08:25.689   841  6238 D TrafficStats: tagSocket(103) with statsTag=0xffffff81, statsUid=-1
11-05 11:08:25.718   369  6240 I resolv  : ResNSendHandler::run: 0 / {102 983142 102 983142 1073 1}
11-05 11:08:25.719   369  6240 I resolv  : res_stats_usable_server: too many resolution errors, ignoring server
11-05 11:08:25.739   369  6241 I resolv  : ResNSendHandler::run: 0 / {102 983142 102 983142 1073 1}
11-05 11:08:25.750   369  6241 I resolv  : res_stats_usable_server: too many resolution errors, ignoring server
11-05 11:08:25.750   841   854 I rkstack.process: Background concurrent copying GC freed 45339(2042KB) AllocSpace objects, 4(240KB) LOS objects, 49% free, 2504KB/5009KB, paused 3.043ms,551us total 137.356ms
11-05 11:08:26.172   369  6235 I resolv  : res_nsend: used send_dg 0 terrno: 110
11-05 11:08:26.176   369  6224 I resolv  : res_nsend: used send_dg 0 terrno: 110
11-05 11:08:26.195   369  6232 I resolv  : res_nsend: used send_dg 0 terrno: 110
11-05 11:08:26.218   369  6233 I resolv  : res_nsend: used send_dg 0 terrno: 110
11-05 11:08:26.219   369  6225 I resolv  : res_nsend: used send_dg 0 terrno: 110
11-05 11:08:26.268   369  6236 I resolv  : res_nsend: used send_dg 0 terrno: 110
11-05 11:08:26.416   768  1010 D EGL_emulation: app_time_stats: avg=28.59ms min=6.92ms max=96.47ms count=28
11-05 11:08:27.435   768  1010 D EGL_emulation: app_time_stats: avg=14.40ms min=6.84ms max=40.13ms count=49
11-05 11:08:28.625   369  6242 I resolv  : GetAddrInfoHandler::run: {102 983142 102 983142 1073 1}
11-05 11:08:28.628   369  6243 I resolv  : res_nmkquery: (QUERY, IN, A)
11-05 11:08:28.631   369  6243 I resolv  : resolv_cache_lookup: Waiting for previous request
11-05 11:08:28.883   768  1010 D EGL_emulation: app_time_stats: avg=96.13ms min=6.38ms max=1180.56ms count=14
11-05 11:08:30.731   369  6240 I resolv  : res_nsend: used send_dg 0 terrno: 110
11-05 11:08:30.758   369  6241 I resolv  : res_nsend: used send_dg 0 terrno: 110
11-05 11:08:30.782   768  1010 D EGL_emulation: app_time_stats: avg=1899.55ms min=1899.55ms max=1899.55ms count=1
11-05 11:08:31.182   369  6235 I resolv  : res_nsend: used send_dg 0 terrno: 110
11-05 11:08:31.187   369  6224 I resolv  : res_nsend: used send_dg 0 terrno: 110
11-05 11:08:31.206   369  6232 I resolv  : res_nsend: used send_dg 0 terrno: 110
11-05 11:08:31.251   369  6225 I resolv  : res_nsend: used send_dg 0 terrno: 110
11-05 11:08:31.272   369  6233 I resolv  : res_nsend: used send_dg 0 terrno: 110
11-05 11:08:31.273   369  6236 I resolv  : res_nsend: used send_dg 0 terrno: 110
11-05 11:08:35.738   369  6240 I resolv  : res_nsend: used send_dg 0 terrno: 110
11-05 11:08:35.739   841   841 W DnsResolver: resNetworkResult:android.system.ErrnoException: resNetworkResult failed: ETIMEDOUT (Connection timed out)
11-05 11:08:35.739   841  6239 D NetworkMonitor/102: PROBE_DNS connectivitycheck.gstatic.com 10110ms FAIL in type ADDRCONFIG android.net.DnsResolver$DnsException: android.system.ErrnoException: resNetworkResult failed: ETIMEDOUT (Connection timed out)
11-05 11:08:35.745   369  6244 I resolv  : GetAddrInfoHandler::run: {102 983142 102 983142 1073 1}
11-05 11:08:35.746   369  6245 I resolv  : res_nmkquery: (QUERY, IN, A)
11-05 11:08:35.747   369  6245 I resolv  : res_stats_usable_server: too many resolution errors, ignoring server
11-05 11:08:35.765   369  6241 I resolv  : res_nsend: used send_dg 0 terrno: 110
11-05 11:08:35.766   841   841 W DnsResolver: resNetworkResult:android.system.ErrnoException: resNetworkResult failed: ETIMEDOUT (Connection timed out)
11-05 11:08:35.766   369  6243 I resolv  : res_stats_usable_server: too many resolution errors, ignoring server
11-05 11:08:35.767   841  6238 D NetworkMonitor/102: PROBE_DNS www.google.com 10147ms FAIL in type ADDRCONFIG android.net.DnsResolver$DnsException: android.system.ErrnoException: resNetworkResult failed: ETIMEDOUT (Connection timed out)
11-05 11:08:35.773   369  6246 I resolv  : GetAddrInfoHandler::run: {102 983142 102 983142 1073 1}
11-05 11:08:35.774   369  6247 I resolv  : res_nmkquery: (QUERY, IN, A)
11-05 11:08:35.775   369  6247 I resolv  : res_stats_usable_server: too many resolution errors, ignoring server
11-05 11:08:36.189   369  6235 I resolv  : res_nsend: used send_dg 0 terrno: 110
11-05 11:08:36.197   369  6224 I resolv  : res_nsend: used send_dg 0 terrno: 110
11-05 11:08:36.213   369  6232 I resolv  : res_nsend: used send_dg 0 terrno: 110
11-05 11:08:36.257   369  6225 I resolv  : res_nsend: used send_dg 0 terrno: 110
11-05 11:08:36.279   369  6233 I resolv  : res_nsend: used send_dg 0 terrno: 110
11-05 11:08:36.281   369  6236 I resolv  : res_nsend: used send_dg 0 terrno: 110
11-05 11:08:40.754   369  6245 I resolv  : res_nsend: used send_dg 0 terrno: 110
11-05 11:08:40.773   369  6243 I resolv  : res_nsend: used send_dg 0 terrno: 110
11-05 11:08:40.777   369  6247 I resolv  : res_nsend: used send_dg 0 terrno: 110
11-05 11:08:41.195   369  6235 I resolv  : res_nsend: used send_dg 0 terrno: 110
11-05 11:08:41.196   369  6235 I resolv  : doQuery: rcode=255, ancount=0, return value=-110
11-05 11:08:41.205   369  6224 I resolv  : res_nsend: used send_dg 0 terrno: 110
11-05 11:08:41.205   369  6224 I resolv  : doQuery: rcode=255, ancount=0, return value=-110
11-05 11:08:41.220   369  6232 I resolv  : res_nsend: used send_dg 0 terrno: 110
11-05 11:08:41.220   369  6232 I resolv  : doQuery: rcode=255, ancount=0, return value=-110
11-05 11:08:41.264   369  6225 I resolv  : res_nsend: used send_dg 0 terrno: 110
11-05 11:08:41.264   369  6225 I resolv  : doQuery: rcode=255, ancount=0, return value=-110
11-05 11:08:41.265   841  6212 D NetworkMonitor/100: PROBE_FALLBACK http://www.google.com/gen_204 Probe failed with exception java.net.UnknownHostException: Unable to resolve host "www.google.com": No address associated with hostname
11-05 11:08:41.286   369  6233 I resolv  : res_nsend: used send_dg 0 terrno: 110
11-05 11:08:41.286   369  6233 I resolv  : doQuery: rcode=255, ancount=0, return value=-110
11-05 11:08:41.288   841  6213 D NetworkMonitor/100: PROBE_HTTPS https://www.google.com/generate_204 Probe failed with exception java.net.UnknownHostException: Unable to resolve host "www.google.com": No address associated with hostname
11-05 11:08:41.289   369  6236 I resolv  : res_nsend: used send_dg 0 terrno: 110
11-05 11:08:41.289   369  6236 I resolv  : doQuery: rcode=255, ancount=0, return value=-110
11-05 11:08:41.290   841  6214 D NetworkMonitor/100: PROBE_HTTP http://connectivitycheck.gstatic.com/generate_204 Probe failed with exception java.net.UnknownHostException: Unable to resolve host "connectivitycheck.gstatic.com": No address associated with hostname
11-05 11:08:41.293   841  6212 D NetworkMonitor/100: isCaptivePortal: isSuccessful()=false isPortal()=false RedirectUrl=null isPartialConnectivity()=false Time=40237ms
11-05 11:08:41.297   587   709 D ConnectivityService: [100 WIFI] validation failed
11-05 11:08:41.807   587  1804 W BatteryExternalStatsWorker: error reading Bluetooth stats: 11
11-05 11:08:45.758   369  6245 I resolv  : res_nsend: used send_dg 0 terrno: 110
11-05 11:08:45.758   369  6245 I resolv  : doQuery: rcode=255, ancount=0, return value=-110
11-05 11:08:45.759   841  6239 D NetworkMonitor/102: PROBE_HTTP http://connectivitycheck.gstatic.com/generate_204 Probe failed with exception java.net.UnknownHostException: Unable to resolve host "connectivitycheck.gstatic.com": No address associated with hostname
11-05 11:08:45.778   369  6243 I resolv  : res_nsend: used send_dg 0 terrno: 110
11-05 11:08:45.778   369  6243 I resolv  : doQuery: rcode=255, ancount=0, return value=-110
11-05 11:08:45.779   841  6237 D NetworkMonitor/102: PROBE_FALLBACK http://www.google.com/gen_204 Probe failed with exception java.net.UnknownHostException: Unable to resolve host "www.google.com": No address associated with hostname
11-05 11:08:45.783   369  6247 I resolv  : res_nsend: used send_dg 0 terrno: 110
11-05 11:08:45.783   369  6247 I resolv  : doQuery: rcode=255, ancount=0, return value=-110
11-05 11:08:45.784   841  6238 D NetworkMonitor/102: PROBE_HTTPS https://www.google.com/generate_204 Probe failed with exception java.net.UnknownHostException: Unable to resolve host "www.google.com": No address associated with hostname
11-05 11:08:45.786   841  6237 D NetworkMonitor/102: isCaptivePortal: isSuccessful()=false isPortal()=false RedirectUrl=null isPartialConnectivity()=false Time=20173ms
11-05 11:08:45.790   587   709 D ConnectivityService: [102 CELLULAR] validation failed
11-05 11:09:00.004   587  1736 W ActivityManager: Unable to start service Intent { act=android.service.smartspace.SmartspaceService cmp=com.google.android.as/com.google.android.apps.miphone.aiai.app.AiAiSmartspaceService } U=0: not found
11-05 11:09:00.004   587  1736 W RemoteSmartspaceService: could not bind to Intent { act=android.service.smartspace.SmartspaceService cmp=com.google.android.as/com.google.android.apps.miphone.aiai.app.AiAiSmartspaceService } using flags 67112961
11-05 11:09:00.004   587   587 W ActivityManager: Unbind failed: could not find connection for android.app.LoadedApk$ServiceDispatcher$InnerConnection@8bb50b0
11-05 11:09:00.031   768  1010 D EGL_emulation: app_time_stats: avg=29248.17ms min=29248.17ms max=29248.17ms count=1
11-05 11:09:02.287   587   616 I ActivityManager: Killing 5147:com.google.android.youtube/u0a130 (adj 995): empty for 1823s
11-05 11:09:02.295   587   618 I libprocessgroup: Successfully killed process cgroup uid 10130 pid 5147 in 5ms
11-05 11:09:02.310   370   370 I Zygote  : Process 5147 exited due to signal 9 (Killed)
11-05 11:09:02.311   587  1064 D ConnectivityService: ConnectivityService NetworkRequestInfo binderDied(uid/pid:10130/5147, [NetworkRequest [ REQUEST id=156, [ Capabilities: INTERNET&NOT_RESTRICTED&TRUSTED&NOT_VCN_MANAGED Uid: 10130 RequestorUid: 10130 RequestorPkg: com.google.android.youtube UnderlyingNetworks: Null] ]], android.os.BinderProxy@fae50e5)
11-05 11:09:02.311   587  1273 D ConnectivityService: ConnectivityService NetworkRequestInfo binderDied(uid/pid:10130/5147, [NetworkRequest [ REQUEST id=158, [ Capabilities: INTERNET&NOT_RESTRICTED&TRUSTED&NOT_VCN_MANAGED Uid: 10130 RequestorUid: 10130 RequestorPkg: com.google.android.youtube UnderlyingNetworks: Null] ]], android.os.BinderProxy@ffc67ba)
11-05 11:09:02.314   587  1064 D ConnectivityService: ConnectivityService NetworkRequestInfo binderDied(uid/pid:10130/5147, [NetworkRequest [ REQUEST id=160, [ Capabilities: INTERNET&NOT_RESTRICTED&TRUSTED&NOT_VCN_MANAGED Uid: 10130 RequestorUid: 10130 RequestorPkg: com.google.android.youtube UnderlyingNetworks: Null] ]], android.os.BinderProxy@7c85c8)
11-05 11:09:02.316   587   920 D ConnectivityService: ConnectivityService NetworkRequestInfo binderDied(uid/pid:10130/5147, [NetworkRequest [ LISTEN id=161, [ Capabilities: INTERNET&NOT_RESTRICTED&TRUSTED&FOREGROUND&NOT_VCN_MANAGED Uid: 10130 RequestorUid: 10130 RequestorPkg: com.google.android.youtube UnderlyingNetworks: Null] ]], android.os.BinderProxy@9ef066b)
11-05 11:09:02.318   587  1066 D ConnectivityService: ConnectivityService NetworkRequestInfo binderDied(uid/pid:10130/5147, [NetworkRequest [ REQUEST id=163, [ Capabilities: INTERNET&NOT_RESTRICTED&TRUSTED&NOT_VCN_MANAGED Uid: 10130 RequestorUid: 10130 RequestorPkg: com.google.android.youtube UnderlyingNetworks: Null] ]], android.os.BinderProxy@6781661)
11-05 11:09:02.321   587   764 D ConnectivityService: ConnectivityService NetworkRequestInfo binderDied(uid/pid:10130/5147, [NetworkRequest [ REQUEST id=165, [ Capabilities: INTERNET&NOT_RESTRICTED&TRUSTED&NOT_VCN_MANAGED Uid: 10130 RequestorUid: 10130 RequestorPkg: com.google.android.youtube UnderlyingNetworks: Null] ]], android.os.BinderProxy@7f94586)
11-05 11:09:02.323   587   709 D ConnectivityService: releasing NetworkRequest [ REQUEST id=156, [ Capabilities: INTERNET&NOT_RESTRICTED&TRUSTED&NOT_VCN_MANAGED Uid: 10130 RequestorUid: 10130 RequestorPkg: com.google.android.youtube UnderlyingNetworks: Null] ] (release request)
11-05 11:09:02.329   587   709 D ConnectivityService: releasing NetworkRequest [ REQUEST id=158, [ Capabilities: INTERNET&NOT_RESTRICTED&TRUSTED&NOT_VCN_MANAGED Uid: 10130 RequestorUid: 10130 RequestorPkg: com.google.android.youtube UnderlyingNetworks: Null] ] (release request)
11-05 11:09:02.334   587   709 D ConnectivityService: releasing NetworkRequest [ REQUEST id=160, [ Capabilities: INTERNET&NOT_RESTRICTED&TRUSTED&NOT_VCN_MANAGED Uid: 10130 RequestorUid: 10130 RequestorPkg: com.google.android.youtube UnderlyingNetworks: Null] ] (release request)
11-05 11:09:02.345   587   709 D ConnectivityService: releasing NetworkRequest [ REQUEST id=163, [ Capabilities: INTERNET&NOT_RESTRICTED&TRUSTED&NOT_VCN_MANAGED Uid: 10130 RequestorUid: 10130 RequestorPkg: com.google.android.youtube UnderlyingNetworks: Null] ] (release request)
11-05 11:09:02.349   587   709 D ConnectivityService: releasing NetworkRequest [ REQUEST id=165, [ Capabilities: INTERNET&NOT_RESTRICTED&TRUSTED&NOT_VCN_MANAGED Uid: 10130 RequestorUid: 10130 RequestorPkg: com.google.android.youtube UnderlyingNetworks: Null] ] (release request)
11-05 11:09:02.363  4377  4474 I LockboxService: Completed task: true [CONTEXT service_id=26 ]
11-05 11:09:10.374  4377  4624 I NearbyDiscovery: FastPair: isDestroyable: Scanner is alive. [CONTEXT service_id=49 ]
11-05 11:09:10.375  4377  4624 I NearbyDiscovery: DiscoveryService: Skip stopSelf(), fast pair controller is not destroyable. [CONTEXT service_id=49 ]
11-05 11:09:10.487   587  1066 W ContextImpl: Calling a method in the system process without a qualified user: android.app.ContextImpl.sendBroadcastMultiplePermissions:1272 android.content.Context.sendBroadcastMultiplePermissions:2272 com.android.server.TelephonyRegistry.broadcastDataConnectionStateChanged:3281 com.android.server.TelephonyRegistry.notifyDataConnectionForSubscriber:2036 com.android.internal.telephony.ITelephonyRegistry$Stub.onTransact:571 
11-05 11:09:10.491   587   702 E WifiDataStall: onDataConnectionStateChanged unexpected State: 4
11-05 11:09:10.492   587   587 E MboOceController: onDataConnectionStateChanged unexpected State: 4
11-05 11:09:10.516   587   920 W ContextImpl: Calling a method in the system process without a qualified user: android.app.ContextImpl.sendBroadcastMultiplePermissions:1272 android.content.Context.sendBroadcastMultiplePermissions:2272 com.android.server.TelephonyRegistry.broadcastDataConnectionStateChanged:3281 com.android.server.TelephonyRegistry.notifyDataConnectionForSubscriber:2036 com.android.internal.telephony.ITelephonyRegistry$Stub.onTransact:571 
11-05 11:09:10.521   587   709 D ConnectivityService: [102 CELLULAR] EVENT_NETWORK_INFO_CHANGED, going from CONNECTED to DISCONNECTED
11-05 11:09:10.521   587   709 D ConnectivityService: [102 CELLULAR] disconnected, was satisfying 11
11-05 11:09:10.560   369   369 I netd    : tetherGetStats() -> {[]} <1.27ms>
11-05 11:09:10.567   587   709 D ConnectivityService: NetReassign [no changes] [c 0] [a 0] [i 1]
11-05 11:09:10.569   369   369 I netd    : bandwidthRemoveInterfaceQuota(eth0) <1.36ms>
11-05 11:09:10.570   587   767 D NetworkStatsObservers: Unregistering RequestInfo from pid/uid:587/1000(android) for DataUsageRequest [ requestId=7, networkTemplate=NetworkTemplate: matchRule=MOBILE, subscriberId=310260..., matchSubscriberIds=[310260...], matchWifiNetworkKeys=[], metered=YES, defaultNetwork=NO, subscriberIdMatchRule=EXACT_MATCH, thresholdInBytes=3792913 ] accessLevel:3
11-05 11:09:10.571   369   811 I netd    : networkDestroy(102) <3.49ms>
11-05 11:09:10.574   369   369 I netd    : bandwidthSetInterfaceQuota(eth0, 9223372036854775807) <1.30ms>
11-05 11:09:10.576   369   369 I resolv  : DNS cache flushed
11-05 11:09:10.580   369   369 W resolv  : resolv_stats_set_addrs: Network 102 not found for PROTO_DOT
11-05 11:09:10.580   369   369 W resolv  : resolv_stats_set_addrs: Network 102 not found for PROTO_DOH
11-05 11:09:10.580   369   369 I netd    : destroyNetworkCache(102) <4.38ms>
11-05 11:09:10.599   768  1010 D EGL_emulation: app_time_stats: avg=10567.14ms min=10567.14ms max=10567.14ms count=1
11-05 11:09:13.332   841  6251 D TrafficStats: tagSocket(6) with statsTag=0xffffff81, statsUid=-1
11-05 11:09:13.332   841  6250 D TrafficStats: tagSocket(70) with statsTag=0xffffff81, statsUid=-1
11-05 11:09:13.335   841  6250 D TrafficStats: tagSocket(70) with statsTag=0xffffff81, statsUid=-1
11-05 11:09:13.337   841  6251 D TrafficStats: tagSocket(6) with statsTag=0xffffff81, statsUid=-1
11-05 11:09:13.340   369  6252 I resolv  : ResNSendHandler::run: 0 / {100 983140 100 983140 1073 1}
11-05 11:09:13.341   369  6252 I resolv  : res_stats_usable_server: too many resolution errors, ignoring server
11-05 11:09:13.341   369  6252 I resolv  : res_stats_usable_server: too many resolution errors, ignoring server
11-05 11:09:13.341   369  6253 I resolv  : ResNSendHandler::run: 0 / {100 983140 100 983140 1073 1}
11-05 11:09:13.346   369  6255 I resolv  : ResNSendHandler::run: 0 / {100 983140 100 983140 1073 1}
11-05 11:09:13.346   369  6255 I resolv  : res_stats_usable_server: too many resolution errors, ignoring server
11-05 11:09:13.346   369  6255 I resolv  : res_stats_usable_server: too many resolution errors, ignoring server
11-05 11:09:13.347   369  6254 I resolv  : ResNSendHandler::run: 0 / {100 983140 100 983140 1073 1}
11-05 11:09:13.347   369  6253 I resolv  : res_stats_usable_server: too many resolution errors, ignoring server
11-05 11:09:13.347   369  6254 I resolv  : res_stats_usable_server: too many resolution errors, ignoring server
11-05 11:09:13.348   369  6253 I resolv  : res_stats_usable_server: too many resolution errors, ignoring server
11-05 11:09:13.349   369  6254 I resolv  : res_stats_usable_server: too many resolution errors, ignoring server
11-05 11:09:13.545   587  1771 D ConnectivityService: registerNetworkAgent NetworkAgentInfo{network{103}  handle{445787328525}  ni{MOBILE[HSPA] CONNECTING extra: epc.tmobile.com} created=2025-11-05T11:09:13.545Z Score(Policies :  ; KeepConnected : 0)   lp{{LinkAddresses: [ ] DnsAddresses: [ ] Domains: null MTU: 0 Routes: [ ]}}  nc{[ Transports: CELLULAR Capabilities: MMS&SUPL&DUN&FOTA&IMS&CBS&INTERNET&NOT_RESTRICTED&TRUSTED&NOT_VPN&NOT_ROAMING&NOT_CONGESTED&NOT_SUSPENDED&NOT_VCN_MANAGED LinkUpBandwidth>=14Kbps LinkDnBandwidth>=14Kbps Specifier: <TelephonyNetworkSpecifier [mSubId = 1]> SubscriptionIds: {1} UnderlyingNetworks: Null]}  factorySerialNumber=4}
11-05 11:09:13.547   587  1771 W ContextImpl: Calling a method in the system process without a qualified user: android.app.ContextImpl.sendBroadcastMultiplePermissions:1272 android.content.Context.sendBroadcastMultiplePermissions:2272 com.android.server.TelephonyRegistry.broadcastDataConnectionStateChanged:3281 com.android.server.TelephonyRegistry.notifyDataConnectionForSubscriber:2036 com.android.internal.telephony.ITelephonyRegistry$Stub.onTransact:571 
11-05 11:09:13.548   369   369 I netd    : getFwmarkForNetwork(103) -> {MarkMaskParcel{mark: 103, mask: 65535}} <0.01ms>
11-05 11:09:13.548   587   587 E MboOceController: onDataConnectionStateChanged unexpected State: 1
11-05 11:09:13.549   587   702 E WifiDataStall: onDataConnectionStateChanged unexpected State: 1
11-05 11:09:13.552   587   709 D ConnectivityService: [103 CELLULAR] EVENT_NETWORK_INFO_CHANGED, going from CONNECTING to CONNECTING
11-05 11:09:13.554   841  6256 D NetworkMonitor/103: checkAndRenewResourceConfig: update captive portal https urls to [https://www.google.com/generate_204]
11-05 11:09:13.554   841  6256 D NetworkMonitor/103: checkAndRenewResourceConfig: update captive portal http urls to [http://connectivitycheck.gstatic.com/generate_204]
11-05 11:09:13.555   841  6256 D NetworkMonitor/103: checkAndRenewResourceConfig: update captive portal fallback urls to[http://www.google.com/gen_204, http://play.googleapis.com/generate_204]
11-05 11:09:13.555   841  6256 D NetworkMonitor: Starting on network 103 with capport HTTPS URL [https://www.google.com/generate_204] and HTTP URL [http://connectivitycheck.gstatic.com/generate_204]
11-05 11:09:13.539     0     0 I 8021q   : adding VLAN 0 to HW filter on device eth0
11-05 11:09:13.619   587   709 D ConnectivityService: Adding iface eth0 to network 103
11-05 11:09:13.620   369   369 E Netd    : no such netId 103
11-05 11:09:13.620   369   369 I netd    : networkAddInterface(103, eth0) -> ServiceSpecificException(64, "Machine is not on the network") <0.14ms>
11-05 11:09:13.620   587   709 W ConnectivityService: Exception adding interface: android.os.ServiceSpecificException: Machine is not on the network (code 64)
11-05 11:09:13.622   369   369 I netd    : interfaceSetMtu(eth0, 1500) -> ServiceSpecificException(121, "Remote I/O error") <1.34ms>
11-05 11:09:13.623   587   709 E ConnectivityService: exception in interfaceSetMtu()android.os.ServiceSpecificException: Remote I/O error (code 121)
11-05 11:09:13.623   369   369 E Netd    : no such netId 103
11-05 11:09:13.624   369   369 I netd    : networkAddRouteParcel(103, RouteInfoParcel{destination: 10.0.2.0/24, ifName: eth0, nextHop: , mtu: 0}) -> ServiceSpecificException(64, "Machine is not on the network") <0.12ms>
11-05 11:09:13.624   587   709 E ConnectivityService: Exception in networkAddRouteParcel for non-gateway: android.os.ServiceSpecificException: Machine is not on the network (code 64)
11-05 11:09:13.624   369   369 E Netd    : no such netId 103
11-05 11:09:13.624   369   369 I netd    : networkAddRouteParcel(103, RouteInfoParcel{destination: 0.0.0.0/0, ifName: eth0, nextHop: 10.0.2.2, mtu: 1500}) -> ServiceSpecificException(64, "Machine is not on the network") <0.14ms>
11-05 11:09:13.625   587   709 E ConnectivityService: Exception in networkAddRouteParcel for gateway: android.os.ServiceSpecificException: Machine is not on the network (code 64)
11-05 11:09:13.625   587   709 D ConnectivityService: Setting DNS servers for network 103 to [/10.0.2.3]
11-05 11:09:13.620   369   369 W binder:369_3: type=1400 audit(0.0:45): avc: denied { write } for name="mtu" dev="sysfs" ino=26154 scontext=u:r:netd:s0 tcontext=u:object_r:sysfs:s0 tclass=file permissive=0
11-05 11:09:13.632   587   920 W ContextImpl: Calling a method in the system process without a qualified user: android.app.ContextImpl.sendBroadcastMultiplePermissions:1272 android.content.Context.sendBroadcastMultiplePermissions:2272 com.android.server.TelephonyRegistry.broadcastDataConnectionStateChanged:3281 com.android.server.TelephonyRegistry.notifyDataConnectionForSubscriber:2036 com.android.internal.telephony.ITelephonyRegistry$Stub.onTransact:571 
11-05 11:09:13.661   369   369 I netd    : tetherGetStats() -> {[]} <1.44ms>
11-05 11:09:13.665   587   709 D ConnectivityService: [103 CELLULAR] EVENT_NETWORK_INFO_CHANGED, going from CONNECTING to CONNECTED
11-05 11:09:13.666   369   369 I netd    : networkCreate(NativeNetworkConfig{netId: 103, networkType: PHYSICAL, permission: 0, secure: false, vpnType: -1, excludeLocalRoutes: false}) <0.02ms>
11-05 11:09:13.666   369   369 I netd    : createNetworkCache(103) <0.08ms>
11-05 11:09:13.667   587   709 D DnsManager: sendDnsConfigurationForNetwork(103, [10.0.2.3], [], 1800, 25, 8, 64, 0, 0, , [])
11-05 11:09:13.669   369   369 I resolv  : resolv_set_nameservers: netid = 103, addr = 10.0.2.3
11-05 11:09:13.669   369   369 I netd    : DnsResolverService::setResolverConfiguration(103, [10.0.2.3], [], 1800, 25, 8, 64, 0, 0, "", []) -> (0) (0.2ms)
11-05 11:09:13.669   369   369 I netd    : setResolverConfiguration(ResolverParamsParcel{netId: 103, sampleValiditySeconds: 1800, successThreshold: 25, minSamples: 8, maxSamples: 64, baseTimeoutMsec: 0, retryCount: 0, servers: [10.0.2.3], domains: [], tlsName: , tlsServers: [], tlsFingerprints: [], caCertificate: , tlsConnectTimeoutMs: 0, resolverOptions: (null), transportTypes: [0]}) <0.53ms>
11-05 11:09:13.674   587   709 W DnsManager: updatePrivateDns(103, PrivateDnsConfig{true:/[]})
11-05 11:09:13.674   587   709 D ConnectivityService: Setting DNS servers for network 103 to [/10.0.2.3]
11-05 11:09:13.675   587   709 D DnsManager: sendDnsConfigurationForNetwork(103, [10.0.2.3], [], 1800, 25, 8, 64, 0, 0, , [10.0.2.3])
11-05 11:09:13.675   369   369 I netd    : bandwidthRemoveInterfaceQuota(eth0) <1.75ms>
11-05 11:09:13.678   369   811 I resolv  : setDoh: No suitable DoH server found
11-05 11:09:13.678   369   811 I netd    : DnsResolverService::setResolverConfiguration(103, [10.0.2.3], [], 1800, 25, 8, 64, 0, 0, "", [10.0.2.3]) -> (0) (2ms)
11-05 11:09:13.678   369   811 I netd    : setResolverConfiguration(ResolverParamsParcel{netId: 103, sampleValiditySeconds: 1800, successThreshold: 25, minSamples: 8, maxSamples: 64, baseTimeoutMsec: 0, retryCount: 0, servers: [10.0.2.3], domains: [], tlsName: , tlsServers: [10.0.2.3], tlsFingerprints: [], caCertificate: , tlsConnectTimeoutMs: 0, resolverOptions: (null), transportTypes: [0]}) <2.33ms>
11-05 11:09:13.679   587   709 D ConnectivityService: Adding iface eth0 to network 103
11-05 11:09:13.684   369  6258 W resolv  : Validating DnsTlsServer 10.0.2.3 with mark 0xf0067
11-05 11:09:13.685   369  6258 W resolv  : Socket failed to connect: Network is unreachable
11-05 11:09:13.685   369  6258 W resolv  : TCP Handshake failed: 101
11-05 11:09:13.685   369  6258 W resolv  : query failed
11-05 11:09:13.686   369  6258 W resolv  : validateDnsTlsServer returned 0 for 10.0.2.3
11-05 11:09:13.687   369  6258 W resolv  : Validation failed
11-05 11:09:13.689   369   811 I netd    : networkAddInterface(103, eth0) <6.85ms>
11-05 11:09:13.694   369   811 I netd    : interfaceSetMtu(eth0, 1500) -> ServiceSpecificException(121, "Remote I/O error") <0.19ms>
11-05 11:09:13.695   587   709 E ConnectivityService: exception in interfaceSetMtu()android.os.ServiceSpecificException: Remote I/O error (code 121)
11-05 11:09:13.695   369   811 I netd    : networkAddRouteParcel(103, RouteInfoParcel{destination: 10.0.2.0/24, ifName: eth0, nextHop: , mtu: 0}) <0.15ms>
11-05 11:09:13.697   369   811 I netd    : networkAddRouteParcel(103, RouteInfoParcel{destination: 0.0.0.0/0, ifName: eth0, nextHop: 10.0.2.2, mtu: 1500}) <0.07ms>
11-05 11:09:13.697   587   709 D ConnectivityService: Setting DNS servers for network 103 to [/10.0.2.3]
11-05 11:09:13.699   587   709 D DnsManager: sendDnsConfigurationForNetwork(103, [10.0.2.3], [], 1800, 25, 8, 64, 0, 0, , [10.0.2.3])
11-05 11:09:13.700   369   811 I resolv  : setDoh: No suitable DoH server found
11-05 11:09:13.700   369  6259 W resolv  : Validating DnsTlsServer 10.0.2.3 with mark 0xf0067
11-05 11:09:13.701   369   811 I netd    : DnsResolverService::setResolverConfiguration(103, [10.0.2.3], [], 1800, 25, 8, 64, 0, 0, "", [10.0.2.3]) -> (0) (2ms)
11-05 11:09:13.703   369   811 I netd    : setResolverConfiguration(ResolverParamsParcel{netId: 103, sampleValiditySeconds: 1800, successThreshold: 25, minSamples: 8, maxSamples: 64, baseTimeoutMsec: 0, retryCount: 0, servers: [10.0.2.3], domains: [], tlsName: , tlsServers: [10.0.2.3], tlsFingerprints: [], caCertificate: , tlsConnectTimeoutMs: 0, resolverOptions: (null), transportTypes: [0]}) <2.94ms>
11-05 11:09:13.692   369   369 W binder:369_5: type=1400 audit(0.0:46): avc: denied { write } for name="mtu" dev="sysfs" ino=26154 scontext=u:r:netd:s0 tcontext=u:object_r:sysfs:s0 tclass=file permissive=0
11-05 11:09:13.753   369   811 I netd    : tetherGetStats() -> {[]} <1.65ms>
11-05 11:09:13.763   841  6261 D TrafficStats: tagSocket(103) with statsTag=0xffffff81, statsUid=-1
11-05 11:09:13.764   369   811 I netd    : bandwidthSetInterfaceQuota(eth0, 9223372036854775807) <1.30ms>
11-05 11:09:13.764   841  6262 D TrafficStats: tagSocket(104) with statsTag=0xffffff81, statsUid=-1
11-05 11:09:13.769   369   369 I netd    : networkSetPermissionForNetwork(103, 1) <6.60ms>
11-05 11:09:13.773   841  6262 D TrafficStats: tagSocket(104) with statsTag=0xffffff81, statsUid=-1
11-05 11:09:13.774   841  6261 D TrafficStats: tagSocket(103) with statsTag=0xffffff81, statsUid=-1
11-05 11:09:13.784   369  6263 I resolv  : ResNSendHandler::run: 0 / {103 983143 103 983143 1073 1}
11-05 11:09:13.786   369  6264 I resolv  : ResNSendHandler::run: 0 / {103 983143 103 983143 1073 1}
11-05 11:09:13.797   587   709 D ConnectivityService: NetReassign [2 : null → 103] [c 1] [a 34] [i 0]
11-05 11:09:13.804   768  1010 D EGL_emulation: app_time_stats: avg=1602.35ms min=180.69ms max=3024.02ms count=2
11-05 11:09:13.812   587   700 D NetworkStatsObservers: Registering observer for RequestInfo from pid/uid:587/1000(android) for DataUsageRequest [ requestId=8, networkTemplate=NetworkTemplate: matchRule=MOBILE, subscriberId=310260..., matchSubscriberIds=[310260...], matchWifiNetworkKeys=[], metered=YES, defaultNetwork=NO, subscriberIdMatchRule=EXACT_MATCH, thresholdInBytes=3788051 ] accessLevel:3
11-05 11:09:13.816   369   369 I netd    : bandwidthRemoveInterfaceQuota(eth0) <2.11ms>
11-05 11:09:13.820   369   369 I netd    : bandwidthSetInterfaceQuota(eth0, 9223372036854775807) <1.47ms>
11-05 11:09:13.871   369   369 I netd    : tetherGetStats() -> {[]} <0.95ms>
11-05 11:09:13.881   369   369 I netd    : bandwidthRemoveInterfaceQuota(eth0) <1.65ms>
11-05 11:09:13.885   369   369 I netd    : bandwidthSetInterfaceQuota(eth0, 9223372036854775807) <2.47ms>
11-05 11:09:13.904   369   369 I netd    : bandwidthRemoveInterfaceQuota(eth0) <2.00ms>
11-05 11:09:13.909   369   369 I netd    : bandwidthSetInterfaceQuota(eth0, 9223372036854775807) <3.56ms>
11-05 11:09:16.335   369  6266 I resolv  : GetAddrInfoHandler::run: {100 983140 100 983140 1073 1}
11-05 11:09:16.337   369  6267 I resolv  : res_nmkquery: (QUERY, IN, AAAA)
11-05 11:09:16.337   369  6268 I resolv  : res_nmkquery: (QUERY, IN, A)
11-05 11:09:16.337   369  6268 I resolv  : resolv_cache_lookup: Waiting for previous request
11-05 11:09:16.339   369  6267 I resolv  : resolv_cache_lookup: Waiting for previous request
11-05 11:09:16.767   369  6269 I resolv  : GetAddrInfoHandler::run: {103 983143 103 983143 1073 1}
11-05 11:09:16.768   369  6271 I resolv  : res_nmkquery: (QUERY, IN, A)
11-05 11:09:16.769   369  6270 I resolv  : res_nmkquery: (QUERY, IN, AAAA)
11-05 11:09:16.770   369  6271 I resolv  : resolv_cache_lookup: Waiting for previous request
11-05 11:09:18.348   369  6252 I resolv  : res_nsend: used send_dg 0 terrno: 110
11-05 11:09:18.353   369  6255 I resolv  : res_nsend: used send_dg 0 terrno: 110
11-05 11:09:18.356   369  6254 I resolv  : res_nsend: used send_dg 0 terrno: 110
11-05 11:09:18.357   369  6253 I resolv  : res_nsend: used send_dg 0 terrno: 110
11-05 11:09:18.790   369  6263 I resolv  : res_nsend: used send_dg 0 terrno: 110
11-05 11:09:18.790   369  6264 I resolv  : res_nsend: used send_dg 0 terrno: 110
11-05 11:09:19.188   369  6273 I resolv  : GetAddrInfoHandler::run: {100 786532 100 983140 10102 0}
11-05 11:09:19.189   369  6274 I resolv  : res_nmkquery: (QUERY, IN, AAAA)
11-05 11:09:19.189   369  6275 I resolv  : res_nmkquery: (QUERY, IN, A)
11-05 11:09:19.190   369  6274 I resolv  : res_stats_usable_server: too many resolution errors, ignoring server
11-05 11:09:19.191   369  6274 I resolv  : res_stats_usable_server: too many resolution errors, ignoring server
11-05 11:09:19.196   369  6275 I resolv  : res_stats_usable_server: too many resolution errors, ignoring server
11-05 11:09:19.197   369  6275 I resolv  : res_stats_usable_server: too many resolution errors, ignoring server
11-05 11:09:20.572   369  6276 I resolv  : GetAddrInfoHandler::run: {100 786532 100 983140 10102 0}
11-05 11:09:20.574   369  6278 I resolv  : res_nmkquery: (QUERY, IN, A)
11-05 11:09:20.575   369  6277 I resolv  : res_nmkquery: (QUERY, IN, AAAA)
11-05 11:09:20.576   369  6277 I resolv  : res_stats_usable_server: too many resolution errors, ignoring server
11-05 11:09:20.578   369  6278 I resolv  : res_stats_usable_server: too many resolution errors, ignoring server
11-05 11:09:20.578   369  6278 I resolv  : res_stats_usable_server: too many resolution errors, ignoring server
11-05 11:09:20.582   369  6277 I resolv  : res_stats_usable_server: too many resolution errors, ignoring server
11-05 11:09:21.778   369  6270 I resolv  : res_nsend: used send_dg 0 terrno: 110
11-05 11:09:23.355   369  6255 I resolv  : res_nsend: used send_dg 0 terrno: 110
11-05 11:09:23.355   369  6252 I resolv  : res_nsend: used send_dg 0 terrno: 110
11-05 11:09:23.363   369  6254 I resolv  : res_nsend: used send_dg 0 terrno: 110
11-05 11:09:23.366   369  6253 I resolv  : res_nsend: used send_dg 0 terrno: 110
11-05 11:09:23.798   369  6264 I resolv  : res_nsend: used send_dg 0 terrno: 110
11-05 11:09:23.799   841   841 W DnsResolver: resNetworkResult:android.system.ErrnoException: resNetworkResult failed: ETIMEDOUT (Connection timed out)
11-05 11:09:23.801   841  6261 D NetworkMonitor/103: PROBE_DNS www.google.com 10037ms FAIL in type ADDRCONFIG android.net.DnsResolver$DnsException: android.system.ErrnoException: resNetworkResult failed: ETIMEDOUT (Connection timed out)
