--------- beginning of kernel
11-05 11:05:38.314     0     0 I logd    : logdr: UID=2000 GID=2000 PID=5926 b tail=0 logMask=99 pid=0 start=0ns deadline=0ns
--------- beginning of main
11-05 11:05:39.141   369  5915 I resolv  : res_nsend: used send_dg 0 terrno: 110
11-05 11:05:39.141   369  5915 I resolv  : doQuery: rcode=255, ancount=0, return value=-110
11-05 11:05:39.148   369  5916 I resolv  : res_nsend: used send_dg 0 terrno: 110
11-05 11:05:39.148   369  5916 I resolv  : doQuery: rcode=255, ancount=0, return value=-110
11-05 11:05:39.149  1394  5774 W dfak    : [{0}] Failed to resolve name. status={1}
11-05 11:05:39.402   369  5921 I resolv  : res_nsend: used send_dg 0 terrno: 110
11-05 11:05:39.402   369  5922 I resolv  : res_nsend: used send_dg 0 terrno: 110
11-05 11:05:39.402   369  5921 I resolv  : doQuery: rcode=255, ancount=0, return value=-110
11-05 11:05:39.402   369  5922 I resolv  : doQuery: rcode=255, ancount=0, return value=-110
11-05 11:05:39.402   369  5919 I resolv  : res_nsend: used send_dg 0 terrno: 110
11-05 11:05:39.402   369  5919 I resolv  : doQuery: rcode=255, ancount=0, return value=-110
11-05 11:05:39.407   841  5906 D NetworkMonitor/100: PROBE_HTTP http://connectivitycheck.gstatic.com/generate_204 Probe failed with exception java.net.UnknownHostException: Unable to resolve host "connectivitycheck.gstatic.com": No address associated with hostname
11-05 11:05:39.407   369  5920 I resolv  : res_nsend: used send_dg 0 terrno: 110
11-05 11:05:39.407   369  5920 I resolv  : doQuery: rcode=255, ancount=0, return value=-110
11-05 11:05:39.409   841  5905 D NetworkMonitor/100: PROBE_HTTPS https://www.google.com/generate_204 Probe failed with exception java.net.UnknownHostException: Unable to resolve host "www.google.com": No address associated with hostname
11-05 11:05:39.411   841  5904 D NetworkMonitor/100: isCaptivePortal: isSuccessful()=false isPortal()=false RedirectUrl=null isPartialConnectivity()=false Time=20076ms
11-05 11:05:39.422   587   709 D ConnectivityService: [100 WIFI] validation failed
11-05 11:05:39.430   587   709 D ConnectivityService: Switching to new default network for: uid/pid:1000/587 activeRequest: 1 callbackRequest: 1 [NetworkRequest [ REQUEST id=1, [ Capabilities: INTERNET&NOT_RESTRICTED&TRUSTED&NOT_VPN&NOT_VCN_MANAGED RequestorUid: 1000 RequestorPkg: android UnderlyingNetworks: Null] ]] callback flags: 1 order: 2147483647 using NetworkAgentInfo{network{101}  handle{437197393933}  ni{MOBILE[LTE] CONNECTED extra: epc.tmobile.com} created=2025-11-05T10:25:39.775Z Score(Policies : EVER_VALIDATED_NOT_AVOIDED_WHEN_BAD&IS_VALIDATED ; KeepConnected : 0)  created everValidated lastValidated  lp{{InterfaceName: eth0 LinkAddresses: [ 10.0.2.15/24 ] DnsAddresses: [ /10.0.2.3 ] Domains: null MTU: 1500 TcpBufferSizes: 2097152,6291456,16777216,512000,2097152,8388608 Routes: [ 0.0.0.0/0 -> 10.0.2.2 eth0 mtu 1500,10.0.2.0/24 -> 0.0.0.0 eth0 mtu 0 ]}}  nc{[ Transports: CELLULAR Capabilities: MMS&SUPL&DUN&FOTA&IMS&CBS&INTERNET&NOT_RESTRICTED&TRUSTED&NOT_VPN&VALIDATED&NOT_ROAMING&NOT_CONGESTED&NOT_SUSPENDED&NOT_VCN_MANAGED LinkUpBandwidth>=1800Kbps LinkDnBandwidth>=4300Kbps Specifier: <TelephonyNetworkSpecifier [mSubId = 1]> SubscriptionIds: {1} UnderlyingNetworks: Null]}  factorySerialNumber=4}
11-05 11:05:39.437   369   369 I netd    : networkSetDefault(101) <6.01ms>
--------- beginning of system
11-05 11:05:39.447   369   414 E NetlinkEvent: NetlinkEvent::FindParam(): Parameter 'INTERFACE' not found
11-05 11:05:39.448   369   414 E NetlinkEvent: NetlinkEvent::FindParam(): Parameter 'STATE' not found
11-05 11:05:39.448   369   414 E NetlinkEvent: NetlinkEvent::FindParam(): Parameter 'TIME_NS' not found
11-05 11:05:39.448   369   414 E NetlinkEvent: NetlinkEvent::FindParam(): Parameter 'UID' not found
11-05 11:05:39.448   369   369 I netd    : idletimerAddInterface(eth0, 10, 0) <2.21ms>
11-05 11:05:39.454   369   369 I netd    : idletimerRemoveInterface(wlan0, 15, 1) <1.59ms>
11-05 11:05:39.456   369   369 I netd    : setTcpRWmemorySize(2097152 6291456 16777216, 512000 2097152 8388608) <0.11ms>
11-05 11:05:39.495   369   369 I netd    : tetherGetStats() -> {[]} <1.59ms>
11-05 11:05:39.508   587   840 D NetworkTimeUpdateService: New default network 101; checking time.
11-05 11:05:39.526   841   970 D UpstreamNetworkMonitor: New default Internet network: 101
11-05 11:05:39.541   587   709 D CompatibilityChangeReporter: Compat change id reported: 171306433; UID 1000; state: ENABLED
11-05 11:05:39.546   587   709 D CompatibilityChangeReporter: Compat change id reported: 218533173; UID 1000; state: ENABLED
11-05 11:05:39.566   369   369 I netd    : networkSetPermissionForNetwork(101, 0) <15.35ms>
11-05 11:05:39.614   587   709 D ConnectivityService: Sending DISCONNECTED broadcast for type 1 [100 WIFI] isDefaultNetwork=true
11-05 11:05:39.622   587   709 W ContextImpl: Calling a method in the system process without a qualified user: android.app.ContextImpl.sendStickyBroadcast:1586 com.android.server.ConnectivityService.sendStickyBroadcast:3055 com.android.server.ConnectivityService.sendLegacyNetworkBroadcast:9448 com.android.server.ConnectivityService$LegacyTypeTracker.remove:1077 com.android.server.ConnectivityService.updateLegacyTypeTrackerAndVpnLockdownForRematch:8978 
11-05 11:05:39.626   928  1197 D com.android.ons.ONSProfileActivator: Internet connection lost
11-05 11:05:39.627   587  1801 D CompatibilityChangeReporter: Compat change id reported: 161145287; UID 10109; state: DISABLED
11-05 11:05:39.631   369   369 I netd    : bandwidthRemoveInterfaceQuota(eth0) <4.68ms>
11-05 11:05:39.636   369   369 I netd    : bandwidthSetInterfaceQuota(eth0, 9223372036854775807) <2.08ms>
11-05 11:05:39.640   928   928 D TelephonyManager: requestModemActivityInfo: Sending result to app: ModemActivityInfo{ mTimestamp=2461314 mSleepTimeMs=0 mIdleTimeMs=1229431 mActivityStatsTechSpecificInfo=[{mRat=UNKNOWN,mFrequencyRange=UNKNOWN,mTxTimeMs[]=[0, 0, 0, 0, 0],mRxTimeMs=0}]}
11-05 11:05:39.643   369   369 I netd    : bandwidthRemoveInterfaceQuota(eth0) <4.73ms>
11-05 11:05:39.647   369   369 I netd    : bandwidthSetInterfaceQuota(eth0, 9223372036854775807) <2.16ms>
11-05 11:05:39.651   587   605 W Looper  : Slow dispatch took 127ms android.fg h=android.os.Handler c=com.android.server.timedetector.TimeDetectorService$$ExternalSyntheticLambda3@4899808 m=0
11-05 11:05:39.652   587   605 I GnssNetworkConnectivityHandler: Network connection lost. Available networks count: 1
11-05 11:05:39.676   587   709 D ConnectivityService: Sending CONNECTED broadcast for type 0 [101 CELLULAR] isDefaultNetwork=true
11-05 11:05:39.677   587   709 W ContextImpl: Calling a method in the system process without a qualified user: android.app.ContextImpl.sendStickyBroadcast:1586 com.android.server.ConnectivityService.sendStickyBroadcast:3055 com.android.server.ConnectivityService.sendGeneralBroadcast:3028 com.android.server.ConnectivityService.sendConnectedBroadcast:3001 com.android.server.ConnectivityService.sendLegacyNetworkBroadcast:9420 
11-05 11:05:39.689   587   605 I GnssNetworkConnectivityHandler: updateNetworkState, state=CLOSED, connected=false, network=100, capabilities=[ Transports: WIFI Capabilities: NOT_METERED&INTERNET&NOT_RESTRICTED&TRUSTED&NOT_VPN&VALIDATED&NOT_ROAMING&FOREGROUND&NOT_CONGESTED&NOT_SUSPENDED&NOT_VCN_MANAGED LinkUpBandwidth>=12000Kbps LinkDnBandwidth>=30000Kbps TransportInfo: <SSID: <unknown ssid>, BSSID: 02:00:00:00:00:00, MAC: 02:00:00:00:00:00, IP: /10.0.2.16, Security type: 0, Supplicant state: COMPLETED, Wi-Fi standard: 1, RSSI: -50, Link speed: 1Mbps, Tx Link speed: 1Mbps, Max Supported Tx Link speed: 11Mbps, Rx Link speed: 2Mbps, Max Supported Rx Link speed: 11Mbps, Frequency: 2447MHz, Net ID: -1, Metered hint: false, score: 60, isUsable: true, CarrierMerged: false, SubscriptionId: -1, IsPrimary: 1, Trusted: true, Restricted: false, Ephemeral: false, OEM paid: false, OEM private: false, OSU AP: false, FQDN: <none>, Provider friendly name: <none>, Requesting package name: <none><none>MLO Information: , AP MLD Address: <none>, AP MLO Link Id: <none>, AP MLO Affiliated links: <none>> SignalStrength: -50 AdminUids: [10139] SSID: "AndroidWifi" UnderlyingNetworks: Null], availableNetworkCount: 1
11-05 11:05:39.694  5294  5294 E cr_BTSPrefs: No data found for task id: 53
11-05 11:05:39.694  5294  5294 E cr_BkgrdTaskScheduler: Task cannot be canceled because no data was found instorage or data was invalid
11-05 11:05:39.675   768  1010 D EGL_emulation: app_time_stats: avg=8895.18ms min=8895.18ms max=8895.18ms count=1
11-05 11:05:39.713  1335  1873 I DeviceStatusMonitor: DeviceStatusMonitor.handleBroadcast():123 onReceive() : Action = android.net.conn.CONNECTIVITY_CHANGE
11-05 11:05:39.729  1335  1873 I DeviceStatusMonitor: DeviceStatusMonitor.notifyIfNetworkChanged():180 notifyIfNetworkChanged: newState = NON_METERED, airplaneModeOn = false, notifyAnyway = false
11-05 11:05:39.767   587   616 D ActivityManager: sync unfroze 5147 com.google.android.youtube
11-05 11:05:39.798  1394  4978 I PinnedContentDownloader: Finished downloading pinned content.
11-05 11:05:39.799   587   616 W BroadcastQueue: Target SDK mismatch: receiver ActivityInfo{6242cb4 com.google.android.apps.photos.actionqueue.impl.SystemReceiver} targets 33 but delivery restricted to [0, 23] broadcasting Intent { act=android.net.conn.CONNECTIVITY_CHANGE flg=0x4200010 (has extras) } from android (pid=587, uid=1000) to com.google.android.apps.photos/.actionqueue.impl.SystemReceiver
11-05 11:05:39.800   587   709 W system_server: Long monitor contention with owner ActivityManager (616) at void com.android.server.am.BroadcastQueue.processNextBroadcast(boolean)(BroadcastQueue.java:1160) waiters=0 in int com.android.server.am.ActivityManagerService.broadcastIntentWithFeature(android.app.IApplicationThread, java.lang.String, android.content.Intent, java.lang.String, android.content.IIntentReceiver, int, java.lang.String, android.os.Bundle, java.lang.String[], java.lang.String[], java.lang.String[], int, android.os.Bundle, boolean, boolean, int) for 122ms
11-05 11:05:39.805   587   709 D ConnectivityService: NetReassign [81 : 100 → 101, 49 : 100 → 101, 40 : 100 → 101, 35 : 100 → 101, 91 : 100 → 101, 46 : 100 → 101, 26 : 100 → 101, 78 : 100 → 101, 24 : 100 → 101, 94 : 100 → 101, 146 : 100 → 101, 130 : 100 → 101, 103 : 100 → 101, 158 : 100 → 101, 137 : 100 → 101, 105 : 100 → 101, 18 : 100 → 101, 160 : 100 → 101, 107 : 100 → 101, 165 : 100 → 101, 42 : 100 → 101, 70 : 100 → 101, 33 : 100 → 101, 156 : 100 → 101, 163 : 100 → 101, 37 : 100 → 101, 60 : 100 → 101, 109 : 100 → 101, 14 : 100 → 101, 20 : 100 → 101, 29 : 100 → 101, 22 : 100 → 101, 111 : 100 → 101, 16 : 100 → 101, 1 : 100 → 101, 149 : 100 → 101, 167 : 100 → 101, 68 : 100 → 101, 170 : 100 → 101, 31 : 100 → 101, 152 : 100 → 101, 96 : 100 → 101, 7 : 100 → 101] [c 0] [a 375] [i 2]
11-05 11:05:39.809   369  5935 I resolv  : GetAddrInfoHandler::run: {101 786533 101 983141 10102 0}
11-05 11:05:39.815   369  5937 I resolv  : res_nmkquery: (QUERY, IN, A)
11-05 11:05:39.818  2331  2827 I CarrierServices: [56] cun.c: Connected state: [1], networkType: [MOBILE]
11-05 11:05:39.827   369  5936 I resolv  : res_nmkquery: (QUERY, IN, AAAA)
11-05 11:05:39.838   587   709 D ConnectivityService: handleNetworkUnvalidated [100 WIFI] cap=[ Transports: WIFI Capabilities: NOT_METERED&INTERNET&NOT_RESTRICTED&TRUSTED&NOT_VPN&NOT_ROAMING&FOREGROUND&NOT_CONGESTED&NOT_SUSPENDED&NOT_VCN_MANAGED LinkUpBandwidth>=12000Kbps LinkDnBandwidth>=30000Kbps Specifier: <WifiNetworkAgentSpecifier [WifiConfiguration=, SSID="AndroidWifi", BSSID=00:13:10:85:fe:01, band=1, mMatchLocalOnlySpecifiers=false]> TransportInfo: <SSID: "AndroidWifi", BSSID: 00:13:10:85:fe:01, MAC: 02:15:b2:00:00:00, IP: /10.0.2.16, Security type: 0, Supplicant state: COMPLETED, Wi-Fi standard: 1, RSSI: -50, Link speed: 1Mbps, Tx Link speed: 1Mbps, Max Supported Tx Link speed: 11Mbps, Rx Link speed: 2Mbps, Max Supported Rx Link speed: 11Mbps, Frequency: 2447MHz, Net ID: 0, Metered hint: false, score: 60, isUsable: true, CarrierMerged: false, SubscriptionId: -1, IsPrimary: 1, Trusted: true, Restricted: false, Ephemeral: false, OEM paid: false, OEM private: false, OSU AP: false, FQDN: <none>, Provider friendly name: <none>, Requesting package name: <none>"AndroidWifi"openMLO Information: , AP MLD Address: <none>, AP MLO Link Id: <none>, AP MLO Affiliated links: <none>> SignalStrength: -50 OwnerUid: 10139 AdminUids: [10139] SSID: "AndroidWifi" UnderlyingNetworks: Null]
11-05 11:05:39.862  1335  1873 I DeviceStatusMonitor: DeviceStatusMonitor.handleBroadcast():123 onReceive() : Action = android.net.conn.CONNECTIVITY_CHANGE
11-05 11:05:39.865   587   616 W BroadcastQueue: Target SDK mismatch: receiver ActivityInfo{18214d1 com.google.android.apps.photos.jobqueue.JobServiceBroadcastReceiver} targets 33 but delivery restricted to [0, 23] broadcasting Intent { act=android.net.conn.CONNECTIVITY_CHANGE flg=0x4200010 (has extras) } from android (pid=587, uid=1000) to com.google.android.apps.photos/.jobqueue.JobServiceBroadcastReceiver
11-05 11:05:39.867   587   616 W BroadcastQueue: Target SDK mismatch: receiver ActivityInfo{160bb36 com.google.android.gms.gcm.ServiceAutoStarter} targets 33 but delivery restricted to [0, 23] broadcasting Intent { act=android.net.conn.CONNECTIVITY_CHANGE flg=0x4200010 (has extras) } from android (pid=587, uid=1000) to com.google.android.gms/.gcm.ServiceAutoStarter
11-05 11:05:39.872   587   616 W BroadcastQueue: Target SDK mismatch: receiver ActivityInfo{fe5a37 com.google.android.apps.photos.actionqueue.impl.SystemReceiver} targets 33 but delivery restricted to [0, 23] broadcasting Intent { act=android.net.conn.CONNECTIVITY_CHANGE flg=0x4200010 (has extras) } from android (pid=587, uid=1000) to com.google.android.apps.photos/.actionqueue.impl.SystemReceiver
11-05 11:05:39.872  1335  1873 I DeviceStatusMonitor: DeviceStatusMonitor.notifyIfNetworkChanged():180 notifyIfNetworkChanged: newState = NON_METERED, airplaneModeOn = false, notifyAnyway = false
11-05 11:05:39.873   587   616 W BroadcastQueue: Target SDK mismatch: receiver ActivityInfo{9535ba4 com.google.android.apps.photos.jobqueue.JobServiceBroadcastReceiver} targets 33 but delivery restricted to [0, 23] broadcasting Intent { act=android.net.conn.CONNECTIVITY_CHANGE flg=0x4200010 (has extras) } from android (pid=587, uid=1000) to com.google.android.apps.photos/.jobqueue.JobServiceBroadcastReceiver
11-05 11:05:39.874   587   616 W BroadcastQueue: Target SDK mismatch: receiver ActivityInfo{3422d0d com.google.android.gms.gcm.ServiceAutoStarter} targets 33 but delivery restricted to [0, 23] broadcasting Intent { act=android.net.conn.CONNECTIVITY_CHANGE flg=0x4200010 (has extras) } from android (pid=587, uid=1000) to com.google.android.gms/.gcm.ServiceAutoStarter
11-05 11:05:39.910  2331  2827 I CarrierServices: [56] cun.c: Connected state: [1], networkType: [MOBILE]
11-05 11:05:39.913  2331  2827 I CarrierServices: [56] cun.c: Connected state: [1], networkType: [MOBILE]
11-05 11:05:39.950  4377  4624 I NearbyDiscovery: FastPairHandler: Received action android.net.conn.CONNECTIVITY_CHANGE [CONTEXT service_id=49 ]
11-05 11:05:39.957   587   702 D WifiClientModeImpl[wlan0]: NETWORK_STATUS_UNWANTED_VALIDATION_FAILED
11-05 11:05:39.978  4377  4624 I NearbyDiscovery: FastPairHandler: Received action android.net.conn.CONNECTIVITY_CHANGE [CONTEXT service_id=49 ]
11-05 11:05:40.018  4377  5633 I ChimeraSrvcProxy: NullBinder for android.net.action.RECOMMEND_NETWORKS triggering remote TransactionTooLargeException due to Service without Chimera impl
11-05 11:05:40.019  4377  5633 W .gms.persistent: Large reply transaction of 1056768 bytes, interface descriptor , code 1
11-05 11:05:40.055   587   736 W system_server: Long monitor contention with owner NetworkPolicy (700) at android.telephony.SubscriptionPlan com.android.server.net.NetworkPolicyManagerService.getSubscriptionPlan(android.net.NetworkTemplate)(NetworkPolicyManagerService.java:3502) waiters=0 in void com.android.server.net.NetworkPolicyManagerService$11.onCapabilitiesChanged(android.net.Network, android.net.NetworkCapabilities) for 124ms
11-05 11:05:40.068   369   369 I netd    : bandwidthRemoveInterfaceQuota(eth0) <1.49ms>
11-05 11:05:40.074   369   369 I netd    : bandwidthSetInterfaceQuota(eth0, 9223372036854775807) <4.16ms>
11-05 11:05:40.080   369   369 I netd    : bandwidthRemoveInterfaceQuota(eth0) <1.78ms>
11-05 11:05:40.084   369   369 I netd    : bandwidthSetInterfaceQuota(eth0, 9223372036854775807) <4.01ms>
11-05 11:05:40.093   587   702 W LastMileLogger: Failed to read event trace: /sys/kernel/debug/tracing/instances/wifi/trace
11-05 11:05:40.106   587   602 D CompatibilityChangeReporter: Compat change id reported: 135634846; UID 10103; state: DISABLED
11-05 11:05:40.113   587   617 D CompatibilityChangeReporter: Compat change id reported: 143937733; UID 10103; state: ENABLED
11-05 11:05:40.131  4377  5824 W ctxmgr  : [NetworkStateProducer] No state change for network connection context [CONTEXT service_id=47 ]
11-05 11:05:40.132   370   370 D Zygote  : Forked child process 5942
11-05 11:05:40.151  1394  1394 D BoundBrokerSvc: onBind: Intent { act=com.google.android.gms.potokens.service.START dat=chimera-action: cmp=com.google.android.gms/.chimera.GmsApiService }
11-05 11:05:40.151  1394  1394 D BoundBrokerSvc: Loading bound service for intent: Intent { act=com.google.android.gms.potokens.service.START dat=chimera-action: cmp=com.google.android.gms/.chimera.GmsApiService }
11-05 11:05:40.155  5942  5942 W .apps.messaging: Unexpected CPU variant for x86: x86_64.
11-05 11:05:40.155  5942  5942 W .apps.messaging: Known variants: atom, sandybridge, silvermont, kabylake, default
11-05 11:05:40.170   460   522 I adbd    : jdwp connection from 5942
11-05 11:05:40.193   587   617 W ActivityManager: Slow operation: 88ms so far, now at startProcess: done updating battery stats
11-05 11:05:40.193   587   617 W ActivityManager: Slow operation: 89ms so far, now at startProcess: building log message
11-05 11:05:40.193   587   617 I ActivityManager: Start proc 5942:com.google.android.apps.messaging/u0a103 for content provider {com.google.android.apps.messaging/com.google.android.apps.messaging.shared.datamodel.provider.sharedstorage.SharedStorageProvider}
11-05 11:05:40.194   587   617 W ActivityManager: Slow operation: 89ms so far, now at startProcess: starting to update pids map
11-05 11:05:40.194   587   617 W ActivityManager: Slow operation: 89ms so far, now at startProcess: done updating pids map
11-05 11:05:40.232  5942  5942 D CompatibilityChangeReporter: Compat change id reported: 171979766; UID 10103; state: ENABLED
11-05 11:05:40.248   587   616 D CompatibilityChangeReporter: Compat change id reported: 168419799; UID 10096; state: DISABLED
11-05 11:05:40.272   928   938 W m.android.phone: Suspending all threads took: 6.160ms
11-05 11:05:40.321  5942  5942 D nativeloader: Configuring classloader-namespace for other apk /system/framework/org.apache.http.legacy.jar. target_sdk_version=33, uses_libraries=ALL, library_path=/product/priv-app/PrebuiltBugle/lib/x86_64:/product/priv-app/PrebuiltBugle/PrebuiltBugle.apk!/lib/x86_64, permitted_path=/data:/mnt/expand:/data/user/0/com.google.android.apps.messaging
11-05 11:05:40.327  5942  5942 D nativeloader: Configuring classloader-namespace for other apk /system_ext/framework/androidx.window.extensions.jar. target_sdk_version=33, uses_libraries=ALL, library_path=/product/priv-app/PrebuiltBugle/lib/x86_64:/product/priv-app/PrebuiltBugle/PrebuiltBugle.apk!/lib/x86_64, permitted_path=/data:/mnt/expand:/data/user/0/com.google.android.apps.messaging
11-05 11:05:40.331  5942  5942 D nativeloader: Configuring classloader-namespace for other apk /system_ext/framework/androidx.window.sidecar.jar. target_sdk_version=33, uses_libraries=ALL, library_path=/product/priv-app/PrebuiltBugle/lib/x86_64:/product/priv-app/PrebuiltBugle/PrebuiltBugle.apk!/lib/x86_64, permitted_path=/data:/mnt/expand:/data/user/0/com.google.android.apps.messaging
11-05 11:05:40.385   928   938 I m.android.phone: Background young concurrent copying GC freed 71732(3061KB) AllocSpace objects, 0(0B) LOS objects, 34% free, 4289KB/6570KB, paused 568us,6.624ms total 164.152ms
11-05 11:05:40.438   841  5960 D TrafficStats: tagSocket(71) with statsTag=0xffffff81, statsUid=-1
11-05 11:05:40.443   841  5960 D TrafficStats: tagSocket(71) with statsTag=0xffffff81, statsUid=-1
11-05 11:05:40.447  5147  5167 W android.youtube: Reducing the number of considered missed Gc histogram windows from 168 to 100
11-05 11:05:40.447   841  5959 D TrafficStats: tagSocket(101) with statsTag=0xffffff81, statsUid=-1
11-05 11:05:40.464   369  5961 I resolv  : ResNSendHandler::run: 0 / {100 983140 100 983140 1073 1}
11-05 11:05:40.466   369  5961 I resolv  : res_stats_usable_server: too many resolution errors, ignoring server
11-05 11:05:40.483   369  5962 I resolv  : ResNSendHandler::run: 0 / {100 983140 100 983140 1073 1}
11-05 11:05:40.484   369  5962 I resolv  : res_stats_usable_server: too many resolution errors, ignoring server
11-05 11:05:40.491  5942  5942 D nativeloader: Configuring vendor-classloader-namespace for unbundled product apk /product/priv-app/PrebuiltBugle/PrebuiltBugle.apk. target_sdk_version=33, uses_libraries=, library_path=/product/priv-app/PrebuiltBugle/lib/x86_64:/product/priv-app/PrebuiltBugle/PrebuiltBugle.apk!/lib/x86_64:/product/lib64:/system/product/lib64, permitted_path=/data:/mnt/expand:/data/user/0/com.google.android.apps.messaging:/product/lib64:/system/product/lib64
11-05 11:05:40.515   587   702 I WifiClientModeImpl[wlan0]: Temporarily disabling network because of no-internet access
11-05 11:05:40.539  5942  5942 V GraphicsEnvironment: ANGLE Developer option for 'com.google.android.apps.messaging' set to: 'default'
11-05 11:05:40.540  5942  5942 V GraphicsEnvironment: ANGLE GameManagerService for com.google.android.apps.messaging: false
11-05 11:05:40.540  5942  5942 V GraphicsEnvironment: Neither updatable production driver nor prerelease driver is supported.
11-05 11:05:40.545   841  5959 D TrafficStats: tagSocket(79) with statsTag=0xffffff81, statsUid=-1
11-05 11:05:40.576  5942  5942 D NetworkSecurityConfig: No Network Security Config specified, using platform default
11-05 11:05:40.583  5942  5942 D NetworkSecurityConfig: No Network Security Config specified, using platform default
11-05 11:05:40.591   369  5964 I resolv  : ResNSendHandler::run: 0 / {100 983140 100 983140 1073 1}
11-05 11:05:40.591   369  5964 I resolv  : res_stats_usable_server: too many resolution errors, ignoring server
11-05 11:05:40.603   369  5965 I resolv  : ResNSendHandler::run: 0 / {100 983140 100 983140 1073 1}
11-05 11:05:40.603   369  5965 I resolv  : res_stats_usable_server: too many resolution errors, ignoring server
11-05 11:05:40.879  5942  5942 I MultiDex: VM with version 2.1.0 has multidex support
11-05 11:05:40.880  5942  5942 I MultiDex: Installing application
11-05 11:05:40.880  5942  5942 I MultiDex: VM has multidex support, MultiDex support library is disabled.
11-05 11:05:41.084   587  1801 D CompatibilityChangeReporter: Compat change id reported: 161145287; UID 10103; state: DISABLED
11-05 11:05:41.180  5942  5942 I bnef    : SslGuard completed installation.
11-05 11:05:41.193  5942  5973 W .apps.messaging: Accessing hidden field Ljava/util/Collections$SynchronizedCollection;->mutex:Ljava/lang/Object; (max-target-o, reflection, denied)
11-05 11:05:41.194  5942  5973 W .apps.messaging: Accessing hidden method Ljava/util/Collections$SynchronizedSet;-><init>(Ljava/util/Set;Ljava/lang/Object;)V (max-target-o, reflection, denied)
11-05 11:05:41.198  5942  5973 W .apps.messaging: Accessing hidden method Ljava/util/Collections$SynchronizedCollection;-><init>(Ljava/util/Collection;Ljava/lang/Object;)V (max-target-o, reflection, denied)
11-05 11:05:41.242  5942  5972 W NativeCrashHandlerImpl: unable to load native_crash_handler_jni
11-05 11:05:41.242  5942  5972 W NativeCrashHandlerImpl: java.lang.UnsatisfiedLinkError: dlopen failed: library "libnative_crash_handler_jni.so" not found
11-05 11:05:41.242  5942  5972 W NativeCrashHandlerImpl: 	at java.lang.Runtime.loadLibrary0(Runtime.java:1077)
11-05 11:05:41.242  5942  5972 W NativeCrashHandlerImpl: 	at java.lang.Runtime.loadLibrary0(Runtime.java:998)
11-05 11:05:41.242  5942  5972 W NativeCrashHandlerImpl: 	at java.lang.System.loadLibrary(System.java:1661)
11-05 11:05:41.242  5942  5972 W NativeCrashHandlerImpl: 	at com.google.android.libraries.performance.primes.metrics.crash.NativeCrashHandlerImpl.b(PG:3)
11-05 11:05:41.242  5942  5972 W NativeCrashHandlerImpl: 	at bkzh.run(Unknown Source:4)
11-05 11:05:41.242  5942  5972 W NativeCrashHandlerImpl: 	at java.lang.Thread.run(Thread.java:1012)
11-05 11:05:41.294  5942  5942 I Bugle   : BugleApplicationBase: Bugle version: messages.android_20220809_01_rc02_alldpi.x86_64.phone
11-05 11:05:41.302  5942  5942 I Bugle   : DarkModeManager: setDarkMode: -1
11-05 11:05:41.400  5942  5975 I Bugle   : Initializing EmojiCompat
11-05 11:05:41.412  5942  5975 I CarrierServices: [73] ayuz.b: Initializing Carrier Services Library.
11-05 11:05:41.428  4377  5633 I FontLog : Received query Noto Color Emoji Compat, URI content://com.google.android.gms.fonts [CONTEXT service_id=132 ]
11-05 11:05:41.439  4377  5633 I FontLog : Query [Noto Color Emoji Compat] resolved to {Noto Color Emoji Compat, wdth 100.0, wght 400, ital 0.0, bestEffort false} [CONTEXT service_id=132 ]
11-05 11:05:41.448  4377  5633 I FontLog : Fetch {Noto Color Emoji Compat, wdth 100.0, wght 400, ital 0.0, bestEffort false} end status Status{statusCode=SUCCESS, resolution=null} [CONTEXT service_id=132 ]
11-05 11:05:41.462  4377  5633 I FontLog : Pulling font file for id = 10, cache size = 7 [CONTEXT service_id=132 ]
11-05 11:05:41.494  4377  5633 I FontLog : Pulling font file for id = 10, cache size = 7 [CONTEXT service_id=132 ]
11-05 11:05:41.748  5942  5975 I CarrierServices: [73] ayuz.a: Initializing Carrier Services Logging.
11-05 11:05:41.801  5942  5975 I LogSaver: LogSaver new instance with filename: carrier_services
11-05 11:05:41.816  5942  5975 I BugleBackup: Registering preference change listener for "bugle".
11-05 11:05:41.932  5942  5977 I Bugle   : TelephonyManagerFactory: Returning per-subscription TelephonyManager (>= N) subscription{id:1}
11-05 11:05:42.668  4377  4438 W BpBinder: Large outgoing transaction of 336880 bytes, interface descriptor <uncached descriptor>, code 4
11-05 11:05:42.845  5942  5977 I BugleRcsProvisioning: BugleSystemBindingManager: onBuglePhenotypeFlagChanged
11-05 11:05:42.846  5942  5977 I BugleRcsProvisioning: BugleSystemBindingManager: onCsLibPhenotypeUpdated
11-05 11:05:42.850  5942  5977 I BugleRcsEngine: [75] aptv.b: SystemBindingManager: force P/H Flag update scheduled and start updateBinding
11-05 11:05:42.855  5942  5980 I BugleRcsEngine: [78] aymr.run: SystemBindingManager: SystemBinding enabled: true
11-05 11:05:42.860  5942  5975 W BugleRcsEngine: [73] ayqe.x: Unable to send diagnostic log
11-05 11:05:42.861  5942  5984 W BugleRcsEngine: [81] ayqe.x: Unable to send diagnostic log
11-05 11:05:42.865  5942  5980 I BugleRcsEngine: [78] ayms.b: System Binding updated
11-05 11:05:42.884  5942  5977 I BugleDataModel: TransactionManagerImpl: tx:  ParticipantsColumnSetter#updatePhenotypeColumn  started
11-05 11:05:42.914  5942  5983 W BugleAction: Empty msisdn in BugleSharedPrefs
11-05 11:05:42.914  5942  5983 W BugleAction: Failed to get msisdn from Bugle
11-05 11:05:42.915  5942  5983 I Bugle   : RcsAvailabilityUtilForProvisioningEngineV2: updateAvailabilityAsync, hint: NO_HINT
11-05 11:05:42.919  5942  5985 W BugleRcsEngine: [82] azxd.b: [SR]: Single Registration is disabled. Skipping Single Registration capability check for subId: 1, OS.isAtLeastS:[true], enableSingleRegistrationProvisioning:[false]
11-05 11:05:42.922  5942  5983 I BugleRcsProvisioning: RcsAvailabilityUpdaterLocal: updateAvailabilityAsync: scheduling updateRcsAvailability call, hint: NO_HINT, enableWelcomePopupWithoutGoogleTos: false, reshowSuccessPopup: false
11-05 11:05:42.928  5942  5983 W BugleAction: Failed to get msisdn from RcsProfileService
11-05 11:05:42.930  5942  5977 I BugleDataModel: TransactionManagerImpl: tx:  ParticipantsColumnSetter#updatePhenotypeColumn  ended
11-05 11:05:42.932  5942  5983 W BugleAction: boqd: Jibe SDK Service not available. Is the Jibe SDK service running? Did you call connect() and wait for the notification before calling an API function?
11-05 11:05:42.932  5942  5983 W BugleAction: 	at bopv.b(PG:2)
11-05 11:05:42.932  5942  5983 W BugleAction: 	at com.google.android.rcs.client.profile.RcsProfileService.g(PG:1)
11-05 11:05:42.932  5942  5983 W BugleAction: 	at com.google.android.rcs.client.profile.RcsProfileService.getMsisdn(PG:1)
11-05 11:05:42.932  5942  5983 W BugleAction: 	at aiqz.aD(PG:16)
11-05 11:05:42.932  5942  5983 W BugleAction: 	at aiqz.M(PG:2)
11-05 11:05:42.932  5942  5983 W BugleAction: 	at agzr.g(PG:1)
11-05 11:05:42.932  5942  5983 W BugleAction: 	at agzn.call(Unknown Source:2)
11-05 11:05:42.932  5942  5983 W BugleAction: 	at brjm.a(PG:1)
11-05 11:05:42.932  5942  5983 W BugleAction: 	at brhr.a(PG:2)
11-05 11:05:42.932  5942  5983 W BugleAction: 	at bwaw.a(PG:1)
11-05 11:05:42.932  5942  5983 W BugleAction: 	at bvzz.run(PG:4)
11-05 11:05:42.932  5942  5983 W BugleAction: 	at bway.run(PG:1)
11-05 11:05:42.932  5942  5983 W BugleAction: 	at bfab.run(PG:1)
11-05 11:05:42.932  5942  5983 W BugleAction: 	at java.util.concurrent.ThreadPoolExecutor.runWorker(ThreadPoolExecutor.java:1137)
11-05 11:05:42.932  5942  5983 W BugleAction: 	at java.util.concurrent.ThreadPoolExecutor$Worker.run(ThreadPoolExecutor.java:637)
11-05 11:05:42.932  5942  5983 W BugleAction: 	at bezh.run(PG:2)
11-05 11:05:42.932  5942  5983 W BugleAction: 	at bezn.run(PG:4)
11-05 11:05:42.932  5942  5983 W BugleAction: 	at java.lang.Thread.run(Thread.java:1012)
11-05 11:05:42.934  5942  5983 W Bugle   : SubscriptionMetadataUtils get: invalid subId = -2
11-05 11:05:42.936  5942  5983 I Bugle   : TelephonyManagerFactory: Returning per-subscription TelephonyManager (>= N) subscription{id:-1}
11-05 11:05:42.939  5942  5975 W BugleRcsEngine: [73] azxd.b: [SR]: Single Registration is disabled. Skipping Single Registration capability check for subId: 1, OS.isAtLeastS:[true], enableSingleRegistrationProvisioning:[false]
11-05 11:05:42.943  5942  5977 D CompatibilityChangeReporter: Compat change id reported: 160794467; UID 10103; state: ENABLED
11-05 11:05:42.948  5942  5975 I BugleRcsProvisioning: RcsAvailabilityUpdaterLocal: RcsAvailability configuration availability and enabled status: simId: redacted-pii:sim_id[chars:20,last3:897], SipConnectionType: DUAL_REG, isConfigurationAvailableAndEnabled: false
11-05 11:05:42.948  5942  5975 I BugleRcsProvisioning: RcsAvailabilityUpdaterLocal: updateRcsAvailability, currentAvailability: 1, newAvailability: 9, hint: NO_HINT
11-05 11:05:42.950  5942  5983 I BugleBackup: Registering preference change listener for "buglesub_-1".
11-05 11:05:42.952  5942  5985 I BugleRcsProvisioning: RcsAvailabilityUpdaterLocal: RcsAvailability configuration availability and enabled status: simId: redacted-pii:sim_id[chars:20,last3:897], SipConnectionType: DUAL_REG, isConfigurationAvailableAndEnabled: false
11-05 11:05:42.952  5942  5985 I BugleRcsProvisioning: RcsAvailabilityUpdaterLocal: updateRcsAvailability, currentAvailability: 1, newAvailability: 9, hint: NO_HINT
11-05 11:05:42.955  5942  5983 W Bugle   : SubscriptionMetadataUtils get: invalid subId = -2
11-05 11:05:42.973  5942  5989 I BugleTransport: isChatAvailable: RcsAvailability is DISABLED_SIM_ABSENT (RCS is disabled due to SIM absent)
11-05 11:05:42.979  5942  5983 W Bugle   : SubscriptionMetadataUtils get: invalid subId = -2
11-05 11:05:42.980  5942  5983 W Bugle   : SubscriptionUtilsAsOfLMR1: getSelfRawNumber: subInfo is null for subscription{id:-1}
11-05 11:05:42.985  5942  5983 I BugleBackup: Registering preference change listener for "buglesub_1".
11-05 11:05:42.991  5942  5983 W BugleAction: No default number, returning empty msisdn
11-05 11:05:42.997  5942  5977 I BugleTransport: Not using Tachygram because it is disabled by RCS Configuration
11-05 11:05:42.998  5942  5977 I BugleTransport: isChatAvailable: false, enabledTransport: 1
11-05 11:05:43.049  5942  5977 I RcsClientLib: Connecting RcsEngineLifecycleService
11-05 11:05:43.056  5942  5977 I RcsClientLib: shouldUseCarrierServicesJibeService: true, CarrierServices rcs service found: true
11-05 11:05:43.064  5942  5942 I RcsClientLib: com.google.android.rcs.client.lifecycle.RcsEngineLifecycleService connected
11-05 11:05:43.080  2331  2349 I CarrierServices: [37] RcsEngineImpl.triggerStopRcsStack: Stop Registration for redacted-pii:phone_number[chars:0,last2:]
11-05 11:05:43.082  2331  2815 I CarrierServices: [55] dnz.handleMessage: RCS engine STOP RCS stack
11-05 11:05:43.091  5942  5992 I RcsClientLib: Disconnecting RcsEngineLifecycleService
11-05 11:05:43.438   369  5994 I resolv  : GetAddrInfoHandler::run: {100 983140 100 983140 1073 1}
11-05 11:05:43.440   369  5996 I resolv  : res_nmkquery: (QUERY, IN, A)
11-05 11:05:43.442   369  5995 I resolv  : res_nmkquery: (QUERY, IN, AAAA)
11-05 11:05:43.443   369  5995 I resolv  : res_stats_usable_server: too many resolution errors, ignoring server
11-05 11:05:43.447   369  5996 I resolv  : res_stats_usable_server: too many resolution errors, ignoring server
11-05 11:05:44.827   369  5937 I resolv  : res_nsend: used send_dg 0 terrno: 110
11-05 11:05:44.833   369  5936 I resolv  : res_nsend: used send_dg 0 terrno: 110
11-05 11:05:45.243  5652  5652 W rules.WifiRx: FenceState currentState is not true
11-05 11:05:45.472   369  5961 I resolv  : res_nsend: used send_dg 0 terrno: 110
11-05 11:05:45.490   369  5962 I resolv  : res_nsend: used send_dg 0 terrno: 110
11-05 11:05:45.598   369  5964 I resolv  : res_nsend: used send_dg 0 terrno: 110
11-05 11:05:45.616   369  5965 I resolv  : res_nsend: used send_dg 0 terrno: 110
11-05 11:05:48.182  5942  5981 V ClearcutMetricXmitter: Transmission is done.
11-05 11:05:48.182  5942  5981 V ClearcutMetricXmitter: Transmission is done.
11-05 11:05:48.451   369  5995 I resolv  : res_nsend: used send_dg 0 terrno: 110
11-05 11:05:48.459   369  5996 I resolv  : res_nsend: used send_dg 0 terrno: 110
11-05 11:05:49.834   369  5937 I resolv  : res_nsend: used send_dg 0 terrno: 110
11-05 11:05:49.834   369  5936 I resolv  : res_nsend: used send_dg 0 terrno: 110
11-05 11:05:49.834   369  5937 I resolv  : doQuery: rcode=255, ancount=0, return value=-110
11-05 11:05:49.834   369  5936 I resolv  : doQuery: rcode=255, ancount=0, return value=-110
11-05 11:05:49.842  4377  5941 E WakeLock: GCM_HB_ALARM release without a matched acquire!
11-05 11:05:49.843  4377  5941 W WakeLock: GCM_HB_ALARM counter does not exist
11-05 11:05:49.851   587   709 D ConnectivityService: reportNetworkConnectivity(101, false) by 10102
11-05 11:05:49.854   841  2425 D NetworkMonitor/101: Forcing reevaluation for UID 10102. Dns signal count: 1
11-05 11:05:49.856  4377  5941 E WakeLock: GCM_CONN_ALARM release without a matched acquire!
11-05 11:05:49.857   841  6000 D TrafficStats: tagSocket(104) with statsTag=0xffffff81, statsUid=-1
11-05 11:05:49.856  4377  5941 W WakeLock: GCM_CONN_ALARM counter does not exist
11-05 11:05:49.857   841  5999 D TrafficStats: tagSocket(105) with statsTag=0xffffff81, statsUid=-1
11-05 11:05:49.861   841  6000 D TrafficStats: tagSocket(104) with statsTag=0xffffff81, statsUid=-1
11-05 11:05:49.864   841  5999 D TrafficStats: tagSocket(105) with statsTag=0xffffff81, statsUid=-1
11-05 11:05:49.867   369  6001 I resolv  : ResNSendHandler::run: 0 / {101 983141 101 983141 1073 1}
11-05 11:05:49.873   369  6002 I resolv  : ResNSendHandler::run: 0 / {101 983141 101 983141 1073 1}
11-05 11:05:49.873   369  6003 I resolv  : ResNSendHandler::run: 0 / {101 983141 101 983141 1073 1}
11-05 11:05:49.874   369  6004 I resolv  : ResNSendHandler::run: 0 / {101 983141 101 983141 1073 1}
11-05 11:05:50.475   369  5961 I resolv  : res_nsend: used send_dg 0 terrno: 110
11-05 11:05:50.476   841   841 W DnsResolver: resNetworkResult:android.system.ErrnoException: resNetworkResult failed: ETIMEDOUT (Connection timed out)
11-05 11:05:50.497   369  5962 I resolv  : res_nsend: used send_dg 0 terrno: 110
11-05 11:05:50.498   841   841 W DnsResolver: resNetworkResult:android.system.ErrnoException: resNetworkResult failed: ETIMEDOUT (Connection timed out)
11-05 11:05:50.498   841  5960 D NetworkMonitor/100: PROBE_DNS connectivitycheck.gstatic.com 10060ms FAIL in type ADDRCONFIG android.net.DnsResolver$DnsException: android.system.ErrnoException: resNetworkResult failed: ETIMEDOUT (Connection timed out)
11-05 11:05:50.503   369  6005 I resolv  : GetAddrInfoHandler::run: {100 983140 100 983140 1073 1}
11-05 11:05:50.506   369  6007 I resolv  : res_nmkquery: (QUERY, IN, A)
11-05 11:05:50.507   369  6006 I resolv  : res_nmkquery: (QUERY, IN, AAAA)
11-05 11:05:50.507   369  6006 I resolv  : res_stats_usable_server: too many resolution errors, ignoring server
11-05 11:05:50.509   369  6007 I resolv  : res_stats_usable_server: too many resolution errors, ignoring server
11-05 11:05:50.605   369  5964 I resolv  : res_nsend: used send_dg 0 terrno: 110
11-05 11:05:50.606   841   841 W DnsResolver: resNetworkResult:android.system.ErrnoException: resNetworkResult failed: ETIMEDOUT (Connection timed out)
11-05 11:05:50.621   369  5965 I resolv  : res_nsend: used send_dg 0 terrno: 110
11-05 11:05:50.622   841   841 W DnsResolver: resNetworkResult:android.system.ErrnoException: resNetworkResult failed: ETIMEDOUT (Connection timed out)
11-05 11:05:50.626   841  5959 D NetworkMonitor/100: PROBE_DNS www.google.com 10175ms FAIL in type ADDRCONFIG android.net.DnsResolver$DnsException: android.system.ErrnoException: resNetworkResult failed: ETIMEDOUT (Connection timed out)
11-05 11:05:50.633   369  6008 I resolv  : GetAddrInfoHandler::run: {100 983140 100 983140 1073 1}
11-05 11:05:50.634   369  6009 I resolv  : res_nmkquery: (QUERY, IN, AAAA)
11-05 11:05:50.635   369  6009 I resolv  : res_stats_usable_server: too many resolution errors, ignoring server
11-05 11:05:50.635   369  6010 I resolv  : res_nmkquery: (QUERY, IN, A)
11-05 11:05:50.642   369  6010 I resolv  : res_stats_usable_server: too many resolution errors, ignoring server
11-05 11:05:50.686   587   702 D WifiConfigStore: Writing to stores completed in 27 ms.
11-05 11:05:50.711  4377  4474 I LockboxService: Completed task: true [CONTEXT service_id=26 ]
11-05 11:05:52.372  1441  1456 W ocess.gservices: Reducing the number of considered missed Gc histogram windows from 226 to 100
11-05 11:05:52.860   369  6015 I resolv  : GetAddrInfoHandler::run: {101 983141 101 983141 1073 1}
11-05 11:05:52.906   369  6017 I resolv  : res_nmkquery: (QUERY, IN, A)
11-05 11:05:52.906   369  6016 I resolv  : res_nmkquery: (QUERY, IN, AAAA)
11-05 11:05:53.457   369  5995 I resolv  : res_nsend: used send_dg 0 terrno: 110
11-05 11:05:53.458   369  5995 I resolv  : doQuery: rcode=255, ancount=0, return value=-110
11-05 11:05:53.465   369  5996 I resolv  : res_nsend: used send_dg 0 terrno: 110
11-05 11:05:53.465   369  5996 I resolv  : doQuery: rcode=255, ancount=0, return value=-110
11-05 11:05:53.467   841  5958 D NetworkMonitor/100: PROBE_FALLBACK http://play.googleapis.com/generate_204 Probe failed with exception java.net.UnknownHostException: Unable to resolve host "play.googleapis.com": No address associated with hostname
11-05 11:05:54.877   369  6001 I resolv  : res_nsend: used send_dg 0 terrno: 110
11-05 11:05:54.880   369  6002 I resolv  : res_nsend: used send_dg 0 terrno: 110
11-05 11:05:54.880   369  6003 I resolv  : res_nsend: used send_dg 0 terrno: 110
11-05 11:05:54.882   369  6004 I resolv  : res_nsend: used send_dg 0 terrno: 110
11-05 11:05:55.313  1394  1394 D BoundBrokerSvc: onUnbind: Intent { act=com.google.android.gms.potokens.service.START dat=chimera-action: cmp=com.google.android.gms/.chimera.GmsApiService }
11-05 11:05:55.517   369  6007 I resolv  : res_nsend: used send_dg 0 terrno: 110
11-05 11:05:55.517   369  6006 I resolv  : res_nsend: used send_dg 0 terrno: 110
11-05 11:05:55.641   369  6009 I resolv  : res_nsend: used send_dg 0 terrno: 110
11-05 11:05:55.651   369  6010 I resolv  : res_nsend: used send_dg 0 terrno: 110
11-05 11:05:56.325  5942  5989 I Bugle   : BugleStartup: Registering SIM change receiver...
11-05 11:05:56.330  5942  5989 I Bugle   : BugleStartup: Updating app config...
11-05 11:05:56.342  5942  5989 I Bugle   : BugleStartup: Done with SIM change receiver & app config.
11-05 11:05:56.343  5942  5989 I Bugle   : BugleStartup: Handling shared prefs upgrade & Load MMS Configuration...
11-05 11:05:56.413  1680  6020 I GsaConfigFlagsSyncer: Flags already sync'ed.
11-05 11:05:56.421  5942  5977 I Bugle   : BugleStartup: Initializing RCS availability...
11-05 11:05:56.423  5942  5977 I Bugle   : RcsAvailabilityUtilForProvisioningEngineV2: updateAvailabilityAsync, hint: NO_HINT
11-05 11:05:56.424  5942  5977 I BugleRcsProvisioning: RcsAvailabilityUpdaterLocal: updateAvailabilityAsync: scheduling updateRcsAvailability call, hint: NO_HINT, enableWelcomePopupWithoutGoogleTos: false, reshowSuccessPopup: false
11-05 11:05:56.426  5942  5977 I Bugle   : BugleStartup: Done with RCS availability.
11-05 11:05:56.427  5942  5977 I Bugle   : BugleStartup: Done initializing with enabled individual init failures.
11-05 11:05:56.428  5942  5979 W Bugle   : BuglePhoneNumberUtils: canonicalizeMccMnc: invalid mccmnc. mcc: null, mnc: null
11-05 11:05:56.430  5942  6021 I BugleRcsEngine: [95] bawj.c: do not delay first event
11-05 11:05:56.435  5942  5969 I BugleRcsEngine: [67] bawj.c: SIM state event delay enabled: attempts 0, maxAttempts 3, delaySeconds 90 MSIM delayseconds 90, effective delay seconds 90
11-05 11:05:56.436  5942  5969 I BugleRcsEngine: [67] bawj.c: posted simEventProcessTask to handler with delay 90
11-05 11:05:56.438  5942  5969 I BugleRcsEngine: [67] bawf.d: (Sim): delay SIM event: android.intent.action.SIM_STATE_CHANGED, LOADED
11-05 11:05:56.441  5942  5969 W BugleRcsEngine: [67] bawf.d: (Sim): Unexpected action: android.intent.action.ACTION_DEFAULT_DATA_SUBSCRIPTION_CHANGED
11-05 11:05:56.442  5942  5969 W BugleRcsEngine: [67] bawf.d: (Sim): Unexpected action: android.intent.action.ACTION_DEFAULT_VOICE_SUBSCRIPTION_CHANGED
11-05 11:05:56.442  5942  6021 I BugleRcsEngine: [95] bawf.n: (Sim): Processing an intent
11-05 11:05:56.443  5942  6021 I BugleRcsEngine: [95] bawf.y: (Sim): SIM state LOADED
11-05 11:05:56.459  5942  5989 W BugleRcsEngine: [87] azxd.b: [SR]: Single Registration is disabled. Skipping Single Registration capability check for subId: 1, OS.isAtLeastS:[true], enableSingleRegistrationProvisioning:[false]
11-05 11:05:56.470  5942  5989 I BugleRcsProvisioning: RcsAvailabilityUpdaterLocal: RcsAvailability configuration availability and enabled status: simId: redacted-pii:sim_id[chars:20,last3:897], SipConnectionType: DUAL_REG, isConfigurationAvailableAndEnabled: false
11-05 11:05:56.482  5942  6021 I BugleRcsEngine: [95] bawf.y: (Sim): SIM changed: false. current id: redacted-pii:sim_id[chars:20,last3:897]; stored id: redacted-pii:sim_id[chars:20,last3:897]; isFiDevice: false; subId: 1; slotIndex: 0
11-05 11:05:56.520  5942  5969 I BugleJobs: Icing index repair service is not scheduled. [CONTEXT class_name="IcingMonitoringUtils" ]
11-05 11:05:56.535  1680  6020 I AppIntegrationPVE: maybeAddIsGrpcSupported com.google.android.apps.messaging 143576880 true
11-05 11:05:56.551  5942  6018 I AssistantConnector: Fetched assistant config: bbsz@cd225ca
11-05 11:05:56.559  5942  6018 I AssistantConfig: #isTngMorrisSupported = Optional.absent()
11-05 11:05:56.560  5942  6021 I BugleRcsEngine: [95] bawf.y: (Sim): Skipping writing subId because this is main bugle process.
11-05 11:05:56.563  5942  6021 I BugleRcsEngine: [95] bawf.y: (Sim): Updated SIM info: currentSimId: redacted-pii:sim_id[chars:20,last3:897]; imsi: redacted-pii:imsi[chars:15]; rawMsisdn: redacted-pii:phone_number[chars:12,last2:67]; formattedMsisdn: redacted-pii:phone_number[chars:0,last2:]; mccmnc: redacted-pii:sim_operator[chars:6] isFiDevice: false; subId: 1; slotIndex: 0
11-05 11:05:56.577  5942  6021 I BugleRcsEngine: [95] bawf.H: (Sim): Broadcasting Intent { act=com.google.android.ims.SIM_LOADED (has extras) }
11-05 11:05:56.583  5942  5942 I Bugle   : SimChangeReceiver: action: com.google.android.ims.SIM_LOADED
11-05 11:05:56.592  5942  5989 I BugleRcsEngine: [87] baio.b: Using config server URL from ayua
11-05 11:05:56.595  5942  5983 I Bugle   : RcsAvailabilityUtilForProvisioningEngineV2: updateAvailabilityAsync, hint: NO_HINT
11-05 11:05:56.595  5942  5983 I BugleRcsProvisioning: RcsAvailabilityUpdaterLocal: updateAvailabilityAsync: scheduling updateRcsAvailability call, hint: NO_HINT, enableWelcomePopupWithoutGoogleTos: false, reshowSuccessPopup: false
11-05 11:05:56.612  5942  5977 W BugleRcsEngine: [75] azxd.b: [SR]: Single Registration is disabled. Skipping Single Registration capability check for subId: 1, OS.isAtLeastS:[true], enableSingleRegistrationProvisioning:[false]
11-05 11:05:56.618  5942  5977 I BugleRcsProvisioning: RcsAvailabilityUpdaterLocal: RcsAvailability configuration availability and enabled status: simId: redacted-pii:sim_id[chars:20,last3:897], SipConnectionType: DUAL_REG, isConfigurationAvailableAndEnabled: false
11-05 11:05:56.618  5942  5977 I BugleRcsEngine: [75] baio.b: Using config server URL from ayua
11-05 11:05:56.620  5942  5985 I BugleJobs: Starts to observe table change.
11-05 11:05:56.636  5942  5989 I BugleRcsProvisioning: RcsAvailabilityUpdaterLocal: RcsAvailability subscription{id:1}, simId: redacted-pii:sim_id[chars:20,last3:897], sipConnectionType: DUAL_REG, isRcsAvailable: false
11-05 11:05:56.637  5942  5989 I BugleRcsProvisioning: RcsAvailabilityUpdaterLocal: updateRcsAvailability, currentAvailability: 9, newAvailability: 10, hint: NO_HINT
11-05 11:05:56.647  5942  5977 I BugleRcsProvisioning: RcsAvailabilityUpdaterLocal: RcsAvailability subscription{id:1}, simId: redacted-pii:sim_id[chars:20,last3:897], sipConnectionType: DUAL_REG, isRcsAvailable: false
11-05 11:05:56.648  5942  5977 I BugleRcsProvisioning: RcsAvailabilityUpdaterLocal: updateRcsAvailability, currentAvailability: 9, newAvailability: 10, hint: NO_HINT
11-05 11:05:56.662  5942  5942 W BugleRcsEngine: [2] ayqp.i: Unable to send RCS extension log
11-05 11:05:56.671  5942  5975 V AssistantIntegClient: #getAssistantConfig()
11-05 11:05:56.683  1680  6020 I AppIntegrationPVE: maybeAddIsGrpcSupported com.google.android.apps.messaging 143576880 true
11-05 11:05:56.698  5942  5968 D CompatibilityChangeReporter: Compat change id reported: 147600208; UID 10103; state: ENABLED
11-05 11:05:56.755  5942  5986 I Forking : Starting analysis.
11-05 11:05:56.764  5942  5986 I Misthreading: Starting analysis.
11-05 11:05:56.858  5942  5975 W BugleAction: Empty msisdn in BugleSharedPrefs
11-05 11:05:56.858  5942  5975 W BugleAction: Failed to get msisdn from Bugle
11-05 11:05:56.860  5942  5975 W BugleAction: Failed to get msisdn from RcsProfileService
11-05 11:05:56.860  5942  5975 W BugleAction: boqd: Jibe SDK Service not available. Is the Jibe SDK service running? Did you call connect() and wait for the notification before calling an API function?
11-05 11:05:56.860  5942  5975 W BugleAction: 	at bopv.b(PG:2)
11-05 11:05:56.860  5942  5975 W BugleAction: 	at com.google.android.rcs.client.profile.RcsProfileService.g(PG:1)
11-05 11:05:56.860  5942  5975 W BugleAction: 	at com.google.android.rcs.client.profile.RcsProfileService.getMsisdn(PG:1)
11-05 11:05:56.860  5942  5975 W BugleAction: 	at aiqz.aD(PG:16)
11-05 11:05:56.860  5942  5975 W BugleAction: 	at aiqz.D(PG:1)
11-05 11:05:56.860  5942  5975 W BugleAction: 	at agzr.d(PG:1)
11-05 11:05:56.860  5942  5975 W BugleAction: 	at agzr.c(PG:1)
11-05 11:05:56.860  5942  5975 W BugleAction: 	at acgt.e(PG:2)
11-05 11:05:56.860  5942  5975 W BugleAction: 	at acgm.run(PG:4)
11-05 11:05:56.860  5942  5975 W BugleAction: 	at brho.run(PG:2)
11-05 11:05:56.860  5942  5975 W BugleAction: 	at java.util.concurrent.Executors$RunnableAdapter.call(Executors.java:463)
11-05 11:05:56.860  5942  5975 W BugleAction: 	at bwax.a(PG:1)
11-05 11:05:56.860  5942  5975 W BugleAction: 	at bvzz.run(PG:4)
11-05 11:05:56.860  5942  5975 W BugleAction: 	at bway.run(PG:1)
11-05 11:05:56.860  5942  5975 W BugleAction: 	at bfab.run(PG:1)
11-05 11:05:56.860  5942  5975 W BugleAction: 	at java.util.concurrent.ThreadPoolExecutor.runWorker(ThreadPoolExecutor.java:1137)
11-05 11:05:56.860  5942  5975 W BugleAction: 	at java.util.concurrent.ThreadPoolExecutor$Worker.run(ThreadPoolExecutor.java:637)
11-05 11:05:56.860  5942  5975 W BugleAction: 	at bezh.run(PG:2)
11-05 11:05:56.860  5942  5975 W BugleAction: 	at bezn.run(PG:4)
11-05 11:05:56.860  5942  5975 W BugleAction: 	at java.lang.Thread.run(Thread.java:1012)
11-05 11:05:56.861  5942  5975 W Bugle   : SubscriptionMetadataUtils get: invalid subId = -2
11-05 11:05:56.861  5942  5975 W Bugle   : SubscriptionMetadataUtils get: invalid subId = -2
11-05 11:05:56.871  5942  5975 W Bugle   : SubscriptionMetadataUtils get: invalid subId = -2
11-05 11:05:56.871  5942  5975 W Bugle   : SubscriptionUtilsAsOfLMR1: getSelfRawNumber: subInfo is null for subscription{id:-1}
11-05 11:05:56.882  5942  5975 W BugleAction: No default number, returning empty msisdn
11-05 11:05:56.883  5942  5975 W BugleEtouffee: E2eeStartupTask: Skip prekey checking because MSISDN is empty.
11-05 11:05:56.898  5942  6014 D CompatibilityChangeReporter: Compat change id reported: 150939131; UID 10103; state: ENABLED
