11-05 11:12:13.401  6430  6449 I DialerCallScreenEnabledFn: com.android.dialer.callscreen.impl.CallScreenEnabledFn.isEnabled:27 feature disabled by flag [CONTEXT ratelimit_period="1 MINUTES" ]
11-05 11:12:13.411   928   928 D MultiSimSettingController: updateDefaults
11-05 11:12:13.422  6430  6449 I DialerTidepodsRevelioEnabledFn: com.android.dialer.revelio.impl.tidepods.impl.TidepodsRevelioEnabledFn.isEnabled:55 tidepods revelio disabled by flag [CONTEXT ratelimit_period="1 MINUTES" ]
11-05 11:12:13.430  6430  6453 I DialerLogcatLoggingBindings: com.android.dialer.logging.logcat.LogcatLoggingBindings.logImpression:46 Impression: CALL_SCREEN_INIT_AT_STARTUP
11-05 11:12:13.434  6430  6453 I DialerLogcatLoggingBindings: com.android.dialer.logging.logcat.LogcatLoggingBindings.logImpression:41 Impression: APP_LAUNCHED
11-05 11:12:13.443   928   928 D MultiSimSettingController: isReadyToReevaluate: subInfoInitialized=true, carrierConfigsLoaded=true
11-05 11:12:13.444   928   928 D MultiSimSettingController: [updateDefaultValues] change: 0
11-05 11:12:13.445   928   928 D MultiSimSettingController: isReadyToReevaluate: subInfoInitialized=true, carrierConfigsLoaded=true
11-05 11:12:13.451   587  1273 D CompatibilityChangeReporter: Compat change id reported: 183407956; UID 10105; state: ENABLED
11-05 11:12:13.467  6430  6454 D CompatibilityChangeReporter: Compat change id reported: 194532703; UID 10105; state: ENABLED
11-05 11:12:13.478  6430  6449 I DialerMobileDataDownloadModule: com.android.dialer.businessvoice.control.businesscache.mdd.MobileDataDownloadModule.lambda$provideFileGroupPopulator$0:53 Business cache MDD manifest file: # nsu@ed82bff9
11-05 11:12:13.480  6430  6449 I DialerTimeKeeperEnabledFn: com.android.dialer.timekeeper.impl.TimeKeeperEnabledFn.isEnabled:29 disabled by flag [CONTEXT ratelimit_period="1 MINUTES" ]
11-05 11:12:13.483  6430  6449 I DialerXatuEnabledFn: com.android.dialer.xatu.impl.XatuEnabledFn.isEnabled:33 disabled by flag [CONTEXT ratelimit_period="1 MINUTES" ]
11-05 11:12:13.487  6430  6454 I DialerSpamJobScheduler: com.android.dialer.spam.inapp.SpamJobScheduler.scheduleJob:123 job with id SPAM_JOB_WIFI is already scheduled
11-05 11:12:13.494  6430  6453 I DialerRestVoicemailEnabledFn: com.android.dialer.voicemail.service.impl.vvmclients.rest.RestVoicemailEnabledFn.isEnabled:48 disabled by flag [CONTEXT ratelimit_period="1 MINUTES" ]
11-05 11:12:13.503  6430  6430 I DialerVoicemailModule: com.android.voicemail.impl.VoicemailModule.provideVoicemailClient:79 providing VoicemailClientImpl [CONTEXT enable_persistent_logger=true ]
11-05 11:12:13.517  6430  6454 I DialerSpamJobScheduler: com.android.dialer.spam.inapp.SpamJobScheduler.scheduleJob:123 job with id SPAM_JOB_ANY_NETWORK is already scheduled
11-05 11:12:13.537  6430  6430 I DialerLegacyVoicemailNotificationReceiver: com.android.dialer.app.calllog.LegacyVoicemailNotificationReceiver.onReceive:100 received legacy voicemail notification
11-05 11:12:13.543  6430  6430 I DialerBroadcastReceiverStrategyImpl: com.android.dialer.broadcastreceiverstrategy.impl.BroadcastReceiverStrategyImpl.backgroundThenInlineThenForeground:76 try doing work using a background service
11-05 11:12:13.546  6430  6456 I DialerLegacyVoicemailNotificationReceiver: com.android.dialer.app.calllog.LegacyVoicemailNotificationReceiver.lambda$handleNotification$0:127 isRefresh: true
11-05 11:12:13.576  6430  6456 I DialerLegacyVoicemailNotificationReceiver: com.android.dialer.app.calllog.LegacyVoicemailNotificationReceiver.lambda$handleNotification$0:148 clearing notification
11-05 11:12:13.579  6430  6456 I DialerLegacyVoicemailNotifier: com.android.dialer.app.calllog.LegacyVoicemailNotifier.cancelNotification:212 enter
11-05 11:12:13.595  6430  6451 I DialerLegacyCallRecordingEnabledFn: com.android.incallui.callrecording.impl.LegacyCallRecordingEnabledFn.isEnabled:49 tidepods voice and tidepods call recording are both enabled [CONTEXT ratelimit_period="1 MINUTES" ]
11-05 11:12:13.600  6430  6451 I DialerLocaleProvider: com.android.dialer.callrecording.impl.localeprovider.LocaleProvider.getNetworkCountryMatchesSimCountryInternal:147 NetworkCountryCode: US, SimCountryIso: US
11-05 11:12:13.607  6430  6451 I DialerLegacyCountryDetector: com.android.dialer.location.LegacyCountryDetector.getCurrentPhysicalCountryIso:174 returning Redacted-2-chars
11-05 11:12:13.608  6430  6451 I DialerLocaleProvider: com.android.dialer.callrecording.impl.localeprovider.LocaleProvider.getSupportedLocaleFromCountryCode:158 checking whether country is supported by builtInAudio for start/end audio
11-05 11:12:13.608  6430  6451 I DialerLocaleProvider: com.android.dialer.callrecording.impl.localeprovider.LocaleProvider.getSupportedLocaleFromCountryCode:168 country US not supported by builtInAudio
11-05 11:12:13.611  6430  6451 I DialerLocaleProvider: com.android.dialer.callrecording.impl.localeprovider.LocaleProvider.getSupportedLocaleFromCountryCode:158 checking whether country is supported by TTS for start/end audio
11-05 11:12:13.612  6430  6451 I DialerLocaleProvider: com.android.dialer.callrecording.impl.localeprovider.LocaleProvider.getSupportedLocaleFromCountryCode:168 country US not supported by TTS
11-05 11:12:13.616  6430  6451 I DialerCanRecord: com.android.dialer.callrecording.impl.canrecord.CanRecord.canRecordCall:74 Call recording is disabled in the current country
11-05 11:12:13.616  6430  6451 I DialerCallRecordingStartupListener: com.android.dialer.callrecording.startup.CallRecordingStartupListener.lambda$onApplicationStartup$0:83 not prewarming TTS
11-05 11:12:13.689   768   768 D GlobalActionsDialogLite: Service changed before actions created
11-05 11:12:13.689   768   768 D GlobalActionsDialogLite: Service changed before actions created
11-05 11:12:13.690   587   920 W ContextImpl: Calling a method in the system process without a qualified user: android.app.ContextImpl.sendBroadcastMultiplePermissions:1222 com.android.server.TelephonyRegistry.broadcastServiceStateChanged:3085 com.android.server.TelephonyRegistry.notifyServiceStateForPhoneId:1616 com.android.internal.telephony.ITelephonyRegistry$Stub.onTransact:492 android.os.Binder.execTransactInternal:1280 
11-05 11:12:13.692   587   920 W ContextImpl: Calling a method in the system process without a qualified user: android.app.ContextImpl.sendBroadcastMultiplePermissions:1272 android.content.Context.sendBroadcastMultiplePermissions:2272 com.android.server.TelephonyRegistry.broadcastServiceStateChanged:3089 com.android.server.TelephonyRegistry.notifyServiceStateForPhoneId:1616 com.android.internal.telephony.ITelephonyRegistry$Stub.onTransact:492 
11-05 11:12:13.695   587   920 W ContextImpl: Calling a method in the system process without a qualified user: android.app.ContextImpl.sendBroadcastMultiplePermissions:1272 android.content.Context.sendBroadcastMultiplePermissions:2272 com.android.server.TelephonyRegistry.broadcastServiceStateChanged:3096 com.android.server.TelephonyRegistry.notifyServiceStateForPhoneId:1616 com.android.internal.telephony.ITelephonyRegistry$Stub.onTransact:492 
11-05 11:12:13.698   587   616 W BroadcastQueue: Permission Denial: receiving Intent { act=android.intent.action.SERVICE_STATE flg=0x1000010 (has extras) } to ProcessRecord{718d642 768:com.android.systemui/u0a142} (pid=768, uid=10142) requires android.permission.READ_PHONE_STATE due to sender android (uid 1001)
11-05 11:12:13.711   587   920 W ContextImpl: Calling a method in the system process without a qualified user: android.app.ContextImpl.sendBroadcastMultiplePermissions:1272 android.content.Context.sendBroadcastMultiplePermissions:2272 com.android.server.TelephonyRegistry.broadcastServiceStateChanged:3100 com.android.server.TelephonyRegistry.notifyServiceStateForPhoneId:1616 com.android.internal.telephony.ITelephonyRegistry$Stub.onTransact:492 
11-05 11:12:13.712   587   616 W BroadcastQueue: Permission Denial: receiving Intent { act=android.intent.action.SERVICE_STATE flg=0x1000010 (has extras) } to ProcessRecord{718d642 768:com.android.systemui/u0a142} (pid=768, uid=10142) requires android.permission.ACCESS_FINE_LOCATION due to sender android (uid 1001)
11-05 11:12:13.718   587   616 W BroadcastQueue: Permission Denial: receiving Intent { act=android.intent.action.SERVICE_STATE flg=0x1000010 (has extras) } to ProcessRecord{718d642 768:com.android.systemui/u0a142} (pid=768, uid=10142) requires android.permission.READ_PHONE_STATE due to sender android (uid 1001)
11-05 11:12:13.738   928   928 D ServiceStateProvider: subId=1
11-05 11:12:13.759   928   928 I ImsExternalCallTracker: handleVideoCapabilitiesChanged : isVideoCapable = false
11-05 11:12:13.760   928   928 D ImsExternalCallTracker: refreshCallPullState
11-05 11:12:13.763   928   928 I Telephony: handleVideoCapabilitesChanged. Video capability - false
11-05 11:12:13.767  6430  6455 D CompatibilityChangeReporter: Compat change id reported: 160794467; UID 10105; state: ENABLED
11-05 11:12:13.784   928   928 D Telephony: isEmergencyPreferredAccount: subId=1, activeData=1
11-05 11:12:13.784   928   928 D Telephony: isEmergencyPreferredAccount: Device does not require preference.
11-05 11:12:13.793  6430  6430 I DialerRefreshActivationStateJobService: com.android.voicemail.impl.RefreshActivationStateJobService.schedule:43 schedule job
11-05 11:12:13.799   587   920 D CompatibilityChangeReporter: Compat change id reported: 194532703; UID 10105; state: ENABLED
11-05 11:12:13.840   928   928 W ImsCallbackAM [0, -1]: add callback: inactive subID detected: 1
11-05 11:12:13.841   928   928 W Telephony: registerMmTelCapabilityCallback: registration failed, no ImsService available. Exception: ImsService is not available for the subscription specified. (code: 1)
11-05 11:12:13.852   928   928 I Telephony: isRttCurrentlySupported -- regular acct, hasVoiceAvailability: false
11-05 11:12:13.852   928   928 I Telephony:  isRttSupported: false
11-05 11:12:13.852   928   928 I Telephony:  alwaysAllowWhileRoaming: false
11-05 11:12:13.852   928   928 I Telephony:  isRoaming: false
11-05 11:12:13.852   928   928 I Telephony:  isOnWfc: false
11-05 11:12:13.875  6430  6430 I DialerMwiReceiver: com.android.dialer.voicemail.service.receivers.MwiReceiver.onReceive:71 Received ACTION_SHOW_VOICEMAIL_NOTIFICATION
11-05 11:12:13.887  6430  6430 I DialerBroadcastReceiverStrategyImpl: com.android.dialer.broadcastreceiverstrategy.impl.BroadcastReceiverStrategyImpl.backgroundThenInlineThenForeground:76 try doing work using a background service
11-05 11:12:13.907  5942  6464 I BugleDataModel: ParticipantFullRefresh: Start participant refresh. refreshMode: SELF_ONLY
11-05 11:12:13.924   587  1771 I Telecom : PhoneAccountRegistrar: Modify account: [ComponentInfo{com.android.phone/com.android.services.telephony.TelephonyConnectionService}, 1, UserHandle{0}]: TSI.rPA@Abk
11-05 11:12:13.935   587  1771 I Telecom : CallsManager: handlePhoneAccountChanged: phoneAccount=[[X] PhoneAccount: ComponentInfo{com.android.phone/com.android.services.telephony.TelephonyConnectionService}, 1, UserHandle{0} Capabilities: CallProvider MultiUser PlaceEmerg SimSub  Audio Routes: BESW Schemes: tel voicemail  Extras: Bundle[{android.telecom.extra.SUPPORTS_VIDEO_CALLING_FALLBACK=true}] GroupId: ***]: TSI.rPA@Abk
11-05 11:12:13.940  6409  6409 D CellBroadcastReceiver: onReceive Intent { act=android.telephony.action.DEFAULT_SMS_SUBSCRIPTION_CHANGED flg=0x21000010 cmp=com.google.android.cellbroadcastreceiver/com.android.cellbroadcastreceiver.CellBroadcastReceiver (has extras) }
11-05 11:12:13.955  6430  6430 I DialerRefreshActivationStateJobService: com.android.voicemail.impl.RefreshActivationStateJobService.onStartJob:56 try refresh activation state
11-05 11:12:13.964   587  1771 I Telecom : PhoneAccountRegistrar: getSimCallManager: SimCallManager for subId 1 queried, returning: null: TSI.rPA@Abk
11-05 11:12:13.964   587  1771 I Telecom : PhoneAccountRegistrar: Notifying telephony of voice service override change for 1 SIMs, hasService = false: TSI.rPA@Abk
11-05 11:12:13.972  6409  6409 D CellBroadcastReceiver: mockmodem is running? = false
11-05 11:12:13.976  6409  6409 D CompatibilityChangeReporter: Compat change id reported: 183155436; UID 10152; state: ENABLED
11-05 11:12:13.976  6409  6409 D CellBroadcastReceiver: Start Cell Broadcast configuration for intent=ACTION_ENABLE_CHANNELS
11-05 11:12:13.986   928   928 I PhoneGlobals: Dismissing depersonal panelREADY
11-05 11:12:14.022  5942  6464 I BugleDataModel: TransactionManagerImpl: tx:  SelfParticipantsData#refreshSelfParticipantList  started
11-05 11:12:14.022  6409  6466 D CellBroadcastConfigService: Enable CellBroadcast on sub 1
11-05 11:12:14.051  6409  6466 D CellBroadcastConfigService: mAlwaysOn is set to true, enable the range: 4370:4370
11-05 11:12:14.060  6430  6430 I DialerDataSubscriptionChangeReceiver: com.android.dialer.voicemail.service.receivers.DataSubscriptionChangeReceiver.onReceive:81 Received ACTION_DEFAULT_DATA_SUBSCRIPTION_CHANGED
11-05 11:12:14.062  6430  6430 I DialerBroadcastReceiverStrategyImpl: com.android.dialer.broadcastreceiverstrategy.impl.BroadcastReceiverStrategyImpl.backgroundThenInlineThenForeground:76 try doing work using a background service
11-05 11:12:14.117   495   495 W libgoldfish-rild: Multi-element reporting criteria are not supported with HIDL HAL
11-05 11:12:14.169  6430  6430 I DialerRefreshActivationStateJobService: com.android.voicemail.impl.RefreshActivationStateJobService.schedule:43 schedule job
11-05 11:12:14.193   928   928 W ImsCallbackAM [0, -1]: add callback: inactive subID detected: 1
11-05 11:12:14.193   928   928 W Telephony: registerMmTelCapabilityCallback: registration failed, no ImsService available. Exception: ImsService is not available for the subscription specified. (code: 1)
11-05 11:12:14.199   928   928 I Telephony: isRttCurrentlySupported -- regular acct, hasVoiceAvailability: false
11-05 11:12:14.199   928   928 I Telephony:  isRttSupported: false
11-05 11:12:14.199   928   928 I Telephony:  alwaysAllowWhileRoaming: false
11-05 11:12:14.199   928   928 I Telephony:  isRoaming: false
11-05 11:12:14.199   928   928 I Telephony:  isOnWfc: false
11-05 11:12:14.210  6430  6430 I DialerRefreshActivationStateJobService: com.android.voicemail.impl.RefreshActivationStateJobService.onStartJob:56 try refresh activation state
11-05 11:12:14.214  5942  6464 W BugleDataModel: SelfParticipantsData: Failed to update self participants' subscription info. updateCount: 0
11-05 11:12:14.255  6430  6430 I DialerFlags: com.android.dialer.phenotype.Flags.lambda$registerDialerMendelConfigPackage$0:124 phenotype register status: true
11-05 11:12:14.265  6409  6466 D CellBroadcastConfigService: mAlwaysOn is set to true, enable the range: 4383:4383
11-05 11:12:14.275   851  1146 I HeadsetPhoneState: stopListenForPhoneState(), no listener indicates nothing is listening
11-05 11:12:14.275   851  1146 W HeadsetPhoneState: startListenForPhoneState, no event to listen
11-05 11:12:14.296   928   928 I VvmSimStateTracker: android.intent.action.SIM_STATE_CHANGED
11-05 11:12:14.321  6430  6430 I DialerFlags: com.android.dialer.phenotype.Flags.lambda$registerDialerDirectbootMendelConfigPackage$1:136 directboot-aware phenotype register status: true
11-05 11:12:14.333  4377  4740 E bamg    : Phenotype API error. Event # cvwv@83b00d8b, EventCode: 5 [CONTEXT service_id=51 ]
11-05 11:12:14.333  4377  4740 E bamg    : bali: 29501: Stale snapshot for com.google.android.dialer(change count changed - expected 7  but was 6)
11-05 11:12:14.333  4377  4740 E bamg    : 	at baml.b(:com.google.android.gms@221821047@22.18.21 (190800-453244992):14)
11-05 11:12:14.333  4377  4740 E bamg    : 	at bamj.g(:com.google.android.gms@221821047@22.18.21 (190800-453244992):0)
11-05 11:12:14.333  4377  4740 E bamg    : 	at bamg.e(:com.google.android.gms@221821047@22.18.21 (190800-453244992):4)
11-05 11:12:14.333  4377  4740 E bamg    : 	at bamg.f(:com.google.android.gms@221821047@22.18.21 (190800-453244992):2)
11-05 11:12:14.333  4377  4740 E bamg    : 	at agfo.el(:com.google.android.gms@221821047@22.18.21 (190800-453244992):1)
11-05 11:12:14.333  4377  4740 E bamg    : 	at agfu.run(:com.google.android.gms@221821047@22.18.21 (190800-453244992):11)
11-05 11:12:14.333  4377  4740 E bamg    : 	at cdgo.run(:com.google.android.gms@221821047@22.18.21 (190800-453244992):2)
11-05 11:12:14.333  4377  4740 E bamg    : 	at wwq.c(:com.google.android.gms@221821047@22.18.21 (190800-453244992):6)
11-05 11:12:14.333  4377  4740 E bamg    : 	at wwq.run(:com.google.android.gms@221821047@22.18.21 (190800-453244992):8)
11-05 11:12:14.333  4377  4740 E bamg    : 	at java.util.concurrent.ThreadPoolExecutor.runWorker(ThreadPoolExecutor.java:1137)
11-05 11:12:14.333  4377  4740 E bamg    : 	at java.util.concurrent.ThreadPoolExecutor$Worker.run(ThreadPoolExecutor.java:637)
11-05 11:12:14.333  4377  4740 E bamg    : 	at xbv.run(:com.google.android.gms@221821047@22.18.21 (190800-453244992):0)
11-05 11:12:14.333  4377  4740 E bamg    : 	at java.lang.Thread.run(Thread.java:1012)
11-05 11:12:14.341  4377  4740 W AsyncOperation: operation=CommitToConfigurationOperationCall, opStatusCode=29501 [CONTEXT service_id=51 ]
11-05 11:12:14.341  4377  4740 W AsyncOperation: OperationException[Status{statusCode=Stale snapshot for com.google.android.dialer(change count changed - expected 7  but was 6), resolution=null}]
11-05 11:12:14.341  4377  4740 W AsyncOperation: 	at bamg.e(:com.google.android.gms@221821047@22.18.21 (190800-453244992):6)
11-05 11:12:14.341  4377  4740 W AsyncOperation: 	at bamg.f(:com.google.android.gms@221821047@22.18.21 (190800-453244992):2)
11-05 11:12:14.341  4377  4740 W AsyncOperation: 	at agfo.el(:com.google.android.gms@221821047@22.18.21 (190800-453244992):1)
11-05 11:12:14.341  4377  4740 W AsyncOperation: 	at agfu.run(:com.google.android.gms@221821047@22.18.21 (190800-453244992):11)
11-05 11:12:14.341  4377  4740 W AsyncOperation: 	at cdgo.run(:com.google.android.gms@221821047@22.18.21 (190800-453244992):2)
11-05 11:12:14.341  4377  4740 W AsyncOperation: 	at wwq.c(:com.google.android.gms@221821047@22.18.21 (190800-453244992):6)
11-05 11:12:14.341  4377  4740 W AsyncOperation: 	at wwq.run(:com.google.android.gms@221821047@22.18.21 (190800-453244992):8)
11-05 11:12:14.341  4377  4740 W AsyncOperation: 	at java.util.concurrent.ThreadPoolExecutor.runWorker(ThreadPoolExecutor.java:1137)
11-05 11:12:14.341  4377  4740 W AsyncOperation: 	at java.util.concurrent.ThreadPoolExecutor$Worker.run(ThreadPoolExecutor.java:637)
11-05 11:12:14.341  4377  4740 W AsyncOperation: 	at xbv.run(:com.google.android.gms@221821047@22.18.21 (190800-453244992):0)
11-05 11:12:14.341  4377  4740 W AsyncOperation: 	at java.lang.Thread.run(Thread.java:1012)
11-05 11:12:14.398  1394  6405 I constellation: [sim_state_checker] Handling intent Intent { act=android.intent.action.SIM_STATE_CHANGED flg=0x5000010 pkg=com.google.android.gms cmp=com.google.android.gms/.chimera.GmsIntentOperationService (has extras) }
11-05 11:12:14.417   928   938 I m.android.phone: Background concurrent copying GC freed 32567(3210KB) AllocSpace objects, 1(20KB) LOS objects, 49% free, 3436KB/6872KB, paused 717us,536us total 142.354ms
11-05 11:12:14.464  5942  6464 W BugleDataModel: SelfParticipantsData: Failed to update self participants' subscription info. updateCount: 0
11-05 11:12:14.470  5942  6464 I BugleDataModel: TransactionManagerImpl: tx:  SelfParticipantsData#refreshSelfParticipantList  ended
11-05 11:12:14.478  1394  1394 D BoundBrokerSvc: onBind: Intent { act=com.google.android.gms.common.BIND_SHARED_PREFS pkg=com.google.android.gms }
11-05 11:12:14.479  1394  1394 D BoundBrokerSvc: Loading bound service for intent: Intent { act=com.google.android.gms.common.BIND_SHARED_PREFS pkg=com.google.android.gms }
11-05 11:12:14.479  5942  6464 I BugleDataModel: TransactionManagerImpl: tx:  ParticipantRefresh#refreshConversationsSelfIds  started
11-05 11:12:14.497  5942  6464 I BugleDataModel: TransactionManagerImpl: tx:  ParticipantRefresh#refreshConversationsSelfIds  ended
11-05 11:12:14.503  4377  6408 I ProximityAuth: [SimStateChangedIntentOperation] Handling intent Intent { act=android.intent.action.SIM_STATE_CHANGED flg=0x5000010 pkg=com.google.android.gms cmp=com.google.android.gms/.chimera.PersistentIntentOperationService (has extras) }
11-05 11:12:14.523   587  1273 W BroadcastQueue: Permission Denial: receiving Intent { act=android.intent.action.SERVICE_STATE flg=0x1000010 (has extras) } to com.google.android.cellbroadcastreceiver/com.android.cellbroadcastreceiver.CellBroadcastReceiver requires android.permission.READ_PHONE_STATE due to sender android (uid 1001)
11-05 11:12:14.532   928   928 D CallNotifier: updatePhoneStateListeners: update CF notifications.
11-05 11:12:14.536   928   928 I NotificationMgr: updateCfi: subId= 1, visible=N
11-05 11:12:14.550   928   928 I NotificationMgr: updateMwi(): subId 1 update to false
11-05 11:12:14.573   587   616 W BroadcastQueue: Permission Denial: receiving Intent { act=android.intent.action.SERVICE_STATE flg=0x1000010 (has extras) } to com.google.android.cellbroadcastreceiver/com.android.cellbroadcastreceiver.CellBroadcastReceiver requires android.permission.ACCESS_FINE_LOCATION due to sender android (uid 1001)
11-05 11:12:14.575   587   616 W BroadcastQueue: Permission Denial: receiving Intent { act=android.intent.action.SERVICE_STATE flg=0x1000010 (has extras) } to com.google.android.cellbroadcastreceiver/com.android.cellbroadcastreceiver.CellBroadcastReceiver requires android.permission.READ_PHONE_STATE due to sender android (uid 1001)
11-05 11:12:14.603  6409  6409 D CellBroadcastReceiver: onReceive Intent { act=android.intent.action.SERVICE_STATE flg=0x1000010 cmp=com.google.android.cellbroadcastreceiver/com.android.cellbroadcastreceiver.CellBroadcastReceiver (has extras) }
11-05 11:12:14.603  6409  6409 D CellBroadcastReceiver: onServiceStateChanged, ss: 0
11-05 11:12:14.608  1394  1394 D BoundBrokerSvc: onUnbind: Intent { act=com.google.android.gms.common.BIND_SHARED_PREFS pkg=com.google.android.gms }
11-05 11:12:14.618  6409  6409 D CellBroadcastReceiver: networkOperator: 310260
11-05 11:12:14.618  6409  6409 D CellBroadcastReceiver: update supported roaming operator as 
11-05 11:12:14.657  6430  6430 I DialerTaskReceiver: com.android.voicemail.impl.scheduling.TaskReceiver.onReceive:68 task received [CONTEXT enable_persistent_logger=true ]
11-05 11:12:14.660  6430  6430 I DialerTaskReceiver: com.android.voicemail.impl.scheduling.TaskReceiver.onReceive:88 scheduling new job [CONTEXT enable_persistent_logger=true ]
11-05 11:12:14.671  6430  6430 I DialerTaskSchedulerJobService: com.android.voicemail.impl.scheduling.TaskSchedulerJobService.scheduleJob:139 scheduling job with 1 tasks [CONTEXT enable_persistent_logger=true ]
11-05 11:12:14.674  6430  6430 I DialerTaskSchedulerJobService: com.android.voicemail.impl.scheduling.TaskSchedulerJobService.scheduleJob:182 running job instantly. [CONTEXT enable_persistent_logger=true ]
11-05 11:12:14.711   928   928 D IntentBroadcaster: Broadcasting and adding intent for rebroadcast: android.intent.action.SIM_STATE_CHANGED LOADED for phoneId 0
11-05 11:12:14.734   928   928 D TelephonyProvider: subIdString = 1 subId = 1
11-05 11:12:14.760  6430  6430 I DialerTaskSchedulerJobService: com.android.voicemail.impl.scheduling.TaskSchedulerJobService.scheduleJob:185 job 7 scheduled [CONTEXT enable_persistent_logger=true ]
11-05 11:12:14.770  6430  6430 I DialerLegacyVoicemailNotificationReceiver: com.android.dialer.app.calllog.LegacyVoicemailNotificationReceiver.onReceive:100 received legacy voicemail notification
11-05 11:12:14.771  6430  6430 I DialerBroadcastReceiverStrategyImpl: com.android.dialer.broadcastreceiverstrategy.impl.BroadcastReceiverStrategyImpl.backgroundThenInlineThenForeground:76 try doing work using a background service
11-05 11:12:14.791  6430  6456 I DialerLegacyVoicemailNotificationReceiver: com.android.dialer.app.calllog.LegacyVoicemailNotificationReceiver.lambda$handleNotification$0:127 isRefresh: false
11-05 11:12:14.813   587   702 D WifiService: resetting networks because SIM was loaded
11-05 11:12:14.814   587   702 D WifiService: resetting carrier networks since SIM was changed
11-05 11:12:14.821  6430  6456 I DialerLegacyVoicemailNotificationReceiver: com.android.dialer.app.calllog.LegacyVoicemailNotificationReceiver.lambda$handleNotification$0:148 clearing notification
11-05 11:12:14.823  6430  6456 I DialerLegacyVoicemailNotifier: com.android.dialer.app.calllog.LegacyVoicemailNotifier.cancelNotification:212 enter
11-05 11:12:14.836  5942  6024 I BugleRcsEngine: [98] bawj.c: SIM state event delay enabled: attempts 3, maxAttempts 3, delaySeconds 90 MSIM delayseconds 90, effective delay seconds 90
11-05 11:12:14.837  5942  6024 I BugleRcsEngine: [98] bawj.c: reached max delay attempts, do not reschedule 
11-05 11:12:14.839  5942  6024 I BugleRcsEngine: [98] bawf.d: (Sim): delay SIM event: android.intent.action.SIM_STATE_CHANGED, LOADED
11-05 11:12:14.871   928   928 D CarrierIdProvider: updateCarrierIdForSubId: 1
11-05 11:12:14.898  6430  6430 I DialerTaskSchedulerJobService: com.android.voicemail.impl.scheduling.TaskSchedulerJobService.onStartJob:99 starting 7 [CONTEXT enable_persistent_logger=true ]
11-05 11:12:14.917   928   928 D TelephonyProvider: subIdString = 1 subId = 1
11-05 11:12:14.929  2331  6404 I CarrierServices: [65] dzp.c: SIM state event delay enabled: attempts 3, maxAttempts 3, delaySeconds 90 MSIM delayseconds 90, effective delay seconds 90
11-05 11:12:14.941   928   928 E TelephonyProvider: internal sim-specific settings backup data file does not exist. Aborting restore
11-05 11:12:14.944   928   928 D CarrierConfigLoader: Update config for phoneId: 0 simState: LOADED
11-05 11:12:14.976   928   928 D CarrierSvcBindHelper: update binding for phoneId: 0 simState: LOADED
11-05 11:12:14.994   928   928 D CarrierConfigLoader: mHandler: EVENT_DO_FETCH_DEFAULT phoneId: 0
11-05 11:12:14.997   928   928 D CarrierConfigLoader: File not found : /data/user_de/0/com.android.phone/files/carrierconfig-com.android.carrierconfig-override-89860***************-1.xml
11-05 11:12:15.005   928   928 D CarrierConfigLoader: Loaded config from XML. package=com.android.carrierconfig phoneId=0
11-05 11:12:15.016  6430  6430 I DialerTaskExecutor: com.android.voicemail.impl.scheduling.TaskExecutor.onStartJob:400 onStartJob [CONTEXT enable_persistent_logger=true ]
11-05 11:12:15.033   587  2038 D CompatibilityChangeReporter: Compat change id reported: 161252188; UID 10084; state: ENABLED
11-05 11:12:15.040   587  2038 W PackageManager: Intent does not match component's intent filter: Intent { act=android.telephony.action.CARRIER_SIGNAL_RESET cmp=com.android.carrierdefaultapp/.CarrierDefaultBroadcastReceiver }
11-05 11:12:15.040   587  2038 W PackageManager: Access blocked: ComponentInfo{com.android.carrierdefaultapp/com.android.carrierdefaultapp.CarrierDefaultBroadcastReceiver}
11-05 11:12:15.048  6430  6430 I DialerTasks: com.android.voicemail.impl.scheduling.Tasks.createTask:59 Task.createTask create task:com.android.voicemail.impl.ActivationTask [CONTEXT enable_persistent_logger=true ]
11-05 11:12:15.071   928   928 I PhoneGlobals: Dismissing depersonal panelLOADED
11-05 11:12:15.088   928   928 D CarrierConfigLoader: mHandler: EVENT_FETCH_DEFAULT_DONE phoneId: 0
11-05 11:12:15.120  6430  6470 I DialerTaskExecutor: com.android.voicemail.impl.scheduling.TaskExecutor$WorkerThreadHandler.handleMessage:221 executing task com.android.voicemail.impl.ActivationTask@9f14ce2 [CONTEXT enable_persistent_logger=true ]
11-05 11:12:15.140  6430  6430 I DialerTaskReceiver: com.android.voicemail.impl.scheduling.TaskReceiver.onReceive:68 task received [CONTEXT enable_persistent_logger=true ]
11-05 11:12:15.144  6430  6470 I DialerPreOMigrationHandler: com.android.voicemail.impl.PreOMigrationHandler.migrate:76 ComponentInfo{com.android.phone/com.android.services.telephony.TelephonyConnectionService}, 1, UserHandle{0} already migrated [CONTEXT enable_persistent_logger=true ]
11-05 11:12:15.155  6430  6430 I DialerTaskReceiver: com.android.voicemail.impl.scheduling.TaskReceiver.onReceive:73 TaskExecutor already running [CONTEXT enable_persistent_logger=true ]
11-05 11:12:15.156  6430  6430 I DialerTasks: com.android.voicemail.impl.scheduling.Tasks.createTask:59 Task.createTask create task:com.android.voicemail.impl.ActivationTask [CONTEXT enable_persistent_logger=true ]
11-05 11:12:15.177  2331  6404 I CarrierServices: [65] dzp.c: reached max delay attempts, do not reschedule 
11-05 11:12:15.178  2331  6404 I CarrierServices: [65] dzl.d: (Sim): delay SIM event: android.intent.action.SIM_STATE_CHANGED, LOADED
11-05 11:12:15.201   587  1273 D ConnectivityService: registerNetworkAgent NetworkAgentInfo{network{104}  handle{450082295821}  ni{MOBILE[HSPA] CONNECTING extra: epc.tmobile.com} created=2025-11-05T11:12:15.201Z Score(Policies :  ; KeepConnected : 0)   lp{{LinkAddresses: [ ] DnsAddresses: [ ] Domains: null MTU: 0 Routes: [ ]}}  nc{[ Transports: CELLULAR Capabilities: MMS&SUPL&DUN&FOTA&IMS&CBS&INTERNET&NOT_RESTRICTED&TRUSTED&NOT_VPN&NOT_ROAMING&NOT_CONGESTED&NOT_SUSPENDED&NOT_VCN_MANAGED LinkUpBandwidth>=14Kbps LinkDnBandwidth>=14Kbps Specifier: <TelephonyNetworkSpecifier [mSubId = 1]> SubscriptionIds: {1} UnderlyingNetworks: Null]}  factorySerialNumber=4}
11-05 11:12:15.204  6430  6430 I DialerTaskQueue: com.android.voicemail.impl.scheduling.TaskQueue.add:85 TaskQueue.add duplicated task added [CONTEXT enable_persistent_logger=true ]
11-05 11:12:15.213   369   369 I netd    : getFwmarkForNetwork(104) -> {MarkMaskParcel{mark: 104, mask: 65535}} <0.05ms>
11-05 11:12:15.216  6430  6430 I DialerTaskExecutor: com.android.voicemail.impl.scheduling.TaskExecutor.addTask:299 com.android.voicemail.impl.ActivationTask@d1b2965 added [CONTEXT enable_persistent_logger=true ]
11-05 11:12:15.219   587  1273 W ContextImpl: Calling a method in the system process without a qualified user: android.app.ContextImpl.sendBroadcastMultiplePermissions:1272 android.content.Context.sendBroadcastMultiplePermissions:2272 com.android.server.TelephonyRegistry.broadcastDataConnectionStateChanged:3281 com.android.server.TelephonyRegistry.notifyDataConnectionForSubscriber:2036 com.android.internal.telephony.ITelephonyRegistry$Stub.onTransact:571 
11-05 11:12:15.231   587   702 E WifiDataStall: onDataConnectionStateChanged unexpected State: 1
11-05 11:12:15.234   587   587 E MboOceController: onDataConnectionStateChanged unexpected State: 1
11-05 11:12:15.237   587   709 D ConnectivityService: [104 CELLULAR] EVENT_NETWORK_INFO_CHANGED, going from CONNECTING to CONNECTING
11-05 11:12:15.258  6430  6430 I DialerMwiReceiver: com.android.dialer.voicemail.service.receivers.MwiReceiver.onReceive:71 Received ACTION_SHOW_VOICEMAIL_NOTIFICATION
11-05 11:12:15.268  6430  6430 I DialerBroadcastReceiverStrategyImpl: com.android.dialer.broadcastreceiverstrategy.impl.BroadcastReceiverStrategyImpl.backgroundThenInlineThenForeground:76 try doing work using a background service
11-05 11:12:15.265     0     0 I 8021q   : adding VLAN 0 to HW filter on device eth0
11-05 11:12:15.343  6430  6470 I DialerVoicemailStatus: com.android.voicemail.impl.VoicemailStatus$Editor.apply:106 enter
11-05 11:12:15.355  6430  6430 I DialerLogcatLoggingBindings: com.android.dialer.logging.logcat.LogcatLoggingBindings.logImpression:41 Impression: VVM_ACTIVATION_STARTED
11-05 11:12:15.364  6430  6470 I DialerVoicemailStatusDataServiceImpl: com.android.dialer.voicemailstatus.dataservice.impl.VoicemailStatusDataServiceImpl.insertVoicemailStatus:151 enter
11-05 11:12:15.385  6430  6449 I DialerVoicemailStatusDataMigration: com.android.dialer.voicemailstatus.dataservice.impl.VoicemailStatusDataMigration.migrate:55 enter
11-05 11:12:15.407  5942  6464 I BugleDataModel: ParticipantFullRefresh: Number of participants refreshed: 0
11-05 11:12:15.421   928   928 D TelephonyProvider: subIdString = 1 subId = 1
11-05 11:12:15.424   841  6471 D NetworkMonitor/104: checkAndRenewResourceConfig: update captive portal https urls to [https://www.google.com/generate_204]
11-05 11:12:15.424   841  6471 D NetworkMonitor/104: checkAndRenewResourceConfig: update captive portal http urls to [http://connectivitycheck.gstatic.com/generate_204]
11-05 11:12:15.426   841  6471 D NetworkMonitor/104: checkAndRenewResourceConfig: update captive portal fallback urls to[http://www.google.com/gen_204, http://play.googleapis.com/generate_204]
11-05 11:12:15.427   841  6471 D NetworkMonitor: Starting on network 104 with capport HTTPS URL [https://www.google.com/generate_204] and HTTP URL [http://connectivitycheck.gstatic.com/generate_204]
11-05 11:12:15.519   768  1053 E KeyguardUpdateMonitorLog: onSubscriptionInfoChanged()
11-05 11:12:15.534  2331  2513 I CarrierServices: [40] dzp.c: SIM state event delay enabled: attempts 3, maxAttempts 3, delaySeconds 90 MSIM delayseconds 90, effective delay seconds 90
11-05 11:12:15.538  2331  2513 I CarrierServices: [40] dzp.c: reached max delay attempts, do not reschedule 
11-05 11:12:15.551  6430  6451 I DialerVoicemailStatusDataMigration: com.android.dialer.voicemailstatus.dataservice.impl.VoicemailStatusDataMigration.lambda$migrate$0:60 no package status to migrate
11-05 11:12:15.551  2331  2513 I CarrierServices: [40] dzp.c: SIM state event delay enabled: attempts 3, maxAttempts 3, delaySeconds 90 MSIM delayseconds 90, effective delay seconds 90
11-05 11:12:15.551  2331  2513 I CarrierServices: [40] dzp.c: reached max delay attempts, do not reschedule 
11-05 11:12:15.551  6430  6451 I DialerVoicemailStatusDataMigration: com.android.dialer.voicemailstatus.dataservice.impl.VoicemailStatusDataMigration.cleanup:71 enter
11-05 11:12:15.556  5942  6021 I BugleRcsEngine: [95] bawj.c: SIM state event delay enabled: attempts 3, maxAttempts 3, delaySeconds 90 MSIM delayseconds 90, effective delay seconds 90
11-05 11:12:15.557  5942  6021 I BugleRcsEngine: [95] bawj.c: reached max delay attempts, do not reschedule 
11-05 11:12:15.593   928   928 D MultiSimSettingController: notifySubscriptionInfoChanged
11-05 11:12:15.627   928   928 I VvmSimStateTracker: android.intent.action.SIM_STATE_CHANGED
11-05 11:12:15.628  5942  5979 W Bugle   : BuglePhoneNumberUtils: canonicalizeMccMnc: invalid mccmnc. mcc: null, mnc: null
11-05 11:12:15.647   768  1010 D EGL_emulation: app_time_stats: avg=675.17ms min=50.16ms max=1774.77ms count=4
11-05 11:12:15.679   587   709 D ConnectivityService: Adding iface eth0 to network 104
11-05 11:12:15.690   369   369 E Netd    : no such netId 104
11-05 11:12:15.690   369   369 I netd    : networkAddInterface(104, eth0) -> ServiceSpecificException(64, "Machine is not on the network") <0.37ms>
11-05 11:12:15.708   587   709 W ConnectivityService: Exception adding interface: android.os.ServiceSpecificException: Machine is not on the network (code 64)
11-05 11:12:15.709   369   369 I netd    : interfaceSetMtu(eth0, 1500) -> ServiceSpecificException(121, "Remote I/O error") <0.17ms>
11-05 11:12:15.726   587   709 E ConnectivityService: exception in interfaceSetMtu()android.os.ServiceSpecificException: Remote I/O error (code 121)
11-05 11:12:15.728   369   369 E Netd    : no such netId 104
11-05 11:12:15.729   369   369 I netd    : networkAddRouteParcel(104, RouteInfoParcel{destination: 10.0.2.0/24, ifName: eth0, nextHop: , mtu: 0}) -> ServiceSpecificException(64, "Machine is not on the network") <1.60ms>
11-05 11:12:15.731   587   709 E ConnectivityService: Exception in networkAddRouteParcel for non-gateway: android.os.ServiceSpecificException: Machine is not on the network (code 64)
11-05 11:12:15.731   369   369 E Netd    : no such netId 104
11-05 11:12:15.731   369   369 I netd    : networkAddRouteParcel(104, RouteInfoParcel{destination: 0.0.0.0/0, ifName: eth0, nextHop: 10.0.2.2, mtu: 1500}) -> ServiceSpecificException(64, "Machine is not on the network") <0.17ms>
11-05 11:12:15.732   587   709 E ConnectivityService: Exception in networkAddRouteParcel for gateway: android.os.ServiceSpecificException: Machine is not on the network (code 64)
11-05 11:12:15.732   587   709 D ConnectivityService: Setting DNS servers for network 104 to [/10.0.2.3]
11-05 11:12:15.763   587  2038 W ContextImpl: Calling a method in the system process without a qualified user: android.app.ContextImpl.sendBroadcastMultiplePermissions:1272 android.content.Context.sendBroadcastMultiplePermissions:2272 com.android.server.TelephonyRegistry.broadcastDataConnectionStateChanged:3281 com.android.server.TelephonyRegistry.notifyDataConnectionForSubscriber:2036 com.android.internal.telephony.ITelephonyRegistry$Stub.onTransact:571 
11-05 11:12:15.704   369   369 W binder:369_3: type=1400 audit(0.0:47): avc: denied { write } for name="mtu" dev="sysfs" ino=26154 scontext=u:r:netd:s0 tcontext=u:object_r:sysfs:s0 tclass=file permissive=0
11-05 11:12:15.860   369   369 I netd    : tetherGetStats() -> {[]} <3.54ms>
11-05 11:12:15.871   928   928 D CallNotifier: updatePhoneStateListeners: update CF notifications.
11-05 11:12:15.872   928   928 I NotificationMgr: updateCfi: subId= 1, visible=N
11-05 11:12:15.875   928   928 I NotificationMgr: updateMwi(): subId 1 update to false
11-05 11:12:15.930   928   928 I Telephony: TelecomAccountRegistry: onSubscriptionsChanged - update accounts
11-05 11:12:15.930   587   709 D ConnectivityService: [104 CELLULAR] EVENT_NETWORK_INFO_CHANGED, going from CONNECTING to CONNECTED
11-05 11:12:15.935   369   369 I netd    : networkCreate(NativeNetworkConfig{netId: 104, networkType: PHYSICAL, permission: 0, secure: false, vpnType: -1, excludeLocalRoutes: false}) <0.51ms>
11-05 11:12:15.936   369   369 I netd    : createNetworkCache(104) <0.16ms>
11-05 11:12:15.938   587   709 D DnsManager: sendDnsConfigurationForNetwork(104, [10.0.2.3], [], 1800, 25, 8, 64, 0, 0, , [])
11-05 11:12:15.942   369   369 I resolv  : resolv_set_nameservers: netid = 104, addr = 10.0.2.3
11-05 11:12:15.943   369   369 I netd    : DnsResolverService::setResolverConfiguration(104, [10.0.2.3], [], 1800, 25, 8, 64, 0, 0, "", []) -> (0) (0.8ms)
11-05 11:12:15.947   369   369 I netd    : setResolverConfiguration(ResolverParamsParcel{netId: 104, sampleValiditySeconds: 1800, successThreshold: 25, minSamples: 8, maxSamples: 64, baseTimeoutMsec: 0, retryCount: 0, servers: [10.0.2.3], domains: [], tlsName: , tlsServers: [], tlsFingerprints: [], caCertificate: , tlsConnectTimeoutMs: 0, resolverOptions: (null), transportTypes: [0]}) <4.11ms>
11-05 11:12:15.955   587   709 W DnsManager: updatePrivateDns(104, PrivateDnsConfig{true:/[]})
11-05 11:12:15.955   587   709 D ConnectivityService: Setting DNS servers for network 104 to [/10.0.2.3]
11-05 11:12:15.955   587   709 D DnsManager: sendDnsConfigurationForNetwork(104, [10.0.2.3], [], 1800, 25, 8, 64, 0, 0, , [10.0.2.3])
11-05 11:12:15.962   369   369 I resolv  : setDoh: No suitable DoH server found
11-05 11:12:15.963   369   369 I netd    : DnsResolverService::setResolverConfiguration(104, [10.0.2.3], [], 1800, 25, 8, 64, 0, 0, "", [10.0.2.3]) -> (0) (3ms)
11-05 11:12:15.966   369   369 I netd    : setResolverConfiguration(ResolverParamsParcel{netId: 104, sampleValiditySeconds: 1800, successThreshold: 25, minSamples: 8, maxSamples: 64, baseTimeoutMsec: 0, retryCount: 0, servers: [10.0.2.3], domains: [], tlsName: , tlsServers: [10.0.2.3], tlsFingerprints: [], caCertificate: , tlsConnectTimeoutMs: 0, resolverOptions: (null), transportTypes: [0]}) <5.47ms>
11-05 11:12:15.971   369  6472 W resolv  : Validating DnsTlsServer 10.0.2.3 with mark 0xf0068
11-05 11:12:15.976   369  6472 W resolv  : Socket failed to connect: Network is unreachable
11-05 11:12:15.977   369  6472 W resolv  : TCP Handshake failed: 101
11-05 11:12:15.977   369  6472 W resolv  : query failed
11-05 11:12:15.977   369  6472 W resolv  : validateDnsTlsServer returned 0 for 10.0.2.3
11-05 11:12:15.980   369  6472 W resolv  : Validation failed
11-05 11:12:16.018   928   928 I Telephony: PstnIncomingCallNotifier: Unregistering: [0]
11-05 11:12:16.019   928   928 D Telephony: Unregistering: Handler (com.android.internal.telephony.GsmCdmaPhone) {7f8b59e}
11-05 11:12:16.055   587   709 D ConnectivityService: Adding iface eth0 to network 104
11-05 11:12:16.062  6430  6455 W Settings: Setting airplane_mode_on has moved from android.provider.Settings.System to android.provider.Settings.Global, returning read-only value.
11-05 11:12:16.068  6430  6430 I DialerLegacyVoicemailNotificationReceiver: com.android.dialer.app.calllog.LegacyVoicemailNotificationReceiver.onReceive:100 received legacy voicemail notification
11-05 11:12:16.074   928   928 I ImsCallbackAM [0]: Local callback removed: android.telephony.ims.ImsMmTelManager$CapabilityCallback$CapabilityBinder@b3eeb6f
11-05 11:12:16.090   369   369 I netd    : networkAddInterface(104, eth0) <34.85ms>
11-05 11:12:16.098   369   369 I netd    : interfaceSetMtu(eth0, 1500) -> ServiceSpecificException(121, "Remote I/O error") <2.06ms>
11-05 11:12:16.101  6430  6456 I DialerLegacyVoicemailNotificationReceiver: com.android.dialer.app.calllog.LegacyVoicemailNotificationReceiver.lambda$handleNotification$0:127 isRefresh: true
11-05 11:12:16.102   587   709 E ConnectivityService: exception in interfaceSetMtu()android.os.ServiceSpecificException: Remote I/O error (code 121)
11-05 11:12:16.102  6430  6456 I DialerLegacyVoicemailNotificationReceiver: com.android.dialer.app.calllog.LegacyVoicemailNotificationReceiver.lambda$handleNotification$0:148 clearing notification
11-05 11:12:16.103   369   369 I netd    : networkAddRouteParcel(104, RouteInfoParcel{destination: 10.0.2.0/24, ifName: eth0, nextHop: , mtu: 0}) <0.31ms>
11-05 11:12:16.103  6430  6456 I DialerLegacyVoicemailNotifier: com.android.dialer.app.calllog.LegacyVoicemailNotifier.cancelNotification:212 enter
11-05 11:12:16.109  6430  6430 I DialerBroadcastReceiverStrategyImpl: com.android.dialer.broadcastreceiverstrategy.impl.BroadcastReceiverStrategyImpl.backgroundThenInlineThenForeground:76 try doing work using a background service
11-05 11:12:16.110   369   369 I netd    : networkAddRouteParcel(104, RouteInfoParcel{destination: 0.0.0.0/0, ifName: eth0, nextHop: 10.0.2.2, mtu: 1500}) <1.67ms>
11-05 11:12:16.111   587   709 D ConnectivityService: Setting DNS servers for network 104 to [/10.0.2.3]
11-05 11:12:16.112   587   709 D DnsManager: sendDnsConfigurationForNetwork(104, [10.0.2.3], [], 1800, 25, 8, 64, 0, 0, , [10.0.2.3])
11-05 11:12:16.119   369   369 I resolv  : setDoh: No suitable DoH server found
11-05 11:12:16.119  6430  6455 I DialerVoicemailStatusDataServiceImpl: com.android.dialer.voicemailstatus.dataservice.impl.VoicemailStatusDataServiceImpl.lambda$insertVoicemailStatus$3:168 merged status: # jem@5cbbd7c4
11-05 11:12:16.120   369   369 I netd    : DnsResolverService::setResolverConfiguration(104, [10.0.2.3], [], 1800, 25, 8, 64, 0, 0, "", [10.0.2.3]) -> (0) (1ms)
11-05 11:12:16.123   369  6473 W resolv  : Validating DnsTlsServer 10.0.2.3 with mark 0xf0068
11-05 11:12:16.123   369   369 I netd    : setResolverConfiguration(ResolverParamsParcel{netId: 104, sampleValiditySeconds: 1800, successThreshold: 25, minSamples: 8, maxSamples: 64, baseTimeoutMsec: 0, retryCount: 0, servers: [10.0.2.3], domains: [], tlsName: , tlsServers: [10.0.2.3], tlsFingerprints: [], caCertificate: , tlsConnectTimeoutMs: 0, resolverOptions: (null), transportTypes: [0]}) <3.94ms>
11-05 11:12:16.134   928   928 I ImsCallbackAM [0]: Local callback removed: android.telephony.ims.RegistrationManager$RegistrationCallback$RegistrationBinder@c60407c
11-05 11:12:16.148   928   928 I Telephony: TelecomAccountRegistry: setupAccounts: Found 1 phones.  Attempting to register.
11-05 11:12:16.149   928   928 I Telephony: TelecomAccountRegistry: setupAccounts: Phone with subscription id 1
11-05 11:12:16.196  6430  6470 I DialerActivationTask: com.android.voicemail.impl.ActivationTask.onExecuteInBackgroundThread:282 VVM content provider configured - vvm_type_cvvm PhoneAccountHandle: [ComponentName: com.android.phone/com.android.services.telephony.TelephonyConnectionService subId: 1] [CONTEXT enable_persistent_logger=true ]
11-05 11:12:16.096   369   369 W binder:369_3: type=1400 audit(0.0:48): avc: denied { write } for name="mtu" dev="sysfs" ino=26154 scontext=u:r:netd:s0 tcontext=u:object_r:sysfs:s0 tclass=file permissive=0
11-05 11:12:16.260   928   928 D Telephony: isEmergencyPreferredAccount: subId=1, activeData=1
11-05 11:12:16.262   928   928 D Telephony: isEmergencyPreferredAccount: Device does not require preference.
11-05 11:12:16.276   928   928 I Telephony: isRttCurrentlySupported -- regular acct, hasVoiceAvailability: false
11-05 11:12:16.276   928   928 I Telephony:  isRttSupported: false
11-05 11:12:16.276   928   928 I Telephony:  alwaysAllowWhileRoaming: false
11-05 11:12:16.276   928   928 I Telephony:  isRoaming: false
11-05 11:12:16.276   928   928 I Telephony:  isOnWfc: false
11-05 11:12:16.293  1394  6405 I Checkin : [EventLogChimeraService] Opted in for usage reporting: false
11-05 11:12:16.365  6430  6470 I DialerActivationTask: com.android.voicemail.impl.ActivationTask.updateVoicemailsWithIccId:457 conversion disabled [CONTEXT enable_persistent_logger=true ]
11-05 11:12:16.376   587  1803 I Telecom : PhoneAccountRegistrar: Modify account: [ComponentInfo{com.android.phone/com.android.services.telephony.TelephonyConnectionService}, 1, UserHandle{0}]: TSI.rPA@Agc
11-05 11:12:16.378   587  1803 I Telecom : CallsManager: handlePhoneAccountChanged: phoneAccount=[[X] PhoneAccount: ComponentInfo{com.android.phone/com.android.services.telephony.TelephonyConnectionService}, 1, UserHandle{0} Capabilities: CallProvider MultiUser PlaceEmerg SimSub  Audio Routes: BESW Schemes: tel voicemail  Extras: Bundle[{android.telecom.extra.SUPPORTS_VIDEO_CALLING_FALLBACK=true}] GroupId: ***]: TSI.rPA@Agc
11-05 11:12:16.385   587  1803 I Telecom : PhoneAccountRegistrar: getSimCallManager: SimCallManager for subId 1 queried, returning: null: TSI.rPA@Agc
11-05 11:12:16.385   587  1803 I Telecom : PhoneAccountRegistrar: Notifying telephony of voice service override change for 1 SIMs, hasService = false: TSI.rPA@Agc
11-05 11:12:16.404  6430  6470 I DialerOmtpVvmCarrierConfigHelper: com.android.voicemail.impl.OmtpVvmCarrierConfigHelper.handleEvent:525 OmtpEvent:CONFIG_ACTIVATING PhoneAccountHandle: [ComponentName: com.android.phone/com.android.services.telephony.TelephonyConnectionService subId: 1] [CONTEXT enable_persistent_logger=true ]
11-05 11:12:16.409   928   928 I Telephony: AccountEntry: Registered phoneAccount: [[ ] PhoneAccount: ComponentInfo{com.android.phone/com.android.services.telephony.TelephonyConnectionService}, 1, UserHandle{0} Capabilities: CallProvider MultiUser PlaceEmerg SimSub  Audio Routes: BESW Schemes: tel voicemail  Extras: Bundle[{android.telecom.extra.SUPPORTS_VIDEO_CALLING_FALLBACK=true}] GroupId: ***] with handle: ComponentInfo{com.android.phone/com.android.services.telephony.TelephonyConnectionService}, 1, UserHandle{0}
11-05 11:12:16.410   928   928 I Telephony: PstnIncomingCallNotifier: Registering: [0]
11-05 11:12:16.412   928   928 D Telephony: Registering: Handler (com.android.internal.telephony.GsmCdmaPhone) {7f8b59e}
11-05 11:12:16.454   369   369 I netd    : tetherGetStats() -> {[]} <2.10ms>
11-05 11:12:16.514   928   928 W ImsCallbackAM [0, -1]: add callback: inactive subID detected: 1
11-05 11:12:16.516   928   928 W Telephony: registerMmTelCapabilityCallback: registration failed, no ImsService available. Exception: ImsService is not available for the subscription specified. (code: 1)
11-05 11:12:16.519  6430  6470 I DialerVoicemailStatus: com.android.voicemail.impl.VoicemailStatus$Editor.apply:106 enter
11-05 11:12:16.552   369   811 I netd    : bandwidthSetInterfaceQuota(eth0, 9223372036854775807) <9.17ms>
11-05 11:12:16.561   369   369 I netd    : networkSetPermissionForNetwork(104, 1) <19.45ms>
11-05 11:12:16.575   587   709 D ConnectivityService: NetReassign [2 : null → 104] [c 1] [a 31] [i 2]
11-05 11:12:16.619   928   928 W ImsCallbackAM [0, -1]: add callback: inactive subID detected: 1
11-05 11:12:16.620   928   928 W Telephony: registerImsRegistrationCallback: registration failed, no ImsService available. Exception: ImsService is not available for the subscription specified. (code: 1)
11-05 11:12:16.635  6430  6470 I DialerVoicemailStatusDataServiceImpl: com.android.dialer.voicemailstatus.dataservice.impl.VoicemailStatusDataServiceImpl.insertVoicemailStatus:151 enter
11-05 11:12:16.665  4377  6408 I ProximityAuth: [SimStateChangedIntentOperation] Handling intent Intent { act=android.intent.action.SIM_STATE_CHANGED flg=0x5000010 pkg=com.google.android.gms cmp=com.google.android.gms/.chimera.PersistentIntentOperationService (has extras) }
11-05 11:12:16.685   841  6476 D TrafficStats: tagSocket(71) with statsTag=0xffffff81, statsUid=-1
11-05 11:12:16.688   841  6475 D TrafficStats: tagSocket(101) with statsTag=0xffffff81, statsUid=-1
11-05 11:12:16.688  1394  6405 W GmsTaskScheduler: ScheduledCheckinGmsTaskService is not available. This may cause the task to be lost.
11-05 11:12:16.707   841  6476 D TrafficStats: tagSocket(79) with statsTag=0xffffff81, statsUid=-1
11-05 11:12:16.708  1394  6405 I Checkin : [EventLogChimeraService] Accumulating logs since 1762340379698
11-05 11:12:16.721   841  6475 D TrafficStats: tagSocket(71) with statsTag=0xffffff81, statsUid=-1
11-05 11:12:16.737   928   928 D MultiSimSettingController: onSubscriptionsChanged
11-05 11:12:16.698     0     0 I logd    : logdr: UID=10102 GID=10102 PID=1394 n tail=0 logMask=4 pid=0 start=0ns deadline=0ns
11-05 11:12:16.744  6430  6452 W PhenotypeFlagCommitter: Committing snapshot for com.google.android.dialer failed, retrying
