11-05 11:12:16.744  6430  6452 W PhenotypeFlagCommitter: java.util.concurrent.TimeoutException: Timed out waiting for Task
11-05 11:12:16.744  6430  6452 W PhenotypeFlagCommitter: 	at nbr.f(PG:7)
11-05 11:12:16.744  6430  6452 W PhenotypeFlagCommitter: 	at mzf.c(PG:5)
11-05 11:12:16.744  6430  6452 W PhenotypeFlagCommitter: 	at gjp.call(PG:5)
11-05 11:12:16.744  6430  6452 W PhenotypeFlagCommitter: 	at rtg.call(PG:7)
11-05 11:12:16.744  6430  6452 W PhenotypeFlagCommitter: 	at rvn.a(Unknown Source:2)
11-05 11:12:16.744  6430  6452 W PhenotypeFlagCommitter: 	at rus.run(PG:3)
11-05 11:12:16.744  6430  6452 W PhenotypeFlagCommitter: 	at rvo.run(Unknown Source:4)
11-05 11:12:16.744  6430  6452 W PhenotypeFlagCommitter: 	at ndc.run(PG:4)
11-05 11:12:16.744  6430  6452 W PhenotypeFlagCommitter: 	at java.util.concurrent.ThreadPoolExecutor.runWorker(ThreadPoolExecutor.java:1137)
11-05 11:12:16.744  6430  6452 W PhenotypeFlagCommitter: 	at java.util.concurrent.ThreadPoolExecutor$Worker.run(ThreadPoolExecutor.java:637)
11-05 11:12:16.744  6430  6452 W PhenotypeFlagCommitter: 	at ncf.run(PG:18)
11-05 11:12:16.744  6430  6452 W PhenotypeFlagCommitter: 	at mke.run(PG:10)
11-05 11:12:16.744  6430  6452 W PhenotypeFlagCommitter: 	at ncr.run(PG:5)
11-05 11:12:16.744  6430  6452 W PhenotypeFlagCommitter: 	at java.lang.Thread.run(Thread.java:1012)
11-05 11:12:16.756  6430  6430 I DialerMwiReceiver: com.android.dialer.voicemail.service.receivers.MwiReceiver.onReceive:71 Received ACTION_SHOW_VOICEMAIL_NOTIFICATION
11-05 11:12:16.766  6430  6430 I DialerBroadcastReceiverStrategyImpl: com.android.dialer.broadcastreceiverstrategy.impl.BroadcastReceiverStrategyImpl.backgroundThenInlineThenForeground:76 try doing work using a background service
11-05 11:12:16.766   928   928 D MultiSimSettingController: isReadyToReevaluate: subInfoInitialized=true, carrierConfigsLoaded=true
11-05 11:12:16.767   928   928 D MultiSimSettingController: updateDefaults
11-05 11:12:16.768   928   928 D MultiSimSettingController: isReadyToReevaluate: subInfoInitialized=true, carrierConfigsLoaded=true
11-05 11:12:16.771   928   928 D MultiSimSettingController: [updateDefaultValues] change: 0
11-05 11:12:16.771   928   928 D MultiSimSettingController: isReadyToReevaluate: subInfoInitialized=true, carrierConfigsLoaded=true
11-05 11:12:16.773   928   928 D MultiSimSettingController: onSubscriptionGroupChanged
11-05 11:12:16.773   587   700 D NetworkStatsObservers: Registering observer for RequestInfo from pid/uid:587/1000(android) for DataUsageRequest [ requestId=9, networkTemplate=NetworkTemplate: matchRule=MOBILE, subscriberId=310260..., matchSubscriberIds=[310260...], matchWifiNetworkKeys=[], metered=YES, defaultNetwork=NO, subscriberIdMatchRule=EXACT_MATCH, thresholdInBytes=3755559 ] accessLevel:3
11-05 11:12:16.777   369  6479 I resolv  : ResNSendHandler::run: 0 / {104 983144 104 983144 1073 1}
11-05 11:12:16.784   369   369 I netd    : bandwidthRemoveInterfaceQuota(eth0) <9.06ms>
11-05 11:12:16.784   369  6481 I resolv  : ResNSendHandler::run: 0 / {104 983144 104 983144 1073 1}
11-05 11:12:16.784   369  6478 I resolv  : ResNSendHandler::run: 0 / {104 983144 104 983144 1073 1}
11-05 11:12:16.788   369  6480 I resolv  : ResNSendHandler::run: 0 / {104 983144 104 983144 1073 1}
11-05 11:12:16.795   369   369 I netd    : bandwidthSetInterfaceQuota(eth0, 9223372036854775807) <2.08ms>
11-05 11:12:16.800   369   369 I netd    : bandwidthRemoveInterfaceQuota(eth0) <2.00ms>
11-05 11:12:16.807   369   369 I netd    : bandwidthSetInterfaceQuota(eth0, 9223372036854775807) <1.68ms>
11-05 11:12:16.811   928   928 D CarrierConfigLoader: mHandler: EVENT_SUBSCRIPTION_INFO_UPDATED phoneId: 0
11-05 11:12:16.814   928   928 D CarrierConfigLoader: Broadcast CARRIER_CONFIG_CHANGED for phone 0 simApplicationState 10
11-05 11:12:16.821   768  1010 D EGL_emulation: app_time_stats: avg=584.38ms min=56.65ms max=1112.11ms count=2
11-05 11:12:16.822  1394  6406 I constellation: [sim_state_checker] Handling intent Intent { act=android.intent.action.SIM_STATE_CHANGED flg=0x5000010 pkg=com.google.android.gms cmp=com.google.android.gms/.chimera.GmsIntentOperationService (has extras) }
11-05 11:12:16.888  1394  1394 D BoundBrokerSvc: onBind: Intent { act=com.google.android.gms.common.BIND_SHARED_PREFS pkg=com.google.android.gms }
11-05 11:12:16.888  1394  1394 D BoundBrokerSvc: Loading bound service for intent: Intent { act=com.google.android.gms.common.BIND_SHARED_PREFS pkg=com.google.android.gms }
11-05 11:12:16.908   928   928 D CarrierConfigLoader: Broadcast CARRIER_CONFIG_CHANGED for phone 0, subId=1
11-05 11:12:16.911   587   702 D WifiService: ACTION_CARRIER_CONFIG_CHANGED, active subId: 1
11-05 11:12:16.948   587   587 I Telecom : PhoneAccountRegistrar: getSimCallManager: SimCallManager for subId 1 queried, returning: null: TSI.gSCMFU@Ahg
11-05 11:12:16.965   369   369 I netd    : tetherGetStats() -> {[]} <9.22ms>
11-05 11:12:16.995  5942  5942 I Bugle   : Carrier config changed. Reloading MMS config.
11-05 11:12:17.023   587  1849 D CompatibilityChangeReporter: Compat change id reported: 135634846; UID 10101; state: DISABLED
11-05 11:12:17.024   587  1849 D CompatibilityChangeReporter: Compat change id reported: 177438394; UID 10101; state: DISABLED
11-05 11:12:17.040   587   605 E GnssUtilsJni: IGnssConfiguration setEsExtensionSec() failed.
11-05 11:12:17.040   587   605 E GnssConfiguration: Unable to set ES_EXTENSION_SEC: 0
11-05 11:12:17.042   587  1849 D CompatibilityChangeReporter: Compat change id reported: 135772972; UID 10101; state: DISABLED
11-05 11:12:17.043   587   605 W Looper  : Slow dispatch took 123ms android.fg h=android.os.Handler c=android.app.LoadedApk$ReceiverDispatcher$Args$$ExternalSyntheticLambda0@93cc2ba m=0
11-05 11:12:17.047   587  1849 D CompatibilityChangeReporter: Compat change id reported: 135754954; UID 10101; state: ENABLED
11-05 11:12:17.056   587   617 D CompatibilityChangeReporter: Compat change id reported: 143937733; UID 10101; state: ENABLED
11-05 11:12:17.066   928   928 I ImsExternalCallTracker: handleVideoCapabilitiesChanged : isVideoCapable = false
11-05 11:12:17.067   928   928 D ImsExternalCallTracker: refreshCallPullState
11-05 11:12:17.067   928   928 I Telephony: handleVideoCapabilitesChanged. Video capability - false
11-05 11:12:17.079   370   370 D Zygote  : Forked child process 6483
11-05 11:12:17.089   587   617 W ActivityManager: Slow operation: 67ms so far, now at startProcess: returned from zygote!
11-05 11:12:17.102   587  1849 W ActivityManager: Slow operation: 88ms so far, now at startProcess: done starting proc!
11-05 11:12:17.129  6483  6483 W viceentitlement: Unexpected CPU variant for x86: x86_64.
11-05 11:12:17.129  6483  6483 W viceentitlement: Known variants: atom, sandybridge, silvermont, kabylake, default
11-05 11:12:17.149   928   928 D Telephony: isEmergencyPreferredAccount: subId=1, activeData=1
11-05 11:12:17.154   460   522 I adbd    : jdwp connection from 6483
11-05 11:12:17.170   928   928 D Telephony: isEmergencyPreferredAccount: Device does not require preference.
11-05 11:12:17.206   841   970 E SystemServiceRegistry: No service published for: ethernet
11-05 11:12:17.206   841   970 E SystemServiceRegistry: android.os.ServiceManager$ServiceNotFoundException: No service published for: ethernet
11-05 11:12:17.206   841   970 E SystemServiceRegistry: 	at android.os.ServiceManager.getServiceOrThrow(ServiceManager.java:166)
11-05 11:12:17.206   841   970 E SystemServiceRegistry: 	at android.app.SystemServiceRegistry$137.createService(SystemServiceRegistry.java:1825)
11-05 11:12:17.206   841   970 E SystemServiceRegistry: 	at android.app.SystemServiceRegistry$CachedServiceFetcher.getService(SystemServiceRegistry.java:1924)
11-05 11:12:17.206   841   970 E SystemServiceRegistry: 	at android.app.SystemServiceRegistry.getSystemService(SystemServiceRegistry.java:1601)
11-05 11:12:17.206   841   970 E SystemServiceRegistry: 	at android.app.ContextImpl.getSystemService(ContextImpl.java:2120)
11-05 11:12:17.206   841   970 E SystemServiceRegistry: 	at android.content.ContextWrapper.getSystemService(ContextWrapper.java:900)
11-05 11:12:17.206   841   970 E SystemServiceRegistry: 	at com.android.networkstack.tethering.Tethering.isEthernetSupported(Tethering.java:1561)
11-05 11:12:17.206   841   970 E SystemServiceRegistry: 	at com.android.networkstack.tethering.Tethering.makeSupportedDownstreams(Tethering.java:2520)
11-05 11:12:17.206   841   970 E SystemServiceRegistry: 	at com.android.networkstack.tethering.Tethering.updateSupportedDownstreams(Tethering.java:2494)
11-05 11:12:17.206   841   970 E SystemServiceRegistry: 	at com.android.networkstack.tethering.Tethering.updateConfiguration(Tethering.java:521)
11-05 11:12:17.206   841   970 E SystemServiceRegistry: 	at com.android.networkstack.tethering.Tethering.lambda$new$3(Tethering.java:342)
11-05 11:12:17.206   841   970 E SystemServiceRegistry: 	at com.android.networkstack.tethering.Tethering.$r8$lambda$gUNv5kQ9F3l-55GJaHD0NFxn_Fo(Unknown Source:0)
11-05 11:12:17.206   841   970 E SystemServiceRegistry: 	at com.android.networkstack.tethering.Tethering$$ExternalSyntheticLambda4.accept(Unknown Source:4)
11-05 11:12:17.206   841   970 E SystemServiceRegistry: 	at com.android.networkstack.tethering.util.VersionedBroadcastListener$Receiver.onReceive(VersionedBroadcastListener.java:103)
11-05 11:12:17.206   841   970 E SystemServiceRegistry: 	at android.app.LoadedApk$ReceiverDispatcher$Args.lambda$getRunnable$0$android-app-LoadedApk$ReceiverDispatcher$Args(LoadedApk.java:1790)
11-05 11:12:17.206   841   970 E SystemServiceRegistry: 	at android.app.LoadedApk$ReceiverDispatcher$Args$$ExternalSyntheticLambda0.run(Unknown Source:2)
11-05 11:12:17.206   841   970 E SystemServiceRegistry: 	at android.os.Handler.handleCallback(Handler.java:942)
11-05 11:12:17.206   841   970 E SystemServiceRegistry: 	at android.os.Handler.dispatchMessage(Handler.java:99)
11-05 11:12:17.206   841   970 E SystemServiceRegistry: 	at android.os.Looper.loopOnce(Looper.java:201)
11-05 11:12:17.206   841   970 E SystemServiceRegistry: 	at android.os.Looper.loop(Looper.java:288)
11-05 11:12:17.206   841   970 E SystemServiceRegistry: 	at android.os.HandlerThread.run(HandlerThread.java:67)
11-05 11:12:17.224   928   928 W ImsCallbackAM [0, -1]: add callback: inactive subID detected: 1
11-05 11:12:17.231   928   928 W Telephony: registerMmTelCapabilityCallback: registration failed, no ImsService available. Exception: ImsService is not available for the subscription specified. (code: 1)
11-05 11:12:17.259   928   928 I Telephony: isRttCurrentlySupported -- regular acct, hasVoiceAvailability: false
11-05 11:12:17.259   928   928 I Telephony:  isRttSupported: false
11-05 11:12:17.259   928   928 I Telephony:  alwaysAllowWhileRoaming: false
11-05 11:12:17.259   928   928 I Telephony:  isRoaming: false
11-05 11:12:17.259   928   928 I Telephony:  isOnWfc: false
11-05 11:12:17.260   369   369 I netd    : bandwidthRemoveInterfaceQuota(eth0) <3.47ms>
11-05 11:12:17.271   369   369 I netd    : bandwidthSetInterfaceQuota(eth0, 9223372036854775807) <4.64ms>
11-05 11:12:17.276   587   587 W ContentProviderHelper: Slow operation: 65ms so far, now at getContentProviderImpl: after updateOomAdj
11-05 11:12:17.279   587   587 W ContentProviderHelper: Slow operation: 66ms so far, now at getContentProviderImpl: done!
11-05 11:12:17.297   369   369 I netd    : bandwidthRemoveInterfaceQuota(eth0) <3.84ms>
11-05 11:12:17.335   369   369 I netd    : bandwidthSetInterfaceQuota(eth0, 9223372036854775807) <2.52ms>
11-05 11:12:17.338  6430  6449 W Settings: Setting airplane_mode_on has moved from android.provider.Settings.System to android.provider.Settings.Global, returning read-only value.
11-05 11:12:17.343   587  6499 I DropBoxManagerService: add tag=system_app_wtf isTagEnabled=true flags=0x2
11-05 11:12:17.352   587   587 W Looper  : Slow dispatch took 401ms main h=android.app.ActivityThread$H c=android.app.LoadedApk$ReceiverDispatcher$Args$$ExternalSyntheticLambda0@e817e9d m=0
11-05 11:12:17.364  6430  6449 I DialerVoicemailStatusDataServiceImpl: com.android.dialer.voicemailstatus.dataservice.impl.VoicemailStatusDataServiceImpl.lambda$insertVoicemailStatus$3:168 merged status: # jem@6600c263
11-05 11:12:17.375  1394  1394 D BoundBrokerSvc: onUnbind: Intent { act=com.google.android.gms.common.BIND_SHARED_PREFS pkg=com.google.android.gms }
11-05 11:12:17.385   587   587 W Looper  : Slow delivery took 457ms main h=com.android.server.power.Notifier$NotifierHandler c=null m=7
11-05 11:12:17.396   587   617 W ActivityManager: Slow operation: 375ms so far, now at startProcess: done updating battery stats
11-05 11:12:17.396   587   617 W ActivityManager: Slow operation: 376ms so far, now at startProcess: building log message
11-05 11:12:17.396   587   617 I ActivityManager: Start proc 6483:com.android.imsserviceentitlement/u0a101 for broadcast {com.android.imsserviceentitlement/com.android.imsserviceentitlement.ImsEntitlementReceiver}
11-05 11:12:17.397   587   617 W ActivityManager: Slow operation: 376ms so far, now at startProcess: starting to update pids map
11-05 11:12:17.398   587   617 W ActivityManager: Slow operation: 377ms so far, now at startProcess: done updating pids map
11-05 11:12:17.412   587   767 D NetworkStatsObservers: Unregistering RequestInfo from pid/uid:587/1000(android) for DataUsageRequest [ requestId=9, networkTemplate=NetworkTemplate: matchRule=MOBILE, subscriberId=310260..., matchSubscriberIds=[310260...], matchWifiNetworkKeys=[], metered=YES, defaultNetwork=NO, subscriberIdMatchRule=EXACT_MATCH, thresholdInBytes=3755559 ] accessLevel:3
11-05 11:12:17.425   587   587 W Looper  : Drained
11-05 11:12:17.428   587   603 I Telecom : PhoneAccountRegistrar: Modify account: [ComponentInfo{com.android.phone/com.android.services.telephony.TelephonyConnectionService}, 1, UserHandle{0}]: TSI.rPA@Ahw
11-05 11:12:17.447   587   700 D NetworkStatsObservers: Registering observer for RequestInfo from pid/uid:587/1000(android) for DataUsageRequest [ requestId=10, networkTemplate=NetworkTemplate: matchRule=MOBILE, subscriberId=310260..., matchSubscriberIds=[310260...], matchWifiNetworkKeys=[], metered=YES, defaultNetwork=NO, subscriberIdMatchRule=EXACT_MATCH, thresholdInBytes=3752319 ] accessLevel:3
11-05 11:12:17.467   587   603 I Telecom : CallsManager: handlePhoneAccountChanged: phoneAccount=[[X] PhoneAccount: ComponentInfo{com.android.phone/com.android.services.telephony.TelephonyConnectionService}, 1, UserHandle{0} Capabilities: CallProvider MultiUser PlaceEmerg SimSub  Audio Routes: BESW Schemes: tel voicemail  Extras: Bundle[{android.telecom.extra.SUPPORTS_VIDEO_CALLING_FALLBACK=true}] GroupId: ***]: TSI.rPA@Ahw
11-05 11:12:17.487   369   369 I netd    : tetherGetStats() -> {[]} <2.55ms>
11-05 11:12:17.511   587  2038 W ActivityManager: Slow operation: 52ms so far, now at attachApplicationLocked: after updateLruProcessLocked
11-05 11:12:17.511   587   603 I Telecom : PhoneAccountRegistrar: getSimCallManager: SimCallManager for subId 1 queried, returning: null: TSI.rPA@Ahw
11-05 11:12:17.512   587   603 I Telecom : PhoneAccountRegistrar: Notifying telephony of voice service override change for 1 SIMs, hasService = false: TSI.rPA@Ahw
11-05 11:12:17.512   587  2038 W ActivityManager: Slow operation: 53ms so far, now at attachApplicationLocked: after mServices.attachApplicationLocked
11-05 11:12:17.523  5942  5979 W Bugle   : BuglePhoneNumberUtils: canonicalizeMccMnc: invalid mccmnc. mcc: null, mnc: null
11-05 11:12:17.531   495   495 W libgoldfish-rild: Multi-element reporting criteria are not supported with HIDL HAL
11-05 11:12:17.534   928   928 D CarrierKeyDownloadManager: Carrier Config changed: android.telephony.action.CARRIER_CONFIG_CHANGED
11-05 11:12:17.535   587  2038 W ActivityManager: Slow operation: 76ms so far, now at attachApplicationLocked: after sendPendingBroadcastsLocked
11-05 11:12:17.571  6483  6483 D CompatibilityChangeReporter: Compat change id reported: 171979766; UID 10101; state: ENABLED
11-05 11:12:17.579   587  1736 D CompatibilityChangeReporter: Compat change id reported: 161145287; UID 10105; state: DISABLED
11-05 11:12:17.579  6430  6452 I DialerFlags: com.android.dialer.phenotype.Flags$1.onSuccess:105 finished with result: true
11-05 11:12:17.599   587  1803 D CompatibilityChangeReporter: Compat change id reported: 135634846; UID 10102; state: DISABLED
11-05 11:12:17.606   587   617 D CompatibilityChangeReporter: Compat change id reported: 143937733; UID 10102; state: ENABLED
11-05 11:12:17.608   928   928 I ImsResolver: Received Carrier Config Changed for SlotId: 0, SubId: 1, sim state: 5
11-05 11:12:17.611   928   928 I TelephonyRcsService: updateFeatureControllerSubscription: slotId=0, oldSubId= 1, subId=1, existing feature=false
11-05 11:12:17.628   928  1247 D SmsNumberUtils: enter filterDestAddr. destAddr="[BajqU4K5_YhSYbs-7QUn0dOwcmI]"
11-05 11:12:17.631   928  1247 D SmsNumberUtils: destAddr is not formatted.
11-05 11:12:17.632   928  1247 D SmsNumberUtils: leave filterDestAddr, new destAddr="[BajqU4K5_YhSYbs-7QUn0dOwcmI]"
11-05 11:12:17.639  6483  6483 D nativeloader: Configuring vendor-classloader-namespace for unbundled product apk /product/priv-app/ImsServiceEntitlement/ImsServiceEntitlement.apk. target_sdk_version=10000, uses_libraries=, library_path=/product/priv-app/ImsServiceEntitlement/lib/x86_64:/product/lib64:/system/product/lib64, permitted_path=/data:/mnt/expand:/data/user/0/com.android.imsserviceentitlement:/product/lib64:/system/product/lib64
11-05 11:12:17.646   370   370 D Zygote  : Forked child process 6500
11-05 11:12:17.652   587   617 W ActivityManager: Slow operation: 54ms so far, now at startProcess: returned from zygote!
11-05 11:12:17.658   587   617 W ActivityManager: Slow operation: 60ms so far, now at startProcess: done updating battery stats
11-05 11:12:17.658   928   928 I Telephony: Carrier-config changed, checking for phone account updates.
11-05 11:12:17.658   587   617 W ActivityManager: Slow operation: 61ms so far, now at startProcess: building log message
11-05 11:12:17.658   928   928 D Telephony: TelecomAccountRegistry: handleCarrierConfigChange: subId=1, accountSubId=1
11-05 11:12:17.663   587   617 I ActivityManager: Start proc 6500:com.google.android.gms.unstable/u0a102 for service {com.google.android.gms/com.google.android.gms.droidguard.DroidGuardService}
11-05 11:12:17.663   587   617 W ActivityManager: Slow operation: 66ms so far, now at startProcess: starting to update pids map
11-05 11:12:17.665   587   617 W ActivityManager: Slow operation: 67ms so far, now at startProcess: done updating pids map
11-05 11:12:17.665   928   928 D Telephony: isEmergencyPreferredAccount: subId=1, activeData=1
11-05 11:12:17.665   928   928 D Telephony: isEmergencyPreferredAccount: Device does not require preference.
11-05 11:12:17.679  6500  6500 W id.gms.unstable: Unexpected CPU variant for x86: x86_64.
11-05 11:12:17.679  6500  6500 W id.gms.unstable: Known variants: atom, sandybridge, silvermont, kabylake, default
11-05 11:12:17.706   460   522 I adbd    : jdwp connection from 6500
11-05 11:12:17.724   928   928 W ImsCallbackAM [0, -1]: add callback: inactive subID detected: 1
11-05 11:12:17.729   928   928 W Telephony: registerMmTelCapabilityCallback: registration failed, no ImsService available. Exception: ImsService is not available for the subscription specified. (code: 1)
11-05 11:12:17.744   369  6402 I resolv  : res_nsend: used send_dg 0 terrno: 110
11-05 11:12:17.744   369  6402 I resolv  : doQuery: rcode=255, ancount=0, return value=-110
11-05 11:12:17.746   369  6403 I resolv  : res_nsend: used send_dg 0 terrno: 110
11-05 11:12:17.746   369  6403 I resolv  : doQuery: rcode=255, ancount=0, return value=-110
11-05 11:12:17.747   928   928 I Telephony: isRttCurrentlySupported -- regular acct, hasVoiceAvailability: false
11-05 11:12:17.747   928   928 I Telephony:  isRttSupported: false
11-05 11:12:17.747   928   928 I Telephony:  alwaysAllowWhileRoaming: false
11-05 11:12:17.747   928   928 I Telephony:  isRoaming: false
11-05 11:12:17.747   928   928 I Telephony:  isOnWfc: false
11-05 11:12:17.762  4377  5888 E WakeLock: GCM_HB_ALARM release without a matched acquire!
11-05 11:12:17.767  4377  5888 W WakeLock: GCM_HB_ALARM counter does not exist
11-05 11:12:17.787  6500  6500 D CompatibilityChangeReporter: Compat change id reported: 171979766; UID 10102; state: ENABLED
11-05 11:12:17.796  4377  5888 W WakeLock: GCM_CONN_ALARM counter does not exist
11-05 11:12:17.813   928   928 I Telephony: reRegisterPstnPhoneAccount: subId: 1 - no change
11-05 11:12:17.824  6483  6483 V GraphicsEnvironment: ANGLE Developer option for 'com.android.imsserviceentitlement' set to: 'default'
11-05 11:12:17.826   851  1146 I HeadsetPhoneState: stopListenForPhoneState(), no listener indicates nothing is listening
11-05 11:12:17.827   851  1146 W HeadsetPhoneState: startListenForPhoneState, no event to listen
11-05 11:12:17.827   928   928 D MultiSimSettingController: onCarrierConfigChanged phoneId 0 subId 1
11-05 11:12:17.827   928   928 D MultiSimSettingController: isReadyToReevaluate: subInfoInitialized=true, carrierConfigsLoaded=true
11-05 11:12:17.827   928   928 D MultiSimSettingController: updateDefaults
11-05 11:12:17.827  6483  6483 V GraphicsEnvironment: ANGLE GameManagerService for com.android.imsserviceentitlement: false
11-05 11:12:17.827   928   928 D MultiSimSettingController: isReadyToReevaluate: subInfoInitialized=true, carrierConfigsLoaded=true
11-05 11:12:17.827  6483  6483 V GraphicsEnvironment: Neither updatable production driver nor prerelease driver is supported.
11-05 11:12:17.834   928   928 D MultiSimSettingController: [updateDefaultValues] change: 0
11-05 11:12:17.834   928   928 D MultiSimSettingController: isReadyToReevaluate: subInfoInitialized=true, carrierConfigsLoaded=true
11-05 11:12:17.836  6483  6483 D NetworkSecurityConfig: No Network Security Config specified, using platform default
11-05 11:12:17.839  6500  6500 D nativeloader: Configuring classloader-namespace for other apk /system/framework/org.apache.http.legacy.jar. target_sdk_version=33, uses_libraries=ALL, library_path=/product/priv-app/PrebuiltGmsCore/lib/x86_64:/product/priv-app/PrebuiltGmsCore/PrebuiltGmsCore.apk!/lib/x86_64, permitted_path=/data:/mnt/expand:/data/user/0/com.google.android.gms
11-05 11:12:17.839  6483  6483 D NetworkSecurityConfig: No Network Security Config specified, using platform default
11-05 11:12:17.879  6500  6500 D nativeloader: Configuring classloader-namespace for other apk /system/framework/com.android.media.remotedisplay.jar. target_sdk_version=33, uses_libraries=ALL, library_path=/product/priv-app/PrebuiltGmsCore/lib/x86_64:/product/priv-app/PrebuiltGmsCore/PrebuiltGmsCore.apk!/lib/x86_64, permitted_path=/data:/mnt/expand:/data/user/0/com.google.android.gms
11-05 11:12:17.906  6483  6483 W FirebaseApp: Default FirebaseApp failed to initialize because no default options were found. This usually means that com.google.gms:google-services was not applied to your gradle project.
11-05 11:12:17.907  6483  6483 I FirebaseInitProvider: FirebaseApp initialization unsuccessful
11-05 11:12:17.940  6500  6500 D nativeloader: Configuring classloader-namespace for other apk /system/framework/com.android.location.provider.jar. target_sdk_version=33, uses_libraries=ALL, library_path=/product/priv-app/PrebuiltGmsCore/lib/x86_64:/product/priv-app/PrebuiltGmsCore/PrebuiltGmsCore.apk!/lib/x86_64, permitted_path=/data:/mnt/expand:/data/user/0/com.google.android.gms
11-05 11:12:17.961  6500  6500 D nativeloader: Configuring classloader-namespace for other apk /system_ext/framework/androidx.window.extensions.jar. target_sdk_version=33, uses_libraries=ALL, library_path=/product/priv-app/PrebuiltGmsCore/lib/x86_64:/product/priv-app/PrebuiltGmsCore/PrebuiltGmsCore.apk!/lib/x86_64, permitted_path=/data:/mnt/expand:/data/user/0/com.google.android.gms
11-05 11:12:17.972  6500  6500 D nativeloader: Configuring classloader-namespace for other apk /system_ext/framework/androidx.window.sidecar.jar. target_sdk_version=33, uses_libraries=ALL, library_path=/product/priv-app/PrebuiltGmsCore/lib/x86_64:/product/priv-app/PrebuiltGmsCore/PrebuiltGmsCore.apk!/lib/x86_64, permitted_path=/data:/mnt/expand:/data/user/0/com.google.android.gms
11-05 11:12:18.031  6483  6483 D CompatibilityChangeReporter: Compat change id reported: 183155436; UID 10101; state: ENABLED
11-05 11:12:18.041  6500  6500 D nativeloader: Configuring vendor-classloader-namespace for unbundled product apk /product/priv-app/PrebuiltGmsCore/PrebuiltGmsCore.apk. target_sdk_version=33, uses_libraries=, library_path=/product/priv-app/PrebuiltGmsCore/lib/x86_64:/product/priv-app/PrebuiltGmsCore/PrebuiltGmsCore.apk!/lib/x86_64:/product/lib64:/system/product/lib64, permitted_path=/data:/mnt/expand:/data/user/0/com.google.android.gms:/product/lib64:/system/product/lib64
11-05 11:12:18.042   928   928 D CarrierKeyDownloadManager: Carrier not enabled or invalid values. mKeyAvailability=0 mURL=null
11-05 11:12:18.042   928   928 D CarrierKeyDownloadManager: Cleaning up existing renewal alarms
11-05 11:12:18.055   928   928 I CarrierInfoManager: deleting carrier key from db for subId=1
11-05 11:12:18.079   928   928 D CarrierProvider:   delete.count=0
11-05 11:12:18.081   928   928 I CarrierInfoManager: Deleting the number of entries = 0   for carrierId = 1
11-05 11:12:18.119   495   495 W libgoldfish-rild: Multi-element reporting criteria are not supported with HIDL HAL
11-05 11:12:18.157  6500  6500 V GraphicsEnvironment: ANGLE Developer option for 'com.google.android.gms' set to: 'default'
11-05 11:12:18.168  6500  6500 V GraphicsEnvironment: ANGLE GameManagerService for com.google.android.gms: false
11-05 11:12:18.169  6500  6500 V GraphicsEnvironment: Neither updatable production driver nor prerelease driver is supported.
11-05 11:12:18.191  6500  6500 D NetworkSecurityConfig: Using Network Security Config from resource network_security_config debugBuild: false
11-05 11:12:18.200  6500  6500 D NetworkSecurityConfig: Using Network Security Config from resource network_security_config debugBuild: false
11-05 11:12:18.290   587  1803 I DefaultPermGrantPolicy: Revoking permissions from disabled data services for user:0
11-05 11:12:18.309   928   928 D ImsResolver: updateBoundDeviceServices: called
11-05 11:12:18.310   928   928 I ImsResolver: updateBoundServices - carrier package changed: com.google.android.ims -> com.google.android.ims on slot 0, hasConfigChanged=false
11-05 11:12:18.315   928   928 D ImsResolver: scheduleQueryForFeatures: starting dynamic query for ComponentInfo{com.google.android.ims/com.google.android.ims.services.CarrierServicesImsService} in 0ms.
11-05 11:12:18.316   928   928 I ImsResolver: updateBoundServices - carrier package changed: com.google.android.ims -> com.google.android.ims on slot 0, hasConfigChanged=false
11-05 11:12:18.316   928   928 D ImsResolver: scheduleQueryForFeatures: dynamic query for ComponentInfo{com.google.android.ims/com.google.android.ims.services.CarrierServicesImsService} already scheduled
11-05 11:12:18.319   928   928 I ImsResolver: updateBoundServices - carrier package changed: com.google.android.ims -> com.google.android.ims on slot 0, hasConfigChanged=false
11-05 11:12:18.319   928   928 D ImsResolver: scheduleQueryForFeatures: dynamic query for ComponentInfo{com.google.android.ims/com.google.android.ims.services.CarrierServicesImsService} already scheduled
11-05 11:12:18.337   928  1247 W ImsResolver: getResolvedImsServicePackageName: [0, RCS], async query complete, took 681 ms with package name: com.google.android.ims
11-05 11:12:18.443   928   928 D com.android.ons.ONSProfileResultReceiver: Service Started:Intent { act=android.telephony.action.CARRIER_CONFIG_CHANGED cmp=com.android.ons/.OpportunisticNetworkService (has extras) }
11-05 11:12:18.444   928   928 I CallNotifier: onCallForwardingIndicatorChanged(): subId=1, visible=N
11-05 11:12:18.448   928   928 D CallNotifier: updatePhoneStateListeners: update CF notifications.
11-05 11:12:18.461   928   928 I NotificationMgr: updateCfi: subId= 1, visible=N
11-05 11:12:18.475   928   928 I NotificationMgr: updateMwi(): subId 1 update to false
11-05 11:12:18.576   928   928 D TelephonyProvider: match current APN size:  1
11-05 11:12:18.584   928   928 D TelephonyProvider: match MNO APN: 1
11-05 11:12:18.586   928   928 D TelephonyProvider: match carrier id APN: 0
11-05 11:12:18.638   928   928 D TelephonyProvider: subIdString = 1 subId = 1
11-05 11:12:18.644   928   928 D TelephonyProvider: subIdString = 1 subId = 1
11-05 11:12:18.666   928   928 D ImsServiceFeatureQuery: start: intent filter=android.telephony.ims.ImsService, name=ComponentInfo{com.google.android.ims/com.google.android.ims.services.CarrierServicesImsService}
11-05 11:12:18.676   587  1803 D WifiNl80211Manager: Scan result ready event
11-05 11:12:18.676   587  1803 D WifiNative: Scan result ready event
11-05 11:12:18.710   928   928 D ImsResolver: startDynamicQuery: Service queried, waiting for response.
11-05 11:12:18.788   928  1472 D com.android.ons.ONSProfileActivator: ERR_AUTO_PROVISIONING_DISABLED
11-05 11:12:18.802   928   928 D OtaspSimStateReceiver: Received intent: android.telephony.action.CARRIER_CONFIG_CHANGED
11-05 11:12:18.829   928  6523 D OtaspSimStateReceiver: Start to process ACTION_CARRIER_CONFIG_CHANGED.
11-05 11:12:18.834  6500  6500 I DynamiteModule: Considering local module com.google.android.gms.permissions:1 and remote module com.google.android.gms.permissions:1
11-05 11:12:18.836  6500  6500 I DynamiteModule: Selected local version of com.google.android.gms.permissions
11-05 11:12:18.839   928  6523 D OtaspSimStateReceiver: otasp activation not needed: no supported carrier
11-05 11:12:18.875   928   928 I ImsServiceFeatureQuery: onServiceConnected for component: ComponentInfo{com.google.android.ims/com.google.android.ims.services.CarrierServicesImsService}
11-05 11:12:18.908   928   928 D ImsResolver: onComplete called for name: ComponentInfo{com.google.android.ims/com.google.android.ims.services.CarrierServicesImsService} features: [{0,RCS}]
11-05 11:12:18.927  6430  6430 I DialerStatusSmsFetcher: com.android.voicemail.impl.sms.StatusSmsFetcher.onReceive:106 Request SMS successfully sent [CONTEXT enable_persistent_logger=true ]
11-05 11:12:18.929  6500  6500 W ProviderHelper: Unknown dynamite feature providerinstaller.dynamite
11-05 11:12:18.930  6500  6500 I DynamiteModule: Considering local module com.google.android.gms.providerinstaller.dynamite:1 and remote module com.google.android.gms.providerinstaller.dynamite:0
11-05 11:12:18.931  6500  6500 I DynamiteModule: Selected local version of com.google.android.gms.providerinstaller.dynamite
11-05 11:12:18.979   928   928 I VvmSimStateTracker: android.telephony.action.CARRIER_CONFIG_CHANGED
11-05 11:12:19.000   928   928 I VvmSimStateTracker: Service connected on ComponentInfo{com.android.phone/com.android.services.telephony.TelephonyConnectionService}, 1, UserHandle{0}
11-05 11:12:19.028  6500  6500 V NativeCrypto: Registering com/google/android/gms/org/conscrypt/NativeCrypto's 295 native methods...
11-05 11:12:19.040   928   928 I ImsResolver: ImsService connection exists for ComponentInfo{com.google.android.ims/com.google.android.ims.services.CarrierServicesImsService}, updating features [{s=0, f=RCS}]
11-05 11:12:19.067  5942  6024 W Bugle   : RestoreReceiver: Intent { act=android.telephony.action.CARRIER_CONFIG_CHANGED flg=0x15000010 cmp=com.google.android.apps.messaging/.shared.receiver.RestoreReceiver (has extras) }
11-05 11:12:19.071   928   928 I RemoteVvmTaskManager: Binding to ComponentInfo{com.google.android.dialer/com.android.voicemail.impl.DialerVisualVoicemailService}
11-05 11:12:19.075   587  1803 D CompatibilityChangeReporter: Compat change id reported: 161252188; UID 10105; state: ENABLED
11-05 11:12:19.079  5942  5986 I Bugle   : BroadcastReceiverAsyncWorkTracker: Acknowledging broadcast of com.google.android.apps.messaging.shared.receiver.RestoreReceiver@692a085
11-05 11:12:19.109  6500  6500 I ProviderInstaller: Installed default security provider GmsCore_OpenSSL
11-05 11:12:19.142  6409  6409 D CellBroadcastReceiver: onReceive Intent { act=android.telephony.action.CARRIER_CONFIG_CHANGED flg=0x15000010 cmp=com.google.android.cellbroadcastreceiver/com.android.cellbroadcastreceiver.CellBroadcastReceiver (has extras) }
11-05 11:12:19.143  6409  6409 D CBChannelManager: Clear channel range list
11-05 11:12:19.143  6409  6409 D CellBroadcastReceiver: initializeSharedPreference
11-05 11:12:19.143  6409  6409 D CellBroadcastReceiver: subId=1 defaultSubId=1
11-05 11:12:19.154  6409  6409 D CellBroadcastReceiver: ignoring carrier config broadcast for subId=1 because carrier has not changed. carrierId=1
11-05 11:12:19.162  6430  6430 I DialerDialerVisualVoicemailService: com.android.voicemail.impl.DialerVisualVoicemailService.onCellServiceConnected:70 onCellServiceConnected [CONTEXT enable_persistent_logger=true ]
11-05 11:12:19.166  6409  6409 D CellBroadcastReceiver: Skip setting default values of shared preference.
11-05 11:12:19.167  6409  6409 D CellBroadcastReceiver: Default interval 2 did not change.
11-05 11:12:19.172  6409  6409 D CellBroadcastReceiver: disable launcher activity: com.android.cellbroadcastreceiver.CellBroadcastListLauncherActivity
11-05 11:12:19.178  6409  6409 D CellBroadcastReceiver: Start Cell Broadcast configuration for intent=ACTION_ENABLE_CHANNELS
11-05 11:12:19.217  6409  6466 D CellBroadcastReceiver: mockmodem is running? = false
11-05 11:12:19.260  6409  6466 D CellBroadcastConfigService: Enable CellBroadcast on sub 1
11-05 11:12:19.264  6430  6430 I DialerLogcatLoggingBindings: com.android.dialer.logging.logcat.LogcatLoggingBindings.logImpression:41 Impression: VVM_UNBUNDLED_EVENT_RECEIVED
11-05 11:12:19.266  6409  6466 D CellBroadcastConfigService: mAlwaysOn is set to true, enable the range: 4370:4370
11-05 11:12:19.289  6409  6466 D CellBroadcastConfigService: mAlwaysOn is set to true, enable the range: 4383:4383
11-05 11:12:19.331  6430  6430 I DialerLegacyVoicemailNotificationReceiver: com.android.dialer.app.calllog.LegacyVoicemailNotificationReceiver.onReceive:100 received legacy voicemail notification
11-05 11:12:19.332  6430  6452 I DialerLegacyVoicemailNotificationReceiver: com.android.dialer.app.calllog.LegacyVoicemailNotificationReceiver.lambda$handleNotification$0:127 isRefresh: true
11-05 11:12:19.333  6430  6452 I DialerLegacyVoicemailNotificationReceiver: com.android.dialer.app.calllog.LegacyVoicemailNotificationReceiver.lambda$handleNotification$0:148 clearing notification
11-05 11:12:19.336  6430  6430 I DialerBroadcastReceiverStrategyImpl: com.android.dialer.broadcastreceiverstrategy.impl.BroadcastReceiverStrategyImpl.backgroundThenInlineThenForeground:76 try doing work using a background service
11-05 11:12:19.336  6500  6500 D CompatibilityChangeReporter: Compat change id reported: 183155436; UID 10102; state: ENABLED
11-05 11:12:19.337  6500  6500 I GmsApplication: [gms_startup_benchmark] Static start time (ms): 2859916, Startup latency (ms): 1086, Is system user: true
11-05 11:12:19.343  6430  6452 I DialerLegacyVoicemailNotifier: com.android.dialer.app.calllog.LegacyVoicemailNotifier.cancelNotification:212 enter
11-05 11:12:19.360  6500  6529 I Watchcat: Started
11-05 11:12:19.361  6500  6500 I btgd    : Primes not initialized, returning default (no-op) Primes instance which will ignore all calls. Please call Primes.initialize(...) before using any Primes API.
11-05 11:12:19.368  6500  6530 I GMS_MM_Logger: Started.
11-05 11:12:19.403  6430  6430 I DialerTaskReceiver: com.android.voicemail.impl.scheduling.TaskReceiver.onReceive:68 task received [CONTEXT enable_persistent_logger=true ]
11-05 11:12:19.412  6430  6430 I DialerTaskReceiver: com.android.voicemail.impl.scheduling.TaskReceiver.onReceive:73 TaskExecutor already running [CONTEXT enable_persistent_logger=true ]
11-05 11:12:19.422  6430  6430 I DialerTasks: com.android.voicemail.impl.scheduling.Tasks.createTask:59 Task.createTask create task:com.android.voicemail.impl.ActivationTask [CONTEXT enable_persistent_logger=true ]
11-05 11:12:19.442  6430  6430 I DialerTaskQueue: com.android.voicemail.impl.scheduling.TaskQueue.add:85 TaskQueue.add duplicated task added [CONTEXT enable_persistent_logger=true ]
11-05 11:12:19.448  6430  6430 I DialerTaskExecutor: com.android.voicemail.impl.scheduling.TaskExecutor.addTask:299 com.android.voicemail.impl.ActivationTask@d6bcc9b added [CONTEXT enable_persistent_logger=true ]
11-05 11:12:19.503  6430  6430 I DialerMwiReceiver: com.android.dialer.voicemail.service.receivers.MwiReceiver.onReceive:71 Received ACTION_SHOW_VOICEMAIL_NOTIFICATION
11-05 11:12:19.505  6430  6430 I DialerBroadcastReceiverStrategyImpl: com.android.dialer.broadcastreceiverstrategy.impl.BroadcastReceiverStrategyImpl.backgroundThenInlineThenForeground:76 try doing work using a background service
11-05 11:12:19.523   587  1738 W BroadcastQueue: Background execution not allowed: receiving Intent { act=android.intent.action.DROPBOX_ENTRY_ADDED flg=0x10 (has extras) } to com.google.android.gms/.stats.service.DropBoxEntryAddedReceiver
11-05 11:12:19.551   587   616 W BroadcastQueue: Background execution not allowed: receiving Intent { act=android.intent.action.DROPBOX_ENTRY_ADDED flg=0x10 (has extras) } to com.google.android.gms/.chimera.GmsIntentOperationService$PersistentTrustedReceiver
11-05 11:12:19.688   369  6537 I resolv  : GetAddrInfoHandler::run: {104 983144 104 983144 1073 1}
11-05 11:12:19.690   369  6538 I resolv  : res_nmkquery: (QUERY, IN, AAAA)
11-05 11:12:19.694   369  6539 I resolv  : res_nmkquery: (QUERY, IN, A)
11-05 11:12:19.706   369  6538 I resolv  : resolv_cache_lookup: Waiting for previous request
11-05 11:12:19.712   369  6539 I resolv  : resolv_cache_lookup: Waiting for previous request
11-05 11:12:19.883  6409  6466 D CellBroadcastReceiver: mockmodem is running? = false
11-05 11:12:20.220  6500  6517 D nativeloader: Configuring classloader-namespace for other apk . target_sdk_version=33, uses_libraries=ALL, library_path=, permitted_path=/data:/mnt/expand
11-05 11:12:20.264  6430  6444 V ClearcutMetricXmitter: Transmission is done.
11-05 11:12:20.275  6430  6444 V ClearcutMetricXmitter: Transmission is done.
11-05 11:12:20.279  6430  6444 V ClearcutMetricXmitter: Transmission is done.
11-05 11:12:20.291  6430  6444 V ClearcutMetricXmitter: Transmission is done.
11-05 11:12:20.447  6500  6517 W libc    : Access denied finding property "persist.adb.tls_server.enable"
11-05 11:12:20.444  6500  6500 W binder:6500_4: type=1400 audit(0.0:49): avc: denied { read } for name="u:object_r:system_adbd_prop:s0" dev="tmpfs" ino=265 scontext=u:r:gmscore_app:s0:c512,c768 tcontext=u:object_r:system_adbd_prop:s0 tclass=file permissive=0 app=com.google.android.gms
11-05 11:12:20.573   369  6543 I resolv  : GetAddrInfoHandler::run: {100 786532 100 983140 10102 0}
11-05 11:12:20.576  6500  6517 D TrafficStats: tagSocket(85) with statsTag=0x1809, statsUid=-1
11-05 11:12:20.665  1394  6405 I Checkin : [CheckinOperation] Starting Checkin: Default Task Reason : 8 Force : false UserId : 0 Start time : 2862341
11-05 11:12:20.691  1394  6405 I CheckinUtil: Classify the device as Phone. [CONTEXT service_id=130 ]
11-05 11:12:20.704   587  1736 D CompatibilityChangeReporter: Compat change id reported: 135634846; UID 10102; state: DISABLED
11-05 11:12:20.716   587   617 D CompatibilityChangeReporter: Compat change id reported: 143937733; UID 10102; state: ENABLED
11-05 11:12:20.737   370   370 D Zygote  : Forked child process 6544
11-05 11:12:20.740   587   617 I ActivityManager: Start proc 6544:com.google.process.gapps/u0a102 for content provider {com.google.android.gsf/com.google.android.gsf.settings.GoogleSettingsProvider}
11-05 11:12:20.760  6544  6544 W e.process.gapps: Unexpected CPU variant for x86: x86_64.
11-05 11:12:20.760  6544  6544 W e.process.gapps: Known variants: atom, sandybridge, silvermont, kabylake, default
11-05 11:12:20.787   460   522 I adbd    : jdwp connection from 6544
11-05 11:12:20.811   587  1736 D CompatibilityChangeReporter: Compat change id reported: 168419799; UID 10102; state: DISABLED
11-05 11:12:20.839  6544  6544 D CompatibilityChangeReporter: Compat change id reported: 171979766; UID 10102; state: ENABLED
11-05 11:12:20.862  6544  6544 D nativeloader: Configuring classloader-namespace-shared for other apk /system/framework/org.apache.http.legacy.jar. target_sdk_version=10000, uses_libraries=ALL, library_path=/system_ext/priv-app/GoogleServicesFramework/lib/x86_64:/system_ext/priv-app/GoogleServicesFramework/GoogleServicesFramework.apk!/lib/x86_64:/system/lib64:/system_ext/lib64, permitted_path=/data:/mnt/expand:/data/user/0/com.google.android.gsf:/system_ext/priv-app/GoogleServicesFramework:/system/lib64:/system_ext/lib64
11-05 11:12:20.880  6544  6544 D nativeloader: Configuring classloader-namespace-shared for other apk /system_ext/priv-app/GoogleServicesFramework/GoogleServicesFramework.apk. target_sdk_version=10000, uses_libraries=, library_path=/system_ext/priv-app/GoogleServicesFramework/lib/x86_64:/system_ext/priv-app/GoogleServicesFramework/GoogleServicesFramework.apk!/lib/x86_64:/system/lib64:/system_ext/lib64, permitted_path=/data:/mnt/expand:/data/user/0/com.google.android.gsf:/system_ext/priv-app/GoogleServicesFramework:/system/lib64:/system_ext/lib64
11-05 11:12:20.941  6544  6544 V GraphicsEnvironment: ANGLE Developer option for 'com.google.android.gsf' set to: 'default'
11-05 11:12:20.942  6544  6544 V GraphicsEnvironment: ANGLE GameManagerService for com.google.android.gsf: false
11-05 11:12:20.942  6544  6544 V GraphicsEnvironment: Neither updatable production driver nor prerelease driver is supported.
11-05 11:12:20.955  6544  6544 D NetworkSecurityConfig: No Network Security Config specified, using platform default
11-05 11:12:20.959  6544  6544 D NetworkSecurityConfig: No Network Security Config specified, using platform default
11-05 11:12:21.103  6544  6544 I GoogleHttpClient: GMS http client unavailable, use old client
11-05 11:12:21.192   587  2038 D CompatibilityChangeReporter: Compat change id reported: 201794303; UID 10102; state: ENABLED
11-05 11:12:21.318  1394  6405 I Checkin : [AndroidCheckinProtoModule] Checkin reason type: 8 attempt count: 1.
11-05 11:12:21.358  1394  6405 D TelephonyManager: getMeid: return null because MEID is not available
11-05 11:12:21.560   369  6564 I resolv  : GetAddrInfoHandler::run: {100 786532 100 983140 10102 0}
11-05 11:12:21.562   369  6566 I resolv  : res_nmkquery: (QUERY, IN, A)
11-05 11:12:21.562   369  6565 I resolv  : res_nmkquery: (QUERY, IN, AAAA)
11-05 11:12:21.567   369  6566 I resolv  : res_stats_usable_server: too many resolution errors, ignoring server
11-05 11:12:21.567   369  6565 I resolv  : res_stats_usable_server: too many resolution errors, ignoring server
11-05 11:12:21.567   369  6566 I resolv  : res_stats_usable_server: too many resolution errors, ignoring server
11-05 11:12:21.567   369  6565 I resolv  : res_stats_usable_server: too many resolution errors, ignoring server
11-05 11:12:21.785   369  6479 I resolv  : res_nsend: used send_dg 0 terrno: 110
11-05 11:12:21.791   369  6481 I resolv  : res_nsend: used send_dg 0 terrno: 110
11-05 11:12:21.794   369  6478 I resolv  : res_nsend: used send_dg 0 terrno: 110
11-05 11:12:21.794   369  6480 I resolv  : res_nsend: used send_dg 0 terrno: 110
11-05 11:12:23.879   768  1010 D EGL_emulation: app_time_stats: avg=7057.73ms min=7057.73ms max=7057.73ms count=1
11-05 11:12:24.968   587   702 D WifiConfigStore: Writing to stores completed in 29 ms.
11-05 11:12:25.016  4377  4480 I LockboxService: Completed task: true [CONTEXT service_id=26 ]
11-05 11:12:26.573   369  6565 I resolv  : res_nsend: used send_dg 0 terrno: 110
11-05 11:12:26.573   369  6566 I resolv  : res_nsend: used send_dg 0 terrno: 110
11-05 11:12:26.793   369  6479 I resolv  : res_nsend: used send_dg 0 terrno: 110
11-05 11:12:26.794   841   841 W DnsResolver: resNetworkResult:android.system.ErrnoException: resNetworkResult failed: ETIMEDOUT (Connection timed out)
11-05 11:12:26.798   369  6481 I resolv  : res_nsend: used send_dg 0 terrno: 110
11-05 11:12:26.798   369  6478 I resolv  : res_nsend: used send_dg 0 terrno: 110
11-05 11:12:26.799   841   841 W DnsResolver: resNetworkResult:android.system.ErrnoException: resNetworkResult failed: ETIMEDOUT (Connection timed out)
11-05 11:12:26.799   841   841 W DnsResolver: resNetworkResult:android.system.ErrnoException: resNetworkResult failed: ETIMEDOUT (Connection timed out)
11-05 11:12:26.800   841  6476 D NetworkMonitor/104: PROBE_DNS connectivitycheck.gstatic.com 10115ms FAIL in type ADDRCONFIG android.net.DnsResolver$DnsException: android.system.ErrnoException: resNetworkResult failed: ETIMEDOUT (Connection timed out)
11-05 11:12:26.802   369  6480 I resolv  : res_nsend: used send_dg 0 terrno: 110
11-05 11:12:26.804   841   841 W DnsResolver: resNetworkResult:android.system.ErrnoException: resNetworkResult failed: ETIMEDOUT (Connection timed out)
11-05 11:12:26.805   841  6475 D NetworkMonitor/104: PROBE_DNS www.google.com 10117ms FAIL in type ADDRCONFIG android.net.DnsResolver$DnsException: android.system.ErrnoException: resNetworkResult failed: ETIMEDOUT (Connection timed out)
11-05 11:12:26.805   369  6569 I resolv  : GetAddrInfoHandler::run: {104 983144 104 983144 1073 1}
11-05 11:12:26.808   369  6570 I resolv  : GetAddrInfoHandler::run: {104 983144 104 983144 1073 1}
11-05 11:12:26.809   369  6571 I resolv  : res_nmkquery: (QUERY, IN, AAAA)
11-05 11:12:26.810   369  6572 I resolv  : res_nmkquery: (QUERY, IN, A)
11-05 11:12:26.813   369  6573 I resolv  : res_nmkquery: (QUERY, IN, AAAA)
11-05 11:12:26.816   369  6574 I resolv  : res_nmkquery: (QUERY, IN, A)
11-05 11:12:31.581   369  6565 I resolv  : res_nsend: used send_dg 0 terrno: 110
11-05 11:12:31.581   369  6566 I resolv  : res_nsend: used send_dg 0 terrno: 110
11-05 11:12:31.806   369  6538 I resolv  : res_nsend: used send_dg 0 terrno: 110
11-05 11:12:31.814   369  6539 I resolv  : res_nsend: used send_dg 0 terrno: 110
11-05 11:12:31.814   369  6571 I resolv  : res_nsend: used send_dg 0 terrno: 110
11-05 11:12:31.822   369  6572 I resolv  : res_nsend: used send_dg 0 terrno: 110
11-05 11:12:31.822   369  6573 I resolv  : res_nsend: used send_dg 0 terrno: 110
11-05 11:12:31.827   369  6574 I resolv  : res_nsend: used send_dg 0 terrno: 110
11-05 11:12:36.588   369  6565 I resolv  : res_nsend: used send_dg 0 terrno: 110
11-05 11:12:36.588   369  6566 I resolv  : res_nsend: used send_dg 0 terrno: 110
11-05 11:12:36.812   369  6538 I resolv  : res_nsend: used send_dg 0 terrno: 110
11-05 11:12:36.813   369  6538 I resolv  : doQuery: rcode=255, ancount=0, return value=-110
11-05 11:12:36.820   369  6539 I resolv  : res_nsend: used send_dg 0 terrno: 110
11-05 11:12:36.821   369  6539 I resolv  : doQuery: rcode=255, ancount=0, return value=-110
11-05 11:12:36.822   841  6474 D NetworkMonitor/104: PROBE_FALLBACK http://www.google.com/gen_204 Probe failed with exception java.net.UnknownHostException: Unable to resolve host "www.google.com": No address associated with hostname
11-05 11:12:36.822   369  6571 I resolv  : res_nsend: used send_dg 0 terrno: 110
11-05 11:12:36.822   369  6571 I resolv  : doQuery: rcode=255, ancount=0, return value=-110
11-05 11:12:36.826   369  6572 I resolv  : res_nsend: used send_dg 0 terrno: 110
11-05 11:12:36.826   369  6573 I resolv  : res_nsend: used send_dg 0 t